******************************************************************************
               TMS320C6x Linker Unix v7.4.0                    
******************************************************************************
>> Linked Mon Nov 19 18:20:30 2012

OUTPUT FILE NAME:   <../bin/srioboot_ddrinit_evm6657l.out>
ENTRY POINT SYMBOL: "_c_int00"  address: 1080c9c0


MEMORY CONFIGURATION

         name            origin    length      used     unused   attr    fill
----------------------  --------  ---------  --------  --------  ----  --------
  L2_LOCAL              10800000   00100000  000107e4  000ef81c  RW X


SEGMENT ALLOCATION MAP

run origin  load origin   length   init length attrs members
----------  ----------- ---------- ----------- ----- -------
10800000    10800000    0000d120   0000d120    r-x
  10800000    10800000    0000d120   0000d120    r-x .text
1080d120    1080d120    00002000   00000000    rw-
  1080d120    1080d120    00001000   00000000    rw- .stack
  1080e120    1080e120    00001000   00000000    rw- .sysmem
1080f120    1080f120    000010bc   000010bc    rw-
  1080f120    1080f120    00000da0   00000da0    rw- platform_lib
  1080fec0    1080fec0    0000031c   0000031c    rw- .fardata
108101e0    108101e0    000001ec   000001ec    r--
  108101e0    108101e0    000001ec   000001ec    r-- .const
108103d0    108103d0    000002b0   00000000    rw-
  108103d0    108103d0    00000190   00000000    rw- .far
  10810560    10810560    00000120   00000000    rw- .cio
10810680    10810680    0000000c   00000008    rw-
  10810680    10810680    00000008   00000008    rw- .neardata
  10810688    10810688    00000004   00000000    rw- .bss
1081068c    1081068c    00000160   00000160    r--
  1081068c    1081068c    00000160   00000160    r-- .cinit


SECTION ALLOCATION MAP

 output                                  attributes/
section   page    origin      length       input sections
--------  ----  ----------  ----------   ----------------
.text      0    10800000    0000d120     
                  10800000    00001ea0     ti.platform.evm6657l.ae66 : platform.obj (.text)
                  10801ea0    00001900                               : evmc6657.obj (.text)
                  108037a0    000010c0                               : evmc665x_nand.obj (.text)
                  10804860    00000d80                               : evmc665x_i2c_eeprom.obj (.text)
                  108055e0    000006c0                               : evmc665x_uart.obj (.text)
                  10805ca0    000005c0     rts6600_elf.lib : divd.obj (.text:__c6xabi_divd)
                  10806260    000005c0                     : _printfi.obj (.text:_getarg_diouxp)
                  10806820    000005c0     ti.platform.evm6657l.ae66 : evmc665x_spi.obj (.text)
                  10806de0    00000520                               : evmc665x_nor.obj (.text)
                  10807300    000004c0                               : evmc665x_fpga.obj (.text)
                  108077c0    00000460     rts6600_elf.lib : _printfi.obj (.text:_printfi)
                  10807c20    00000460                     : _printfi.obj (.text:_setfield)
                  10808080    000003a0                     : fputs.obj (.text:fputs)
                  10808420    00000320                     : _printfi.obj (.text:_pproc_fge)
                  10808740    000002e0                     : _printfi.obj (.text:_pproc_fwp)
                  10808a20    000002a0                     : _printfi.obj (.text:fcvt)
                  10808cc0    00000280                     : _printfi.obj (.text:ecvt)
                  10808f40    00000280                     : memory.obj (.text:free)
                  108091c0    00000240                     : imath64.obj (.text:__c6xabi_divull)
                  10809400    00000240                     : _printfi.obj (.text:_pconv_e)
                  10809640    00000240                     : _printfi.obj (.text:_pproc_diouxp)
                  10809880    00000220                     : _printfi.obj (.text:_pproc_str)
                  10809aa0    00000220                     : fputc.obj (.text:fputc)
                  10809cc0    00000200                     : _printfi.obj (.text:_pconv_g)
                  10809ec0    00000200                     : setvbuf.obj (.text:setvbuf)
                  1080a0c0    000001c0                     : _printfi.obj (.text:_mcpy)
                  1080a280    000001a0                     : trgdrv.obj (.text:HOSTrename)
                  1080a420    000001a0                     : imath40.obj (.text:__c6xabi_divul)
                  1080a5c0    00000180                     : copy_decompress_rle.obj (.text:__TI_decompress_rle_core)
                  1080a740    00000180                     : memory.obj (.text:malloc)
                  1080a8c0    00000160     ti.platform.evm6657l.ae66 : evmc665x_phy.obj (.text)
                  1080aa20    00000140     rts6600_elf.lib : _printfi.obj (.text:_pproc_fflags)
                  1080ab60    00000140                     : lowlev.obj (.text:getdevice)
                  1080aca0    00000120                     : fclose.obj (.text:_closefile)
                  1080adc0    00000120                     : _printfi.obj (.text:_ltostr)
                  1080aee0    00000120                     : fseek.obj (.text:fseek)
                  1080b000    00000100                     : trgdrv.obj (.text:HOSTlseek)
                  1080b100    00000100                     : autoinit.obj (.text:_auto_init_elf)
                  1080b200    00000100                     : _io_perm.obj (.text:_wrt_ok)
                  1080b300    00000100                     : cpy_tbl.obj (.text:copy_in)
                  1080b400    000000e0                     : trgdrv.obj (.text:HOSTopen)
                  1080b4e0    000000e0                     : _printfi.obj (.text:_div)
                  1080b5c0    000000e0                     : atoi.obj (.text:atoi)
                  1080b6a0    000000e0                     : lowlev.obj (.text:close)
                  1080b780    000000e0                     : copy_zero_init.obj (.text:decompress:ZI:__TI_zero_init)
                  1080b860    000000e0                     : ltoa.obj (.text:ltoa)
                  1080b940    000000e0                     : memset.obj (.text:memset)
                  1080ba20    000000e0                     : printf.obj (.text:printf)
                  1080bb00    000000e0     srioboot_ddrinit.obj (.text)
                  1080bbe0    000000c0     rts6600_elf.lib : trgdrv.obj (.text:HOSTread)
                  1080bca0    000000c0                     : trgdrv.obj (.text:HOSTunlink)
                  1080bd60    000000c0                     : trgdrv.obj (.text:HOSTwrite)
                  1080be20    000000c0                     : divu.obj (.text:__divu)
                  1080bee0    000000c0                     : fflush.obj (.text:_doflush)
                  1080bfa0    000000c0                     : exit.obj (.text:exit)
                  1080c060    000000c0                     : tls.obj (.text:tls:init:__TI_tls_init)
                  1080c120    000000a0                     : trgdrv.obj (.text:HOSTclose)
                  1080c1c0    000000a0                     : remu.obj (.text:__remu)
                  1080c260    000000a0                     : fopen.obj (.text:_cleanup)
                  1080c300    000000a0                     : _printfi.obj (.text:_ecpy)
                  1080c3a0    000000a0                     : _printfi.obj (.text:_fcpy)
                  1080c440    000000a0                     : memory.obj (.text:_minit)
                  1080c4e0    000000a0                     : _printfi.obj (.text:_pconv_f)
                  1080c580    000000a0                     : lowlev.obj (.text:finddevice)
                  1080c620    000000a0                     : lowlev.obj (.text:lseek)
                  1080c6c0    000000a0                     : memcpy64.obj (.text:memcpy)
                  1080c760    000000a0                     : memory.obj (.text:minsert)
                  1080c800    000000a0                     : memory.obj (.text:mremove)
                  1080c8a0    000000a0                     : lowlev.obj (.text:write)
                  1080c940    00000080                     : llshift.obj (.text:__c6xabi_llshl)
                  1080c9c0    00000080                     : boot.obj (.text:_c_int00)
                  1080ca40    00000080                     : trgmsg.obj (.text:readmsg)
                  1080cac0    00000080                     : strncpy.obj (.text:strncpy)
                  1080cb40    00000080     ti.platform.evm6657l.ae66 : evm665x_i2c.obj (.text)
                  1080cbc0    00000080     rts6600_elf.lib : lowlev.obj (.text:unlink)
                  1080cc40    00000060                     : cpp_init.obj (.text:__TI_cpp_init)
                  1080cca0    00000060                     : frcmpyd_div.obj (.text:__c6xabi_frcmpyd_div)
                  1080cd00    00000060                     : llshift.obj (.text:__c6xabi_llshru)
                  1080cd60    00000060                     : imath64.obj (.text:_subcull)
                  1080cdc0    00000060                     : memccpy.obj (.text:memccpy)
                  1080ce20    00000060                     : vsprintf.obj (.text:vsprintf)
                  1080ce80    00000060                     : trgmsg.obj (.text:writemsg)
                  1080cee0    00000040                     : isinf.obj (.text:__c6xabi_isinf)
                  1080cf20    00000040                     : _printfi.obj (.text:__c6xabi_isnan)
                  1080cf60    00000040                     : args_main.obj (.text:_args_main)
                  1080cfa0    00000040                     : vsprintf.obj (.text:_outs)
                  1080cfe0    00000040                     : strlen.obj (.text:strlen)
                  1080d020    00000020                     : negll.obj (.text:__c6xabi_negll)
                  1080d040    00000020                     : _lock.obj (.text:_nop)
                  1080d060    00000020                     : printf.obj (.text:_outc)
                  1080d080    00000020                     : vsprintf.obj (.text:_outc)
                  1080d0a0    00000020                     : printf.obj (.text:_outs)
                  1080d0c0    00000020                     : exit.obj (.text:abort)
                  1080d0e0    00000020                     : copy_decompress_none.obj (.text:decompress:none:__TI_decompress_none)
                  1080d100    00000020                     : copy_decompress_rle.obj (.text:decompress:rle24:__TI_decompress_rle24)

.stack     0    1080d120    00001000     UNINITIALIZED
                  1080d120    00000008     rts6600_elf.lib : boot.obj (.stack)
                  1080d128    00000ff8     --HOLE--

.sysmem    0    1080e120    00001000     UNINITIALIZED
                  1080e120    00000008     rts6600_elf.lib : memory.obj (.sysmem)
                  1080e128    00000ff8     --HOLE--

platform_lib 
*          0    1080f120    00000da0     
                  1080f120    00000840     ti.platform.evm6657l.ae66 : evmc665x_nand.obj (platform_lib) [fill = 0]
                  1080f960    00000458                               : platform.obj (platform_lib:uninit) [fill = 0]
                  1080fdb8    00000108                               : platform.obj (platform_lib:init)

.fardata   0    1080fec0    0000031c     
                  1080fec0    000001e0     rts6600_elf.lib : defs.obj (.fardata:_ftable)
                  108100a0    000000a0                     : lowlev.obj (.fardata:_stream)
                  10810140    00000078                     : lowlev.obj (.fardata:_device)
                  108101b8    0000000c                     : exit.obj (.fardata)
                  108101c4    0000000c                     : memory.obj (.fardata)
                  108101d0    00000008                     : _lock.obj (.fardata)
                  108101d8    00000004                     : defs.obj (.fardata)

.const     0    108101e0    000001ec     
                  108101e0    00000101     rts6600_elf.lib : ctype.obj (.const:.string:_ctypes_)
                  108102e1    00000003     --HOLE-- [fill = 0]
                  108102e4    00000058     ti.platform.evm6657l.ae66 : platform.obj (.const:.string)
                  1081033c    00000004     --HOLE-- [fill = 0]
                  10810340    00000028                               : evmc665x_nand.obj (.const:.string:$P$T0$1)
                  10810368    00000028                               : evmc665x_nand.obj (.const:.string:$P$T1$2)
                  10810390    00000023     rts6600_elf.lib : _printfi.obj (.const:.string)
                  108103b3    00000001     --HOLE-- [fill = 0]
                  108103b4    00000018     srioboot_ddrinit.obj (.const:.string)

.far       0    108103d0    00000190     UNINITIALIZED
                  108103d0    00000140     rts6600_elf.lib : defs.obj (.far)
                  10810510    00000044     ti.platform.evm6657l.ae66 : evmc665x_i2c_eeprom.obj (.far)
                  10810554    00000004     --HOLE--
                  10810558    00000008     rts6600_elf.lib : trgdrv.obj (.far)

.cio       0    10810560    00000120     UNINITIALIZED
                  10810560    00000120     rts6600_elf.lib : trgmsg.obj (.cio)

.neardata 
*          0    10810680    00000008     
                  10810680    00000008     ti.platform.evm6657l.ae66 : platform.obj (.neardata)

.rodata    0    10810688    00000000     UNINITIALIZED

.bss       0    10810688    00000004     UNINITIALIZED
                  10810688    00000004     ti.platform.evm6657l.ae66 : evmc665x_spi.obj (.bss)

.cinit     0    1081068c    00000160     
                  1081068c    0000009b     (.cinit.platform_lib.load) [load image, compression = rle]
                  10810727    00000001     --HOLE-- [fill = 0]
                  10810728    00000072     (.cinit..fardata.load) [load image, compression = rle]
                  1081079a    00000002     --HOLE-- [fill = 0]
                  1081079c    0000000c     (__TI_handler_table)
                  108107a8    00000009     (.cinit..neardata.load) [load image, compression = rle]
                  108107b1    00000003     --HOLE-- [fill = 0]
                  108107b4    00000008     (.cinit..bss.load) [load image, compression = zero_init]
                  108107bc    00000008     (.cinit..far.load) [load image, compression = zero_init]
                  108107c4    00000028     (__TI_cinit_table)


LINKER GENERATED COPY TABLES

__TI_cinit_table @ 108107c4 records: 5, size/record: 8, table size: 40
	platform_lib: load addr=1081068c, load size=0000009b bytes, run addr=1080f120, run size=00000da0 bytes, compression=rle
	.fardata: load addr=10810728, load size=00000072 bytes, run addr=1080fec0, run size=0000031c bytes, compression=rle
	.neardata: load addr=108107a8, load size=00000009 bytes, run addr=10810680, run size=00000008 bytes, compression=rle
	.bss: load addr=108107b4, load size=00000008 bytes, run addr=10810688, run size=00000004 bytes, compression=zero_init
	.far: load addr=108107bc, load size=00000008 bytes, run addr=108103d0, run size=00000190 bytes, compression=zero_init


LINKER GENERATED HANDLER TABLE

__TI_handler_table @ 1081079c records: 3, size/record: 4, table size: 12
	index: 0, handler: __TI_decompress_rle24
	index: 1, handler: __TI_decompress_none
	index: 2, handler: __TI_zero_init


GLOBAL SYMBOLS: SORTED ALPHABETICALLY BY Name 

address    name
--------   ----
1080d0c0   C$$EXIT
1080ced8   C$$IO$$
10801e30   Convert_CoreLocal2GlobalAddr
108030d4   CorePllcGetHwSetup
10802e88   CorePllcHwSetup
108033a0   DDR3Init
1080c120   HOSTclose
1080b000   HOSTlseek
1080b400   HOSTopen
1080bbe0   HOSTread
1080a280   HOSTrename
1080bca0   HOSTunlink
1080bd60   HOSTwrite
10804738   NandGetDetails
10803db0   NandReadSpareArea
10804170   NandWriteDataBytes
10804460   NandWriteSpareArea
1080bb14   Osal_platformFree
1080bb00   Osal_platformMalloc
1080bb34   Osal_platformSpiCsEnter
1080bb38   Osal_platformSpiCsExit
108031c0   PowerUpDomains
108031f0   SetDDR3PllConfig
108055e0   UartInit
10805c18   UartIsDataReady
10805c54   UartIsDataReady_B
10805a20   UartReadBaudRate
10805a90   UartReadBaudRate_B
10805b08   UartReadData
10805b34   UartReadData_B
10805938   UartSetBaudRate
108059b0   UartSetBaudRate_B
10805b64   UartWriteData
10805bc0   UartWriteData_B
10810560   __CIOBUF_
108107c4   __TI_CINIT_Base
108107ec   __TI_CINIT_Limit
1081079c   __TI_Handler_Table_Base
108107a8   __TI_Handler_Table_Limit
UNDEFED    __TI_INITARRAY_Base
UNDEFED    __TI_INITARRAY_Limit
1080e120   __TI_STACK_END
00001000   __TI_STACK_SIZE
10810680   __TI_STATIC_BASE
00001000   __TI_SYSMEM_SIZE
UNDEFED    __TI_TLS_INIT_Base
UNDEFED    __TI_TLS_INIT_Limit
00000001   __TI_args_main
1080cc40   __TI_cpp_init
1080d0e0   __TI_decompress_none
1080d100   __TI_decompress_rle24
108101c0   __TI_enable_exit_profile_output
ffffffff   __TI_pprof_out_hndl
ffffffff   __TI_prof_data_size
ffffffff   __TI_prof_data_start
1080c060   __TI_tls_init
1080b780   __TI_zero_init
ffffffff   __binit__
10805ca0   __c6xabi_divd
1080be20   __c6xabi_divu
1080a420   __c6xabi_divul
108091c0   __c6xabi_divull
1080cca0   __c6xabi_frcmpyd_div
1080cee0   __c6xabi_isinf
1080c940   __c6xabi_llshl
1080cd00   __c6xabi_llshru
1080d020   __c6xabi_negll
1080c1c0   __c6xabi_remu
ffffffff   __c_args__
1080be20   __divu
1080c1c0   __remu
1080cf60   _args_main
1080b100   _auto_init_elf
1080c9c0   _c_int00
1080c260   _cleanup
108101b8   _cleanup_ptr
1080aca0   _closefile
108101e0   _ctypes_
1080bee0   _doflush
108101bc   _dtors_ptr
108101d8   _ft_end
1080fec0   _ftable
108101d0   _lock
1080c440   _minit
1080d040   _nop
108077c0   _printfi
1080d120   _stack
1080cd60   _subcull
1080e120   _sys_memory
108103d0   _tmpnams
108101d4   _unlock
1080b200   _wrt_ok
1080d0c0   abort
1080b5c0   atoi
ffffffff   binit
1080b6a0   close
1080a994   configSerdes
1080b300   copy_in
1080feb8   emac_port_mode
1080cb40   evmI2CInit
1080bfa0   exit
10807398   fpgaControlUserLEDs
1080756c   fpgaDisableEepromWriteProtect
10807458   fpgaDisableNandWriteProtect
108074e4   fpgaDisableNorWriteProtect
108075b0   fpgaEnableEepromWriteProtect
108074a0   fpgaEnableNandWriteProtect
10807528   fpgaEnableNorWriteProtect
10807640   fpgaGetAMCDetect
108075f4   fpgaGetUserSwitch
10807730   fpgaReadConfigurationRegister
10807684   fpgaWriteConfigurationRegister
10809aa0   fputc
10808080   fputs
10808f40   free
1080aee0   fseek
1080fe44   gDeviceEeprom0
1080fe7c   gDeviceEeprom1
1080fdd4   gDeviceNand
1080f9b8   gDeviceNandBBlist
1080fe0c   gDeviceNor
10810510   gI2cBlock
10807300   getBoardVersion
1080734c   getFpgaDevID
10805280   i2cEepromMacRead
10804fe8   i2cEepromMacWrite
10804b6c   i2cEepromRead
10804d70   i2cEepromWrite
108048a4   i2cEepromWriteBlock
10804e90   i2cEepromWriteByteAddr
1080c620   lseek
1080b860   ltoa
1080bb70   main
1080a740   malloc
1080cdc0   memccpy
1080c6c0   memcpy
1080b940   memset
10804578   nandFlashBlockErase
10804840   nandInit
108071d4   nor_erase
10806e60   nor_get_details
10806eec   nor_init
10806f70   nor_read
10807000   nor_write
10801748   platform_blocknpage_to_offset
10800ca0   platform_delay
10800d00   platform_delaycycles
108011d0   platform_device_close
10801d6c   platform_device_erase_block
1080130c   platform_device_mark_block_bad
1080104c   platform_device_open
108014c0   platform_device_read
1080126c   platform_device_read_spare_data
10801840   platform_device_write
10801420   platform_device_write_spare_data
10810680   platform_errno
10800d40   platform_external_memory_test
10800c34   platform_fpgaReadConfigReg
10800c10   platform_fpgaWriteConfigReg
108009c4   platform_get_coreid
108009d0   platform_get_emac_info
10800af4   platform_get_emac_start_evt_id
108004a8   platform_get_info
10800a64   platform_get_macaddr
10800af8   platform_get_phy_addr
10800b18   platform_get_switch_state
108007b4   platform_init
10810684   platform_init_return_code
10800dc0   platform_internal_memory_test
10800c54   platform_led
10801620   platform_offset_to_blocknpage
10800b28   platform_phy_link_status
10800bf4   platform_uart_init
10800b38   platform_uart_read
10800bc0   platform_uart_set_baudrate
10800ba4   platform_uart_write
10800f28   platform_write
10800ef0   platform_write_configure
1080ba20   printf
10802d24   prog_pll1_values
10803ea8   readNandPage
1080ca40   readmsg
1080cbc0   remove
10800390   serial_num_isvalid
10809ec0   setvbuf
10806850   spi_claim
10806b48   spi_cmd
10806bc0   spi_cmd_read
10806c20   spi_cmd_write
10806c80   spi_read_word
108069f8   spi_release
10806d2c   spi_write_word
10806a10   spi_xfer
1080bb40   start_boot
1080cfe0   strlen
1080cac0   strncpy
1080cbc0   unlink
1080ce20   vsprintf
1080c8a0   write
108041d4   writeNandPage
1080ce80   writemsg
10803354   xmc_setup


GLOBAL SYMBOLS: SORTED BY Symbol Address 

address    name
--------   ----
00000001   __TI_args_main
00001000   __TI_STACK_SIZE
00001000   __TI_SYSMEM_SIZE
10800390   serial_num_isvalid
108004a8   platform_get_info
108007b4   platform_init
108009c4   platform_get_coreid
108009d0   platform_get_emac_info
10800a64   platform_get_macaddr
10800af4   platform_get_emac_start_evt_id
10800af8   platform_get_phy_addr
10800b18   platform_get_switch_state
10800b28   platform_phy_link_status
10800b38   platform_uart_read
10800ba4   platform_uart_write
10800bc0   platform_uart_set_baudrate
10800bf4   platform_uart_init
10800c10   platform_fpgaWriteConfigReg
10800c34   platform_fpgaReadConfigReg
10800c54   platform_led
10800ca0   platform_delay
10800d00   platform_delaycycles
10800d40   platform_external_memory_test
10800dc0   platform_internal_memory_test
10800ef0   platform_write_configure
10800f28   platform_write
1080104c   platform_device_open
108011d0   platform_device_close
1080126c   platform_device_read_spare_data
1080130c   platform_device_mark_block_bad
10801420   platform_device_write_spare_data
108014c0   platform_device_read
10801620   platform_offset_to_blocknpage
10801748   platform_blocknpage_to_offset
10801840   platform_device_write
10801d6c   platform_device_erase_block
10801e30   Convert_CoreLocal2GlobalAddr
10802d24   prog_pll1_values
10802e88   CorePllcHwSetup
108030d4   CorePllcGetHwSetup
108031c0   PowerUpDomains
108031f0   SetDDR3PllConfig
10803354   xmc_setup
108033a0   DDR3Init
10803db0   NandReadSpareArea
10803ea8   readNandPage
10804170   NandWriteDataBytes
108041d4   writeNandPage
10804460   NandWriteSpareArea
10804578   nandFlashBlockErase
10804738   NandGetDetails
10804840   nandInit
108048a4   i2cEepromWriteBlock
10804b6c   i2cEepromRead
10804d70   i2cEepromWrite
10804e90   i2cEepromWriteByteAddr
10804fe8   i2cEepromMacWrite
10805280   i2cEepromMacRead
108055e0   UartInit
10805938   UartSetBaudRate
108059b0   UartSetBaudRate_B
10805a20   UartReadBaudRate
10805a90   UartReadBaudRate_B
10805b08   UartReadData
10805b34   UartReadData_B
10805b64   UartWriteData
10805bc0   UartWriteData_B
10805c18   UartIsDataReady
10805c54   UartIsDataReady_B
10805ca0   __c6xabi_divd
10806850   spi_claim
108069f8   spi_release
10806a10   spi_xfer
10806b48   spi_cmd
10806bc0   spi_cmd_read
10806c20   spi_cmd_write
10806c80   spi_read_word
10806d2c   spi_write_word
10806e60   nor_get_details
10806eec   nor_init
10806f70   nor_read
10807000   nor_write
108071d4   nor_erase
10807300   getBoardVersion
1080734c   getFpgaDevID
10807398   fpgaControlUserLEDs
10807458   fpgaDisableNandWriteProtect
108074a0   fpgaEnableNandWriteProtect
108074e4   fpgaDisableNorWriteProtect
10807528   fpgaEnableNorWriteProtect
1080756c   fpgaDisableEepromWriteProtect
108075b0   fpgaEnableEepromWriteProtect
108075f4   fpgaGetUserSwitch
10807640   fpgaGetAMCDetect
10807684   fpgaWriteConfigurationRegister
10807730   fpgaReadConfigurationRegister
108077c0   _printfi
10808080   fputs
10808f40   free
108091c0   __c6xabi_divull
10809aa0   fputc
10809ec0   setvbuf
1080a280   HOSTrename
1080a420   __c6xabi_divul
1080a740   malloc
1080a994   configSerdes
1080aca0   _closefile
1080aee0   fseek
1080b000   HOSTlseek
1080b100   _auto_init_elf
1080b200   _wrt_ok
1080b300   copy_in
1080b400   HOSTopen
1080b5c0   atoi
1080b6a0   close
1080b780   __TI_zero_init
1080b860   ltoa
1080b940   memset
1080ba20   printf
1080bb00   Osal_platformMalloc
1080bb14   Osal_platformFree
1080bb34   Osal_platformSpiCsEnter
1080bb38   Osal_platformSpiCsExit
1080bb40   start_boot
1080bb70   main
1080bbe0   HOSTread
1080bca0   HOSTunlink
1080bd60   HOSTwrite
1080be20   __c6xabi_divu
1080be20   __divu
1080bee0   _doflush
1080bfa0   exit
1080c060   __TI_tls_init
1080c120   HOSTclose
1080c1c0   __c6xabi_remu
1080c1c0   __remu
1080c260   _cleanup
1080c440   _minit
1080c620   lseek
1080c6c0   memcpy
1080c8a0   write
1080c940   __c6xabi_llshl
1080c9c0   _c_int00
1080ca40   readmsg
1080cac0   strncpy
1080cb40   evmI2CInit
1080cbc0   remove
1080cbc0   unlink
1080cc40   __TI_cpp_init
1080cca0   __c6xabi_frcmpyd_div
1080cd00   __c6xabi_llshru
1080cd60   _subcull
1080cdc0   memccpy
1080ce20   vsprintf
1080ce80   writemsg
1080ced8   C$$IO$$
1080cee0   __c6xabi_isinf
1080cf60   _args_main
1080cfe0   strlen
1080d020   __c6xabi_negll
1080d040   _nop
1080d0c0   C$$EXIT
1080d0c0   abort
1080d0e0   __TI_decompress_none
1080d100   __TI_decompress_rle24
1080d120   _stack
1080e120   __TI_STACK_END
1080e120   _sys_memory
1080f9b8   gDeviceNandBBlist
1080fdd4   gDeviceNand
1080fe0c   gDeviceNor
1080fe44   gDeviceEeprom0
1080fe7c   gDeviceEeprom1
1080feb8   emac_port_mode
1080fec0   _ftable
108101b8   _cleanup_ptr
108101bc   _dtors_ptr
108101c0   __TI_enable_exit_profile_output
108101d0   _lock
108101d4   _unlock
108101d8   _ft_end
108101e0   _ctypes_
108103d0   _tmpnams
10810510   gI2cBlock
10810560   __CIOBUF_
10810680   __TI_STATIC_BASE
10810680   platform_errno
10810684   platform_init_return_code
1081079c   __TI_Handler_Table_Base
108107a8   __TI_Handler_Table_Limit
108107c4   __TI_CINIT_Base
108107ec   __TI_CINIT_Limit
ffffffff   __TI_pprof_out_hndl
ffffffff   __TI_prof_data_size
ffffffff   __TI_prof_data_start
ffffffff   __binit__
ffffffff   __c_args__
ffffffff   binit
UNDEFED    __TI_INITARRAY_Base
UNDEFED    __TI_INITARRAY_Limit
UNDEFED    __TI_TLS_INIT_Base
UNDEFED    __TI_TLS_INIT_Limit

[202 symbols]
