******************************************************************************
               TMS320C6x Linker Unix v7.4.0                    
******************************************************************************
>> Linked Mon Nov 19 18:14:20 2012

OUTPUT FILE NAME:   <../bin/pcieboot_ddrinit_evm6670l.out>
ENTRY POINT SYMBOL: "_c_int00"  address: 1082d7e0


MEMORY CONFIGURATION

         name            origin    length      used     unused   attr    fill
----------------------  --------  ---------  --------  --------  ----  --------
  L2_LOCAL              10820000   00020000  00011d9e  0000e262  RW X


SEGMENT ALLOCATION MAP

run origin  load origin   length   init length attrs members
----------  ----------- ---------- ----------- ----- -------
10820000    10820000    0000df40   0000df40    r-x
  10820000    10820000    0000df40   0000df40    r-x .text
1082df40    1082df40    00003470   00001470    rw-
  1082df40    1082df40    00001470   00001470    rw- platform_lib
  1082f3b0    1082f3b0    00001000   00000000    rw- .stack
  108303b0    108303b0    00001000   00000000    rw- .sysmem
108313b0    108313b0    0000031c   0000031c    rw-
  108313b0    108313b0    0000031c   0000031c    rw- .fardata
108316d0    108316d0    0000019e   0000019e    r--
  108316d0    108316d0    0000019e   0000019e    r-- .const
10831870    10831870    000002b0   00000000    rw-
  10831870    10831870    00000190   00000000    rw- .far
  10831a00    10831a00    00000120   00000000    rw- .cio
10831b20    10831b20    00000010   00000010    r--
  10831b20    10831b20    00000010   00000010    r-- .switch
10831b30    10831b30    00000010   00000008    rw-
  10831b30    10831b30    00000008   00000008    rw- .neardata
  10831b38    10831b38    00000008   00000000    rw- .bss
10831b40    10831b40    00000264   00000264    r--
  10831b40    10831b40    00000264   00000264    r-- .cinit


SECTION ALLOCATION MAP

 output                                  attributes/
section   page    origin      length       input sections
--------  ----  ----------  ----------   ----------------
.text      0    10820000    0000df40     
                  10820000    00002000     ti.platform.evm6670l.ae66 : platform.obj (.text)
                  10822000    00001b20                               : evmc6670.obj (.text)
                  10823b20    00000d80                               : evmc66x_i2c_eeprom.obj (.text)
                  108248a0    00000b60                               : evm66x_nand.obj (.text)
                  10825400    00000720                               : evmc66x_ecc.obj (.text)
                  10825b20    00000720                               : evmc66x_gpio.obj (.text)
                  10826240    000005c0     rts6600_elf.lib : divd.obj (.text:__c6xabi_divd)
                  10826800    000005c0                     : _printfi.obj (.text:_getarg_diouxp)
                  10826dc0    000005a0     ti.platform.evm6670l.ae66 : evmc66x_spi.obj (.text)
                  10827360    00000580                               : evmc6670_phy.obj (.text)
                  108278e0    00000520                               : evmc66x_nor.obj (.text)
                  10827e00    000004c0                               : evmc66x_fpga.obj (.text)
                  108282c0    00000460     rts6600_elf.lib : _printfi.obj (.text:_printfi)
                  10828720    00000460                     : _printfi.obj (.text:_setfield)
                  10828b80    000003a0                     : fputs.obj (.text:fputs)
                  10828f20    00000320                     : _printfi.obj (.text:_pproc_fge)
                  10829240    00000320     ti.platform.evm6670l.ae66 : evmc66x_uart.obj (.text)
                  10829560    000002e0     rts6600_elf.lib : _printfi.obj (.text:_pproc_fwp)
                  10829840    000002a0                     : _printfi.obj (.text:fcvt)
                  10829ae0    00000280                     : _printfi.obj (.text:ecvt)
                  10829d60    00000280                     : memory.obj (.text:free)
                  10829fe0    00000240                     : imath64.obj (.text:__c6xabi_divull)
                  1082a220    00000240                     : _printfi.obj (.text:_pconv_e)
                  1082a460    00000240                     : _printfi.obj (.text:_pproc_diouxp)
                  1082a6a0    00000220                     : _printfi.obj (.text:_pproc_str)
                  1082a8c0    00000220                     : fputc.obj (.text:fputc)
                  1082aae0    00000200                     : _printfi.obj (.text:_pconv_g)
                  1082ace0    00000200                     : setvbuf.obj (.text:setvbuf)
                  1082aee0    000001c0                     : _printfi.obj (.text:_mcpy)
                  1082b0a0    000001a0                     : trgdrv.obj (.text:HOSTrename)
                  1082b240    000001a0                     : imath40.obj (.text:__c6xabi_divul)
                  1082b3e0    00000180                     : copy_decompress_rle.obj (.text:__TI_decompress_rle_core)
                  1082b560    00000180                     : memory.obj (.text:malloc)
                  1082b6e0    00000140                     : _printfi.obj (.text:_pproc_fflags)
                  1082b820    00000140                     : lowlev.obj (.text:getdevice)
                  1082b960    00000120                     : fclose.obj (.text:_closefile)
                  1082ba80    00000120                     : _printfi.obj (.text:_ltostr)
                  1082bba0    00000120                     : fseek.obj (.text:fseek)
                  1082bcc0    00000100                     : trgdrv.obj (.text:HOSTlseek)
                  1082bdc0    00000100                     : autoinit.obj (.text:_auto_init_elf)
                  1082bec0    00000100                     : _io_perm.obj (.text:_wrt_ok)
                  1082bfc0    00000100                     : cpy_tbl.obj (.text:copy_in)
                  1082c0c0    000000e0                     : trgdrv.obj (.text:HOSTopen)
                  1082c1a0    000000e0                     : divi.obj (.text:__divi)
                  1082c280    000000e0                     : _printfi.obj (.text:_div)
                  1082c360    000000e0                     : atoi.obj (.text:atoi)
                  1082c440    000000e0                     : lowlev.obj (.text:close)
                  1082c520    000000e0                     : copy_zero_init.obj (.text:decompress:ZI:__TI_zero_init)
                  1082c600    000000e0                     : ltoa.obj (.text:ltoa)
                  1082c6e0    000000e0                     : memset.obj (.text:memset)
                  1082c7c0    000000e0     pcieboot_ddrinit.obj (.text)
                  1082c8a0    000000e0     rts6600_elf.lib : printf.obj (.text:printf)
                  1082c980    000000c0                     : trgdrv.obj (.text:HOSTread)
                  1082ca40    000000c0                     : trgdrv.obj (.text:HOSTunlink)
                  1082cb00    000000c0                     : trgdrv.obj (.text:HOSTwrite)
                  1082cbc0    000000c0                     : divu.obj (.text:__divu)
                  1082cc80    000000c0                     : fflush.obj (.text:_doflush)
                  1082cd40    000000c0                     : exit.obj (.text:exit)
                  1082ce00    000000c0                     : tls.obj (.text:tls:init:__TI_tls_init)
                  1082cec0    000000a0                     : trgdrv.obj (.text:HOSTclose)
                  1082cf60    000000a0                     : remu.obj (.text:__remu)
                  1082d000    000000a0                     : fopen.obj (.text:_cleanup)
                  1082d0a0    000000a0                     : _printfi.obj (.text:_ecpy)
                  1082d140    000000a0                     : _printfi.obj (.text:_fcpy)
                  1082d1e0    000000a0                     : memory.obj (.text:_minit)
                  1082d280    000000a0                     : _printfi.obj (.text:_pconv_f)
                  1082d320    000000a0                     : lowlev.obj (.text:finddevice)
                  1082d3c0    000000a0                     : lowlev.obj (.text:lseek)
                  1082d460    000000a0                     : memcpy64.obj (.text:memcpy)
                  1082d500    000000a0                     : memory.obj (.text:minsert)
                  1082d5a0    000000a0                     : memory.obj (.text:mremove)
                  1082d640    000000a0                     : lowlev.obj (.text:write)
                  1082d6e0    00000080                     : fixdu.obj (.text:__c6xabi_fixdu)
                  1082d760    00000080                     : llshift.obj (.text:__c6xabi_llshl)
                  1082d7e0    00000080                     : boot.obj (.text:_c_int00)
                  1082d860    00000080                     : trgmsg.obj (.text:readmsg)
                  1082d8e0    00000080                     : strncpy.obj (.text:strncpy)
                  1082d960    00000080     ti.platform.evm6670l.ae66 : evm66x_i2c.obj (.text)
                  1082d9e0    00000080     rts6600_elf.lib : lowlev.obj (.text:unlink)
                  1082da60    00000060                     : cpp_init.obj (.text:__TI_cpp_init)
                  1082dac0    00000060                     : frcmpyd_div.obj (.text:__c6xabi_frcmpyd_div)
                  1082db20    00000060                     : llshift.obj (.text:__c6xabi_llshru)
                  1082db80    00000060                     : imath64.obj (.text:_subcull)
                  1082dbe0    00000060                     : memccpy.obj (.text:memccpy)
                  1082dc40    00000060                     : vsprintf.obj (.text:vsprintf)
                  1082dca0    00000060                     : trgmsg.obj (.text:writemsg)
                  1082dd00    00000040                     : isinf.obj (.text:__c6xabi_isinf)
                  1082dd40    00000040                     : _printfi.obj (.text:__c6xabi_isnan)
                  1082dd80    00000040                     : args_main.obj (.text:_args_main)
                  1082ddc0    00000040                     : vsprintf.obj (.text:_outs)
                  1082de00    00000040                     : strlen.obj (.text:strlen)
                  1082de40    00000020                     : negll.obj (.text:__c6xabi_negll)
                  1082de60    00000020                     : _lock.obj (.text:_nop)
                  1082de80    00000020                     : printf.obj (.text:_outc)
                  1082dea0    00000020                     : vsprintf.obj (.text:_outc)
                  1082dec0    00000020                     : printf.obj (.text:_outs)
                  1082dee0    00000020                     : exit.obj (.text:abort)
                  1082df00    00000020                     : copy_decompress_none.obj (.text:decompress:none:__TI_decompress_none)
                  1082df20    00000020                     : copy_decompress_rle.obj (.text:decompress:rle24:__TI_decompress_rle24)

platform_lib 
*          0    1082df40    00001470     
                  1082df40    00001058     ti.platform.evm6670l.ae66 : platform.obj (platform_lib:uninit) [fill = 0]
                  1082ef98    00000210                               : evm66x_nand.obj (platform_lib) [fill = 0]
                  1082f1a8    00000108                               : platform.obj (platform_lib:init)
                  1082f2b0    00000100                               : evmc66x_ecc.obj (platform_lib)

.stack     0    1082f3b0    00001000     UNINITIALIZED
                  1082f3b0    00000008     rts6600_elf.lib : boot.obj (.stack)
                  1082f3b8    00000ff8     --HOLE--

.sysmem    0    108303b0    00001000     UNINITIALIZED
                  108303b0    00000008     rts6600_elf.lib : memory.obj (.sysmem)
                  108303b8    00000ff8     --HOLE--

.fardata   0    108313b0    0000031c     
                  108313b0    000001e0     rts6600_elf.lib : defs.obj (.fardata:_ftable)
                  10831590    000000a0                     : lowlev.obj (.fardata:_stream)
                  10831630    00000078                     : lowlev.obj (.fardata:_device)
                  108316a8    0000000c                     : exit.obj (.fardata)
                  108316b4    0000000c                     : memory.obj (.fardata)
                  108316c0    00000008                     : _lock.obj (.fardata)
                  108316c8    00000004                     : defs.obj (.fardata)

.const     0    108316d0    0000019e     
                  108316d0    00000101     rts6600_elf.lib : ctype.obj (.const:.string:_ctypes_)
                  108317d1    00000003     --HOLE-- [fill = 0]
                  108317d4    00000058     ti.platform.evm6670l.ae66 : platform.obj (.const:.string)
                  1083182c    00000023     rts6600_elf.lib : _printfi.obj (.const:.string)
                  1083184f    00000001     --HOLE-- [fill = 0]
                  10831850    00000018     pcieboot_ddrinit.obj (.const:.string)
                  10831868    00000006     ti.platform.evm6670l.ae66 : evm66x_nand.obj (.const:.string:$P$T0$1)

.far       0    10831870    00000190     UNINITIALIZED
                  10831870    00000140     rts6600_elf.lib : defs.obj (.far)
                  108319b0    00000044     ti.platform.evm6670l.ae66 : evmc66x_i2c_eeprom.obj (.far)
                  108319f4    00000004     --HOLE--
                  108319f8    00000008     rts6600_elf.lib : trgdrv.obj (.far)

.cio       0    10831a00    00000120     UNINITIALIZED
                  10831a00    00000120     rts6600_elf.lib : trgmsg.obj (.cio)

.switch    0    10831b20    00000010     
                  10831b20    00000010     ti.platform.evm6670l.ae66 : platform.obj (.switch:platform_internal_memory_test)

.neardata 
*          0    10831b30    00000008     
                  10831b30    00000008     ti.platform.evm6670l.ae66 : platform.obj (.neardata)

.rodata    0    10831b38    00000000     UNINITIALIZED

.bss       0    10831b38    00000008     UNINITIALIZED
                  10831b38    00000004     ti.platform.evm6670l.ae66 : evmc66x_gpio.obj (.bss)
                  10831b3c    00000004                               : evmc66x_spi.obj (.bss)

.cinit     0    10831b40    00000264     
                  10831b40    0000019e     (.cinit.platform_lib.load) [load image, compression = rle]
                  10831cde    00000002     --HOLE-- [fill = 0]
                  10831ce0    00000072     (.cinit..fardata.load) [load image, compression = rle]
                  10831d52    00000002     --HOLE-- [fill = 0]
                  10831d54    0000000c     (__TI_handler_table)
                  10831d60    00000009     (.cinit..neardata.load) [load image, compression = rle]
                  10831d69    00000003     --HOLE-- [fill = 0]
                  10831d6c    00000008     (.cinit..bss.load) [load image, compression = zero_init]
                  10831d74    00000008     (.cinit..far.load) [load image, compression = zero_init]
                  10831d7c    00000028     (__TI_cinit_table)


LINKER GENERATED COPY TABLES

__TI_cinit_table @ 10831d7c records: 5, size/record: 8, table size: 40
	platform_lib: load addr=10831b40, load size=0000019e bytes, run addr=1082df40, run size=00001470 bytes, compression=rle
	.fardata: load addr=10831ce0, load size=00000072 bytes, run addr=108313b0, run size=0000031c bytes, compression=rle
	.neardata: load addr=10831d60, load size=00000009 bytes, run addr=10831b30, run size=00000008 bytes, compression=rle
	.bss: load addr=10831d6c, load size=00000008 bytes, run addr=10831b38, run size=00000008 bytes, compression=zero_init
	.far: load addr=10831d74, load size=00000008 bytes, run addr=10831870, run size=00000190 bytes, compression=zero_init


LINKER GENERATED HANDLER TABLE

__TI_handler_table @ 10831d54 records: 3, size/record: 4, table size: 12
	index: 0, handler: __TI_decompress_rle24
	index: 1, handler: __TI_decompress_none
	index: 2, handler: __TI_zero_init


GLOBAL SYMBOLS: SORTED ALPHABETICALLY BY Name 

address    name
--------   ----
1082dee0   C$$EXIT
1082dcf8   C$$IO$$
10821f90   Convert_CoreLocal2GlobalAddr
10823214   CorePllcGetHwSetup
10822fb8   CorePllcHwSetup
10823734   DDR3Init
1082cec0   HOSTclose
1082bcc0   HOSTlseek
1082c0c0   HOSTopen
1082c980   HOSTread
1082b0a0   HOSTrename
1082ca40   HOSTunlink
1082cb00   HOSTwrite
108277f8   Init_SGMII
108252ac   NandGetDetails
10824ad4   NandReadPage
10824a04   NandReadSpareArea
10824d30   NandWriteDataBytes
10824dac   NandWritePage
10825008   NandWriteSpareArea
1082c7d4   Osal_platformFree
1082c7c0   Osal_platformMalloc
1082c7f4   Osal_platformSpiCsEnter
1082c7f8   Osal_platformSpiCsExit
108234f4   PowerUpDomains
10823574   SetDDR3PllConfig
10823300   SetPaPllConfig
10829240   UartInit
1082950c   UartIsDataReady
10829410   UartReadBaudRate
10829480   UartReadData
10829398   UartSetBaudRate
108294ac   UartWriteData
10831a00   __CIOBUF_
10831d7c   __TI_CINIT_Base
10831da4   __TI_CINIT_Limit
10831d54   __TI_Handler_Table_Base
10831d60   __TI_Handler_Table_Limit
UNDEFED    __TI_INITARRAY_Base
UNDEFED    __TI_INITARRAY_Limit
108303b0   __TI_STACK_END
00001000   __TI_STACK_SIZE
10831b30   __TI_STATIC_BASE
00001000   __TI_SYSMEM_SIZE
UNDEFED    __TI_TLS_INIT_Base
UNDEFED    __TI_TLS_INIT_Limit
00000001   __TI_args_main
1082da60   __TI_cpp_init
1082df00   __TI_decompress_none
1082df20   __TI_decompress_rle24
108316b0   __TI_enable_exit_profile_output
ffffffff   __TI_pprof_out_hndl
ffffffff   __TI_prof_data_size
ffffffff   __TI_prof_data_start
1082ce00   __TI_tls_init
1082c520   __TI_zero_init
ffffffff   __binit__
10826240   __c6xabi_divd
1082c1a0   __c6xabi_divi
1082cbc0   __c6xabi_divu
1082b240   __c6xabi_divul
10829fe0   __c6xabi_divull
1082d6e0   __c6xabi_fixdu
1082dac0   __c6xabi_frcmpyd_div
1082dd00   __c6xabi_isinf
1082d760   __c6xabi_llshl
1082db20   __c6xabi_llshru
1082de40   __c6xabi_negll
1082cf60   __c6xabi_remu
ffffffff   __c_args__
1082c1a0   __divi
1082cbc0   __divu
1082cf60   __remu
1082dd80   _args_main
1082bdc0   _auto_init_elf
1082d7e0   _c_int00
1082d000   _cleanup
108316a8   _cleanup_ptr
1082b960   _closefile
108316d0   _ctypes_
1082cc80   _doflush
108316ac   _dtors_ptr
108316c8   _ft_end
108313b0   _ftable
108316c0   _lock
1082d1e0   _minit
1082de60   _nop
108282c0   _printfi
1082f3b0   _stack
1082db80   _subcull
108303b0   _sys_memory
10831870   _tmpnams
108316c4   _unlock
1082bec0   _wrt_ok
1082dee0   abort
1082c360   atoi
ffffffff   binit
1082c440   close
10827760   configSerdes
1082bfc0   copy_in
108255b4   eccComputeECC
10825704   eccCorrectData
1082f2a8   emac_port_mode
1082d960   evmI2CInit
1082cd40   exit
10827e98   fpgaControlUserLEDs
1082806c   fpgaDisableEepromWriteProtect
10827f58   fpgaDisableNandWriteProtect
10827fe4   fpgaDisableNorWriteProtect
108280b0   fpgaEnableEepromWriteProtect
10827fa0   fpgaEnableNandWriteProtect
10828028   fpgaEnableNorWriteProtect
10828140   fpgaGetAMCDetect
108280f4   fpgaGetUserSwitch
10828230   fpgaReadConfigurationRegister
10828184   fpgaWriteConfigurationRegister
1082a8c0   fputc
10828b80   fputs
10829d60   free
1082bba0   fseek
1082f234   gDeviceEeprom0
1082f26c   gDeviceEeprom1
1082f1c4   gDeviceNand
1082df98   gDeviceNandBBlist
1082f1fc   gDeviceNor
108319b0   gI2cBlock
10827e00   getBoardVersion
10827e4c   getFpgaDevID
10826158   gpioClearDataBus
10826224   gpioClearFallingEdgeInterrupt
108260b8   gpioClearOutput
108261f4   gpioClearRisingEdgeInterrupt
108261cc   gpioDisableGlobalInterrupt
108261b8   gpioEnableGlobalInterrupt
10825fa8   gpioInit
10826194   gpioReadDataBus
108260d0   gpioReadInput
10826174   gpioSetDataBus
10826060   gpioSetDataBusDirection
10826024   gpioSetDirection
1082620c   gpioSetFallingEdgeInterrupt
108260a4   gpioSetOutput
108261e0   gpioSetRisingEdgeInterrupt
10826124   gpioWriteDataBus
10824540   i2cEepromMacRead
108242a8   i2cEepromMacWrite
10823e2c   i2cEepromRead
10824030   i2cEepromWrite
10823b64   i2cEepromWriteBlock
10824150   i2cEepromWriteByteAddr
1082d3c0   lseek
1082c600   ltoa
1082c830   main
1082b560   malloc
1082dbe0   memccpy
1082d460   memcpy
1082c6e0   memset
1082510c   nandFlashBlockErase
108253d8   nandInit
108248a0   ndelay
10827cd4   nor_erase
10827960   nor_get_details
108279ec   nor_init
10827a64   nor_read
10827af4   nor_write
108218a8   platform_blocknpage_to_offset
10820dd8   platform_delay
10820e38   platform_delaycycles
10821330   platform_device_close
10821ecc   platform_device_erase_block
1082146c   platform_device_mark_block_bad
108211ac   platform_device_open
10821620   platform_device_read
108213cc   platform_device_read_spare_data
108219a0   platform_device_write
10821580   platform_device_write_spare_data
10831b30   platform_errno
10820e78   platform_external_memory_test
10820af4   platform_get_coreid
10820b08   platform_get_emac_info
108205ac   platform_get_info
10820b98   platform_get_macaddr
10820c2c   platform_get_phy_addr
10820ca4   platform_get_switch_state
108208b4   platform_init
10831b34   platform_init_return_code
10820ef8   platform_internal_memory_test
10820d90   platform_led
10821780   platform_offset_to_blocknpage
10820c40   platform_phy_link_status
10820d74   platform_uart_init
10820cb0   platform_uart_read
10820d34   platform_uart_set_baudrate
10820d18   platform_uart_write
10821088   platform_write
10821050   platform_write_configure
1082c8a0   printf
10822e54   prog_pll1_values
10824ba4   readNandPage
1082d860   readmsg
1082d9e0   remove
10820494   serial_num_isvalid
1082ace0   setvbuf
10826df0   spi_claim
108270e4   spi_cmd
10827148   spi_cmd_read
108271a8   spi_cmd_write
10827208   spi_read_word
10826f98   spi_release
108272c0   spi_write_word
10826fb0   spi_xfer
1082c800   start_boot
1082de00   strlen
1082d8e0   strncpy
1082d9e0   unlink
1082dc40   vsprintf
1082d640   write
10824ec8   writeNandPage
1082dca0   writemsg
108236e4   xmc_setup


GLOBAL SYMBOLS: SORTED BY Symbol Address 

address    name
--------   ----
00000001   __TI_args_main
00001000   __TI_STACK_SIZE
00001000   __TI_SYSMEM_SIZE
10820494   serial_num_isvalid
108205ac   platform_get_info
108208b4   platform_init
10820af4   platform_get_coreid
10820b08   platform_get_emac_info
10820b98   platform_get_macaddr
10820c2c   platform_get_phy_addr
10820c40   platform_phy_link_status
10820ca4   platform_get_switch_state
10820cb0   platform_uart_read
10820d18   platform_uart_write
10820d34   platform_uart_set_baudrate
10820d74   platform_uart_init
10820d90   platform_led
10820dd8   platform_delay
10820e38   platform_delaycycles
10820e78   platform_external_memory_test
10820ef8   platform_internal_memory_test
10821050   platform_write_configure
10821088   platform_write
108211ac   platform_device_open
10821330   platform_device_close
108213cc   platform_device_read_spare_data
1082146c   platform_device_mark_block_bad
10821580   platform_device_write_spare_data
10821620   platform_device_read
10821780   platform_offset_to_blocknpage
108218a8   platform_blocknpage_to_offset
108219a0   platform_device_write
10821ecc   platform_device_erase_block
10821f90   Convert_CoreLocal2GlobalAddr
10822e54   prog_pll1_values
10822fb8   CorePllcHwSetup
10823214   CorePllcGetHwSetup
10823300   SetPaPllConfig
108234f4   PowerUpDomains
10823574   SetDDR3PllConfig
108236e4   xmc_setup
10823734   DDR3Init
10823b64   i2cEepromWriteBlock
10823e2c   i2cEepromRead
10824030   i2cEepromWrite
10824150   i2cEepromWriteByteAddr
108242a8   i2cEepromMacWrite
10824540   i2cEepromMacRead
108248a0   ndelay
10824a04   NandReadSpareArea
10824ad4   NandReadPage
10824ba4   readNandPage
10824d30   NandWriteDataBytes
10824dac   NandWritePage
10824ec8   writeNandPage
10825008   NandWriteSpareArea
1082510c   nandFlashBlockErase
108252ac   NandGetDetails
108253d8   nandInit
108255b4   eccComputeECC
10825704   eccCorrectData
10825fa8   gpioInit
10826024   gpioSetDirection
10826060   gpioSetDataBusDirection
108260a4   gpioSetOutput
108260b8   gpioClearOutput
108260d0   gpioReadInput
10826124   gpioWriteDataBus
10826158   gpioClearDataBus
10826174   gpioSetDataBus
10826194   gpioReadDataBus
108261b8   gpioEnableGlobalInterrupt
108261cc   gpioDisableGlobalInterrupt
108261e0   gpioSetRisingEdgeInterrupt
108261f4   gpioClearRisingEdgeInterrupt
1082620c   gpioSetFallingEdgeInterrupt
10826224   gpioClearFallingEdgeInterrupt
10826240   __c6xabi_divd
10826df0   spi_claim
10826f98   spi_release
10826fb0   spi_xfer
108270e4   spi_cmd
10827148   spi_cmd_read
108271a8   spi_cmd_write
10827208   spi_read_word
108272c0   spi_write_word
10827760   configSerdes
108277f8   Init_SGMII
10827960   nor_get_details
108279ec   nor_init
10827a64   nor_read
10827af4   nor_write
10827cd4   nor_erase
10827e00   getBoardVersion
10827e4c   getFpgaDevID
10827e98   fpgaControlUserLEDs
10827f58   fpgaDisableNandWriteProtect
10827fa0   fpgaEnableNandWriteProtect
10827fe4   fpgaDisableNorWriteProtect
10828028   fpgaEnableNorWriteProtect
1082806c   fpgaDisableEepromWriteProtect
108280b0   fpgaEnableEepromWriteProtect
108280f4   fpgaGetUserSwitch
10828140   fpgaGetAMCDetect
10828184   fpgaWriteConfigurationRegister
10828230   fpgaReadConfigurationRegister
108282c0   _printfi
10828b80   fputs
10829240   UartInit
10829398   UartSetBaudRate
10829410   UartReadBaudRate
10829480   UartReadData
108294ac   UartWriteData
1082950c   UartIsDataReady
10829d60   free
10829fe0   __c6xabi_divull
1082a8c0   fputc
1082ace0   setvbuf
1082b0a0   HOSTrename
1082b240   __c6xabi_divul
1082b560   malloc
1082b960   _closefile
1082bba0   fseek
1082bcc0   HOSTlseek
1082bdc0   _auto_init_elf
1082bec0   _wrt_ok
1082bfc0   copy_in
1082c0c0   HOSTopen
1082c1a0   __c6xabi_divi
1082c1a0   __divi
1082c360   atoi
1082c440   close
1082c520   __TI_zero_init
1082c600   ltoa
1082c6e0   memset
1082c7c0   Osal_platformMalloc
1082c7d4   Osal_platformFree
1082c7f4   Osal_platformSpiCsEnter
1082c7f8   Osal_platformSpiCsExit
1082c800   start_boot
1082c830   main
1082c8a0   printf
1082c980   HOSTread
1082ca40   HOSTunlink
1082cb00   HOSTwrite
1082cbc0   __c6xabi_divu
1082cbc0   __divu
1082cc80   _doflush
1082cd40   exit
1082ce00   __TI_tls_init
1082cec0   HOSTclose
1082cf60   __c6xabi_remu
1082cf60   __remu
1082d000   _cleanup
1082d1e0   _minit
1082d3c0   lseek
1082d460   memcpy
1082d640   write
1082d6e0   __c6xabi_fixdu
1082d760   __c6xabi_llshl
1082d7e0   _c_int00
1082d860   readmsg
1082d8e0   strncpy
1082d960   evmI2CInit
1082d9e0   remove
1082d9e0   unlink
1082da60   __TI_cpp_init
1082dac0   __c6xabi_frcmpyd_div
1082db20   __c6xabi_llshru
1082db80   _subcull
1082dbe0   memccpy
1082dc40   vsprintf
1082dca0   writemsg
1082dcf8   C$$IO$$
1082dd00   __c6xabi_isinf
1082dd80   _args_main
1082de00   strlen
1082de40   __c6xabi_negll
1082de60   _nop
1082dee0   C$$EXIT
1082dee0   abort
1082df00   __TI_decompress_none
1082df20   __TI_decompress_rle24
1082df98   gDeviceNandBBlist
1082f1c4   gDeviceNand
1082f1fc   gDeviceNor
1082f234   gDeviceEeprom0
1082f26c   gDeviceEeprom1
1082f2a8   emac_port_mode
1082f3b0   _stack
108303b0   __TI_STACK_END
108303b0   _sys_memory
108313b0   _ftable
108316a8   _cleanup_ptr
108316ac   _dtors_ptr
108316b0   __TI_enable_exit_profile_output
108316c0   _lock
108316c4   _unlock
108316c8   _ft_end
108316d0   _ctypes_
10831870   _tmpnams
108319b0   gI2cBlock
10831a00   __CIOBUF_
10831b30   __TI_STATIC_BASE
10831b30   platform_errno
10831b34   platform_init_return_code
10831d54   __TI_Handler_Table_Base
10831d60   __TI_Handler_Table_Limit
10831d7c   __TI_CINIT_Base
10831da4   __TI_CINIT_Limit
ffffffff   __TI_pprof_out_hndl
ffffffff   __TI_prof_data_size
ffffffff   __TI_prof_data_start
ffffffff   __binit__
ffffffff   __c_args__
ffffffff   binit
UNDEFED    __TI_INITARRAY_Base
UNDEFED    __TI_INITARRAY_Limit
UNDEFED    __TI_TLS_INIT_Base
UNDEFED    __TI_TLS_INIT_Limit

[220 symbols]
