******************************************************************************
               TMS320C6x Linker Unix v7.4.0                    
******************************************************************************
>> Linked Mon Nov 19 18:14:58 2012

OUTPUT FILE NAME:   <../bin/pcieboot_ddrinit_evm6678l.out>
ENTRY POINT SYMBOL: "_c_int00"  address: 1082cf00


MEMORY CONFIGURATION

         name            origin    length      used     unused   attr    fill
----------------------  --------  ---------  --------  --------  ----  --------
  L2_LOCAL              10820000   00020000  000112de  0000ed22  RW X


SEGMENT ALLOCATION MAP

run origin  load origin   length   init length attrs members
----------  ----------- ---------- ----------- ----- -------
10820000    10820000    0000d660   0000d660    r-x
  10820000    10820000    0000d660   0000d660    r-x .text
1082d660    1082d660    00003370   00001370    rw-
  1082d660    1082d660    00001370   00001370    rw- platform_lib
  1082e9d0    1082e9d0    00001000   00000000    rw- .stack
  1082f9d0    1082f9d0    00001000   00000000    rw- .sysmem
108309d0    108309d0    0000031c   0000031c    rw-
  108309d0    108309d0    0000031c   0000031c    rw- .fardata
10830cf0    10830cf0    000001b2   000001b2    r--
  10830cf0    10830cf0    000001b2   000001b2    r-- .const
10830ea8    10830ea8    000002b0   00000000    rw-
  10830ea8    10830ea8    00000190   00000000    rw- .far
  10831038    10831038    00000120   00000000    rw- .cio
10831158    10831158    00000020   00000020    r--
  10831158    10831158    00000020   00000020    r-- .switch
10831178    10831178    0000000c   00000008    rw-
  10831178    10831178    00000008   00000008    rw- .neardata
  10831180    10831180    00000004   00000000    rw- .bss
10831184    10831184    00000164   00000164    r--
  10831184    10831184    00000164   00000164    r-- .cinit


SECTION ALLOCATION MAP

 output                                  attributes/
section   page    origin      length       input sections
--------  ----  ----------  ----------   ----------------
.text      0    10820000    0000d660     
                  10820000    00001fe0     ti.platform.evm6678l.ae66 : platform.obj (.text)
                  10821fe0    00001b40                               : evmc6678.obj (.text)
                  10823b20    00001160                               : evm66x_nand.obj (.text)
                  10824c80    00000d80                               : evmc66x_i2c_eeprom.obj (.text)
                  10825a00    000005c0     rts6600_elf.lib : divd.obj (.text:__c6xabi_divd)
                  10825fc0    000005c0                     : _printfi.obj (.text:_getarg_diouxp)
                  10826580    000005a0     ti.platform.evm6678l.ae66 : evmc66x_spi.obj (.text)
                  10826b20    00000560                               : evmc6678_phy.obj (.text)
                  10827080    00000520                               : evmc66x_nor.obj (.text)
                  108275a0    000004c0                               : evmc66x_fpga.obj (.text)
                  10827a60    00000460     rts6600_elf.lib : _printfi.obj (.text:_printfi)
                  10827ec0    00000460                     : _printfi.obj (.text:_setfield)
                  10828320    000003a0                     : fputs.obj (.text:fputs)
                  108286c0    00000320                     : _printfi.obj (.text:_pproc_fge)
                  108289e0    00000320     ti.platform.evm6678l.ae66 : evmc66x_uart.obj (.text)
                  10828d00    000002e0     rts6600_elf.lib : _printfi.obj (.text:_pproc_fwp)
                  10828fe0    000002a0                     : _printfi.obj (.text:fcvt)
                  10829280    00000280                     : _printfi.obj (.text:ecvt)
                  10829500    00000280                     : memory.obj (.text:free)
                  10829780    00000240                     : imath64.obj (.text:__c6xabi_divull)
                  108299c0    00000240                     : _printfi.obj (.text:_pconv_e)
                  10829c00    00000240                     : _printfi.obj (.text:_pproc_diouxp)
                  10829e40    00000220                     : _printfi.obj (.text:_pproc_str)
                  1082a060    00000220                     : fputc.obj (.text:fputc)
                  1082a280    00000200                     : _printfi.obj (.text:_pconv_g)
                  1082a480    00000200                     : setvbuf.obj (.text:setvbuf)
                  1082a680    000001c0                     : _printfi.obj (.text:_mcpy)
                  1082a840    000001a0                     : trgdrv.obj (.text:HOSTrename)
                  1082a9e0    000001a0                     : imath40.obj (.text:__c6xabi_divul)
                  1082ab80    00000180                     : copy_decompress_rle.obj (.text:__TI_decompress_rle_core)
                  1082ad00    00000180                     : memory.obj (.text:malloc)
                  1082ae80    00000140                     : _printfi.obj (.text:_pproc_fflags)
                  1082afc0    00000140                     : lowlev.obj (.text:getdevice)
                  1082b100    00000120                     : fclose.obj (.text:_closefile)
                  1082b220    00000120                     : _printfi.obj (.text:_ltostr)
                  1082b340    00000120                     : fseek.obj (.text:fseek)
                  1082b460    00000100                     : trgdrv.obj (.text:HOSTlseek)
                  1082b560    00000100                     : autoinit.obj (.text:_auto_init_elf)
                  1082b660    00000100                     : _io_perm.obj (.text:_wrt_ok)
                  1082b760    00000100                     : cpy_tbl.obj (.text:copy_in)
                  1082b860    000000e0                     : trgdrv.obj (.text:HOSTopen)
                  1082b940    000000e0                     : divi.obj (.text:__divi)
                  1082ba20    000000e0                     : _printfi.obj (.text:_div)
                  1082bb00    000000e0                     : atoi.obj (.text:atoi)
                  1082bbe0    000000e0                     : lowlev.obj (.text:close)
                  1082bcc0    000000e0                     : copy_zero_init.obj (.text:decompress:ZI:__TI_zero_init)
                  1082bda0    000000e0                     : ltoa.obj (.text:ltoa)
                  1082be80    000000e0                     : memset.obj (.text:memset)
                  1082bf60    000000e0     pcieboot_ddrinit.obj (.text)
                  1082c040    000000e0     rts6600_elf.lib : printf.obj (.text:printf)
                  1082c120    000000c0                     : trgdrv.obj (.text:HOSTread)
                  1082c1e0    000000c0                     : trgdrv.obj (.text:HOSTunlink)
                  1082c2a0    000000c0                     : trgdrv.obj (.text:HOSTwrite)
                  1082c360    000000c0                     : divu.obj (.text:__divu)
                  1082c420    000000c0                     : fflush.obj (.text:_doflush)
                  1082c4e0    000000c0                     : exit.obj (.text:exit)
                  1082c5a0    000000c0                     : tls.obj (.text:tls:init:__TI_tls_init)
                  1082c660    000000a0                     : trgdrv.obj (.text:HOSTclose)
                  1082c700    000000a0                     : remu.obj (.text:__remu)
                  1082c7a0    000000a0                     : fopen.obj (.text:_cleanup)
                  1082c840    000000a0                     : _printfi.obj (.text:_ecpy)
                  1082c8e0    000000a0                     : _printfi.obj (.text:_fcpy)
                  1082c980    000000a0                     : memory.obj (.text:_minit)
                  1082ca20    000000a0                     : _printfi.obj (.text:_pconv_f)
                  1082cac0    000000a0                     : lowlev.obj (.text:finddevice)
                  1082cb60    000000a0                     : lowlev.obj (.text:lseek)
                  1082cc00    000000a0                     : memcpy64.obj (.text:memcpy)
                  1082cca0    000000a0                     : memory.obj (.text:minsert)
                  1082cd40    000000a0                     : memory.obj (.text:mremove)
                  1082cde0    000000a0                     : lowlev.obj (.text:write)
                  1082ce80    00000080                     : llshift.obj (.text:__c6xabi_llshl)
                  1082cf00    00000080                     : boot.obj (.text:_c_int00)
                  1082cf80    00000080                     : trgmsg.obj (.text:readmsg)
                  1082d000    00000080                     : strncpy.obj (.text:strncpy)
                  1082d080    00000080     ti.platform.evm6678l.ae66 : evm66x_i2c.obj (.text)
                  1082d100    00000080     rts6600_elf.lib : lowlev.obj (.text:unlink)
                  1082d180    00000060                     : cpp_init.obj (.text:__TI_cpp_init)
                  1082d1e0    00000060                     : frcmpyd_div.obj (.text:__c6xabi_frcmpyd_div)
                  1082d240    00000060                     : llshift.obj (.text:__c6xabi_llshru)
                  1082d2a0    00000060                     : imath64.obj (.text:_subcull)
                  1082d300    00000060                     : memccpy.obj (.text:memccpy)
                  1082d360    00000060                     : vsprintf.obj (.text:vsprintf)
                  1082d3c0    00000060                     : trgmsg.obj (.text:writemsg)
                  1082d420    00000040                     : isinf.obj (.text:__c6xabi_isinf)
                  1082d460    00000040                     : _printfi.obj (.text:__c6xabi_isnan)
                  1082d4a0    00000040                     : args_main.obj (.text:_args_main)
                  1082d4e0    00000040                     : vsprintf.obj (.text:_outs)
                  1082d520    00000040                     : strlen.obj (.text:strlen)
                  1082d560    00000020                     : negll.obj (.text:__c6xabi_negll)
                  1082d580    00000020                     : _lock.obj (.text:_nop)
                  1082d5a0    00000020                     : printf.obj (.text:_outc)
                  1082d5c0    00000020                     : vsprintf.obj (.text:_outc)
                  1082d5e0    00000020                     : printf.obj (.text:_outs)
                  1082d600    00000020                     : exit.obj (.text:abort)
                  1082d620    00000020                     : copy_decompress_none.obj (.text:decompress:none:__TI_decompress_none)
                  1082d640    00000020                     : copy_decompress_rle.obj (.text:decompress:rle24:__TI_decompress_rle24)

platform_lib 
*          0    1082d660    00001370     
                  1082d660    00001058     ti.platform.evm6678l.ae66 : platform.obj (platform_lib:uninit) [fill = 0]
                  1082e6b8    00000210                               : evm66x_nand.obj (platform_lib) [fill = 0]
                  1082e8c8    00000108                               : platform.obj (platform_lib:init)

.stack     0    1082e9d0    00001000     UNINITIALIZED
                  1082e9d0    00000008     rts6600_elf.lib : boot.obj (.stack)
                  1082e9d8    00000ff8     --HOLE--

.sysmem    0    1082f9d0    00001000     UNINITIALIZED
                  1082f9d0    00000008     rts6600_elf.lib : memory.obj (.sysmem)
                  1082f9d8    00000ff8     --HOLE--

.fardata   0    108309d0    0000031c     
                  108309d0    000001e0     rts6600_elf.lib : defs.obj (.fardata:_ftable)
                  10830bb0    000000a0                     : lowlev.obj (.fardata:_stream)
                  10830c50    00000078                     : lowlev.obj (.fardata:_device)
                  10830cc8    0000000c                     : exit.obj (.fardata)
                  10830cd4    0000000c                     : memory.obj (.fardata)
                  10830ce0    00000008                     : _lock.obj (.fardata)
                  10830ce8    00000004                     : defs.obj (.fardata)

.const     0    10830cf0    000001b2     
                  10830cf0    00000101     rts6600_elf.lib : ctype.obj (.const:.string:_ctypes_)
                  10830df1    00000003     --HOLE-- [fill = 0]
                  10830df4    00000058     ti.platform.evm6678l.ae66 : platform.obj (.const:.string)
                  10830e4c    00000023     rts6600_elf.lib : _printfi.obj (.const:.string)
                  10830e6f    00000001     --HOLE-- [fill = 0]
                  10830e70    00000018     pcieboot_ddrinit.obj (.const:.string)
                  10830e88    0000000a     ti.platform.evm6678l.ae66 : evm66x_nand.obj (.const:.string:$P$T0$1)
                  10830e92    00000006     --HOLE-- [fill = 0]
                  10830e98    0000000a                               : evm66x_nand.obj (.const:.string:$P$T1$2)

.far       0    10830ea8    00000190     UNINITIALIZED
                  10830ea8    00000140     rts6600_elf.lib : defs.obj (.far)
                  10830fe8    00000044     ti.platform.evm6678l.ae66 : evmc66x_i2c_eeprom.obj (.far)
                  1083102c    00000004     --HOLE--
                  10831030    00000008     rts6600_elf.lib : trgdrv.obj (.far)

.cio       0    10831038    00000120     UNINITIALIZED
                  10831038    00000120     rts6600_elf.lib : trgmsg.obj (.cio)

.switch    0    10831158    00000020     
                  10831158    00000020     ti.platform.evm6678l.ae66 : platform.obj (.switch:platform_internal_memory_test)

.neardata 
*          0    10831178    00000008     
                  10831178    00000008     ti.platform.evm6678l.ae66 : platform.obj (.neardata)

.rodata    0    10831180    00000000     UNINITIALIZED

.bss       0    10831180    00000004     UNINITIALIZED
                  10831180    00000004     ti.platform.evm6678l.ae66 : evmc66x_spi.obj (.bss)

.cinit     0    10831184    00000164     
                  10831184    0000009f     (.cinit.platform_lib.load) [load image, compression = rle]
                  10831223    00000001     --HOLE-- [fill = 0]
                  10831224    00000072     (.cinit..fardata.load) [load image, compression = rle]
                  10831296    00000002     --HOLE-- [fill = 0]
                  10831298    0000000c     (__TI_handler_table)
                  108312a4    00000009     (.cinit..neardata.load) [load image, compression = rle]
                  108312ad    00000003     --HOLE-- [fill = 0]
                  108312b0    00000008     (.cinit..bss.load) [load image, compression = zero_init]
                  108312b8    00000008     (.cinit..far.load) [load image, compression = zero_init]
                  108312c0    00000028     (__TI_cinit_table)


LINKER GENERATED COPY TABLES

__TI_cinit_table @ 108312c0 records: 5, size/record: 8, table size: 40
	platform_lib: load addr=10831184, load size=0000009f bytes, run addr=1082d660, run size=00001370 bytes, compression=rle
	.fardata: load addr=10831224, load size=00000072 bytes, run addr=108309d0, run size=0000031c bytes, compression=rle
	.neardata: load addr=108312a4, load size=00000009 bytes, run addr=10831178, run size=00000008 bytes, compression=rle
	.bss: load addr=108312b0, load size=00000008 bytes, run addr=10831180, run size=00000004 bytes, compression=zero_init
	.far: load addr=108312b8, load size=00000008 bytes, run addr=10830ea8, run size=00000190 bytes, compression=zero_init


LINKER GENERATED HANDLER TABLE

__TI_handler_table @ 10831298 records: 3, size/record: 4, table size: 12
	index: 0, handler: __TI_decompress_rle24
	index: 1, handler: __TI_decompress_none
	index: 2, handler: __TI_zero_init


GLOBAL SYMBOLS: SORTED ALPHABETICALLY BY Name 

address    name
--------   ----
1082d600   C$$EXIT
1082d418   C$$IO$$
10821f80   Convert_CoreLocal2GlobalAddr
108231f4   CorePllcGetHwSetup
10822f98   CorePllcHwSetup
10823734   DDR3Init
1082c660   HOSTclose
1082b460   HOSTlseek
1082b860   HOSTopen
1082c120   HOSTread
1082a840   HOSTrename
1082c1e0   HOSTunlink
1082c2a0   HOSTwrite
10826f98   Init_SGMII
10824b58   NandGetDetails
1082424c   NandReadSpareArea
1082456c   NandWriteDataBytes
108247d0   NandWriteSpareArea
1082bf74   Osal_platformFree
1082bf60   Osal_platformMalloc
1082bf94   Osal_platformSpiCsEnter
1082bf98   Osal_platformSpiCsExit
108234d4   PowerUpDomains
10823570   SetDDR3PllConfig
108232e0   SetPaPllConfig
108289e0   UartInit
10828cac   UartIsDataReady
10828bb0   UartReadBaudRate
10828c20   UartReadData
10828b38   UartSetBaudRate
10828c4c   UartWriteData
10831038   __CIOBUF_
108312c0   __TI_CINIT_Base
108312e8   __TI_CINIT_Limit
10831298   __TI_Handler_Table_Base
108312a4   __TI_Handler_Table_Limit
UNDEFED    __TI_INITARRAY_Base
UNDEFED    __TI_INITARRAY_Limit
1082f9d0   __TI_STACK_END
00001000   __TI_STACK_SIZE
10831178   __TI_STATIC_BASE
00001000   __TI_SYSMEM_SIZE
UNDEFED    __TI_TLS_INIT_Base
UNDEFED    __TI_TLS_INIT_Limit
00000001   __TI_args_main
1082d180   __TI_cpp_init
1082d620   __TI_decompress_none
1082d640   __TI_decompress_rle24
10830cd0   __TI_enable_exit_profile_output
ffffffff   __TI_pprof_out_hndl
ffffffff   __TI_prof_data_size
ffffffff   __TI_prof_data_start
1082c5a0   __TI_tls_init
1082bcc0   __TI_zero_init
ffffffff   __binit__
10825a00   __c6xabi_divd
1082b940   __c6xabi_divi
1082c360   __c6xabi_divu
1082a9e0   __c6xabi_divul
10829780   __c6xabi_divull
1082d1e0   __c6xabi_frcmpyd_div
1082d420   __c6xabi_isinf
1082ce80   __c6xabi_llshl
1082d240   __c6xabi_llshru
1082d560   __c6xabi_negll
1082c700   __c6xabi_remu
ffffffff   __c_args__
1082b940   __divi
1082c360   __divu
1082c700   __remu
1082d4a0   _args_main
1082b560   _auto_init_elf
1082cf00   _c_int00
1082c7a0   _cleanup
10830cc8   _cleanup_ptr
1082b100   _closefile
10830cf0   _ctypes_
1082c420   _doflush
10830ccc   _dtors_ptr
10830ce8   _ft_end
108309d0   _ftable
10830ce0   _lock
1082c980   _minit
1082d580   _nop
10827a60   _printfi
1082e9d0   _stack
1082d2a0   _subcull
1082f9d0   _sys_memory
10830ea8   _tmpnams
10830ce4   _unlock
1082b660   _wrt_ok
1082d600   abort
1082bb00   atoi
ffffffff   binit
1082bbe0   close
10826f20   configSerdes
1082b760   copy_in
1082e9c8   emac_port_mode
1082d080   evmI2CInit
1082c4e0   exit
10827638   fpgaControlUserLEDs
1082780c   fpgaDisableEepromWriteProtect
108276f8   fpgaDisableNandWriteProtect
10827784   fpgaDisableNorWriteProtect
10827850   fpgaEnableEepromWriteProtect
10827740   fpgaEnableNandWriteProtect
108277c8   fpgaEnableNorWriteProtect
108278e0   fpgaGetAMCDetect
10827894   fpgaGetUserSwitch
108279d0   fpgaReadConfigurationRegister
10827924   fpgaWriteConfigurationRegister
1082a060   fputc
10828320   fputs
10829500   free
1082b340   fseek
1082e954   gDeviceEeprom0
1082e98c   gDeviceEeprom1
1082e8e4   gDeviceNand
1082d6b8   gDeviceNandBBlist
1082e91c   gDeviceNor
10830fe8   gI2cBlock
108275a0   getBoardVersion
108275ec   getFpgaDevID
108256a0   i2cEepromMacRead
10825408   i2cEepromMacWrite
10824f8c   i2cEepromRead
10825190   i2cEepromWrite
10824cc4   i2cEepromWriteBlock
108252b0   i2cEepromWriteByteAddr
1082cb60   lseek
1082bda0   ltoa
1082bfd0   main
1082ad00   malloc
1082d300   memccpy
1082cc00   memcpy
1082be80   memset
108248f8   nandFlashBlockErase
10824c60   nandInit
10827474   nor_erase
10827100   nor_get_details
1082718c   nor_init
10827204   nor_read
10827294   nor_write
10821890   platform_blocknpage_to_offset
10820db0   platform_delay
10820e10   platform_delaycycles
10821318   platform_device_close
10821eb4   platform_device_erase_block
10821450   platform_device_mark_block_bad
10821194   platform_device_open
10821610   platform_device_read
108213b0   platform_device_read_spare_data
10821984   platform_device_write
10821570   platform_device_write_spare_data
10831178   platform_errno
10820e50   platform_external_memory_test
10820ad4   platform_get_coreid
10820ae8   platform_get_emac_info
1082058c   platform_get_info
10820b78   platform_get_macaddr
10820c0c   platform_get_phy_addr
10820c84   platform_get_switch_state
10820894   platform_init
1083117c   platform_init_return_code
10820ed0   platform_internal_memory_test
10820d68   platform_led
10821768   platform_offset_to_blocknpage
10820c20   platform_phy_link_status
10820d48   platform_uart_init
10820c90   platform_uart_read
10820d14   platform_uart_set_baudrate
10820cf8   platform_uart_write
10821080   platform_write
10821044   platform_write_configure
1082c040   printf
10822e34   prog_pll1_values
10824338   readNandPage
1082cf80   readmsg
1082d100   remove
10820474   serial_num_isvalid
1082a480   setvbuf
108265b0   spi_claim
108268a4   spi_cmd
10826908   spi_cmd_read
10826968   spi_cmd_write
108269c8   spi_read_word
10826758   spi_release
10826a80   spi_write_word
10826770   spi_xfer
1082bfa0   start_boot
1082d520   strlen
1082d000   strncpy
1082d100   unlink
1082d360   vsprintf
1082cde0   write
108245d0   writeNandPage
1082d3c0   writemsg
108236e0   xmc_setup


GLOBAL SYMBOLS: SORTED BY Symbol Address 

address    name
--------   ----
00000001   __TI_args_main
00001000   __TI_STACK_SIZE
00001000   __TI_SYSMEM_SIZE
10820474   serial_num_isvalid
1082058c   platform_get_info
10820894   platform_init
10820ad4   platform_get_coreid
10820ae8   platform_get_emac_info
10820b78   platform_get_macaddr
10820c0c   platform_get_phy_addr
10820c20   platform_phy_link_status
10820c84   platform_get_switch_state
10820c90   platform_uart_read
10820cf8   platform_uart_write
10820d14   platform_uart_set_baudrate
10820d48   platform_uart_init
10820d68   platform_led
10820db0   platform_delay
10820e10   platform_delaycycles
10820e50   platform_external_memory_test
10820ed0   platform_internal_memory_test
10821044   platform_write_configure
10821080   platform_write
10821194   platform_device_open
10821318   platform_device_close
108213b0   platform_device_read_spare_data
10821450   platform_device_mark_block_bad
10821570   platform_device_write_spare_data
10821610   platform_device_read
10821768   platform_offset_to_blocknpage
10821890   platform_blocknpage_to_offset
10821984   platform_device_write
10821eb4   platform_device_erase_block
10821f80   Convert_CoreLocal2GlobalAddr
10822e34   prog_pll1_values
10822f98   CorePllcHwSetup
108231f4   CorePllcGetHwSetup
108232e0   SetPaPllConfig
108234d4   PowerUpDomains
10823570   SetDDR3PllConfig
108236e0   xmc_setup
10823734   DDR3Init
1082424c   NandReadSpareArea
10824338   readNandPage
1082456c   NandWriteDataBytes
108245d0   writeNandPage
108247d0   NandWriteSpareArea
108248f8   nandFlashBlockErase
10824b58   NandGetDetails
10824c60   nandInit
10824cc4   i2cEepromWriteBlock
10824f8c   i2cEepromRead
10825190   i2cEepromWrite
108252b0   i2cEepromWriteByteAddr
10825408   i2cEepromMacWrite
108256a0   i2cEepromMacRead
10825a00   __c6xabi_divd
108265b0   spi_claim
10826758   spi_release
10826770   spi_xfer
108268a4   spi_cmd
10826908   spi_cmd_read
10826968   spi_cmd_write
108269c8   spi_read_word
10826a80   spi_write_word
10826f20   configSerdes
10826f98   Init_SGMII
10827100   nor_get_details
1082718c   nor_init
10827204   nor_read
10827294   nor_write
10827474   nor_erase
108275a0   getBoardVersion
108275ec   getFpgaDevID
10827638   fpgaControlUserLEDs
108276f8   fpgaDisableNandWriteProtect
10827740   fpgaEnableNandWriteProtect
10827784   fpgaDisableNorWriteProtect
108277c8   fpgaEnableNorWriteProtect
1082780c   fpgaDisableEepromWriteProtect
10827850   fpgaEnableEepromWriteProtect
10827894   fpgaGetUserSwitch
108278e0   fpgaGetAMCDetect
10827924   fpgaWriteConfigurationRegister
108279d0   fpgaReadConfigurationRegister
10827a60   _printfi
10828320   fputs
108289e0   UartInit
10828b38   UartSetBaudRate
10828bb0   UartReadBaudRate
10828c20   UartReadData
10828c4c   UartWriteData
10828cac   UartIsDataReady
10829500   free
10829780   __c6xabi_divull
1082a060   fputc
1082a480   setvbuf
1082a840   HOSTrename
1082a9e0   __c6xabi_divul
1082ad00   malloc
1082b100   _closefile
1082b340   fseek
1082b460   HOSTlseek
1082b560   _auto_init_elf
1082b660   _wrt_ok
1082b760   copy_in
1082b860   HOSTopen
1082b940   __c6xabi_divi
1082b940   __divi
1082bb00   atoi
1082bbe0   close
1082bcc0   __TI_zero_init
1082bda0   ltoa
1082be80   memset
1082bf60   Osal_platformMalloc
1082bf74   Osal_platformFree
1082bf94   Osal_platformSpiCsEnter
1082bf98   Osal_platformSpiCsExit
1082bfa0   start_boot
1082bfd0   main
1082c040   printf
1082c120   HOSTread
1082c1e0   HOSTunlink
1082c2a0   HOSTwrite
1082c360   __c6xabi_divu
1082c360   __divu
1082c420   _doflush
1082c4e0   exit
1082c5a0   __TI_tls_init
1082c660   HOSTclose
1082c700   __c6xabi_remu
1082c700   __remu
1082c7a0   _cleanup
1082c980   _minit
1082cb60   lseek
1082cc00   memcpy
1082cde0   write
1082ce80   __c6xabi_llshl
1082cf00   _c_int00
1082cf80   readmsg
1082d000   strncpy
1082d080   evmI2CInit
1082d100   remove
1082d100   unlink
1082d180   __TI_cpp_init
1082d1e0   __c6xabi_frcmpyd_div
1082d240   __c6xabi_llshru
1082d2a0   _subcull
1082d300   memccpy
1082d360   vsprintf
1082d3c0   writemsg
1082d418   C$$IO$$
1082d420   __c6xabi_isinf
1082d4a0   _args_main
1082d520   strlen
1082d560   __c6xabi_negll
1082d580   _nop
1082d600   C$$EXIT
1082d600   abort
1082d620   __TI_decompress_none
1082d640   __TI_decompress_rle24
1082d6b8   gDeviceNandBBlist
1082e8e4   gDeviceNand
1082e91c   gDeviceNor
1082e954   gDeviceEeprom0
1082e98c   gDeviceEeprom1
1082e9c8   emac_port_mode
1082e9d0   _stack
1082f9d0   __TI_STACK_END
1082f9d0   _sys_memory
108309d0   _ftable
10830cc8   _cleanup_ptr
10830ccc   _dtors_ptr
10830cd0   __TI_enable_exit_profile_output
10830ce0   _lock
10830ce4   _unlock
10830ce8   _ft_end
10830cf0   _ctypes_
10830ea8   _tmpnams
10830fe8   gI2cBlock
10831038   __CIOBUF_
10831178   __TI_STATIC_BASE
10831178   platform_errno
1083117c   platform_init_return_code
10831298   __TI_Handler_Table_Base
108312a4   __TI_Handler_Table_Limit
108312c0   __TI_CINIT_Base
108312e8   __TI_CINIT_Limit
ffffffff   __TI_pprof_out_hndl
ffffffff   __TI_prof_data_size
ffffffff   __TI_prof_data_start
ffffffff   __binit__
ffffffff   __c_args__
ffffffff   binit
UNDEFED    __TI_INITARRAY_Base
UNDEFED    __TI_INITARRAY_Limit
UNDEFED    __TI_TLS_INIT_Base
UNDEFED    __TI_TLS_INIT_Limit

[198 symbols]
