******************************************************************************
               TMS320C6x Linker Unix v7.4.0                    
******************************************************************************
>> Linked Mon Nov 19 18:21:10 2012

OUTPUT FILE NAME:   <../bin/srioboot_ddrinit_evm6670l.out>
ENTRY POINT SYMBOL: "_c_int00"  address: 1080d7e0


MEMORY CONFIGURATION

         name            origin    length      used     unused   attr    fill
----------------------  --------  ---------  --------  --------  ----  --------
  L2_LOCAL              10800000   00080000  00011d9e  0006e262  RW X


SEGMENT ALLOCATION MAP

run origin  load origin   length   init length attrs members
----------  ----------- ---------- ----------- ----- -------
10800000    10800000    0000df40   0000df40    r-x
  10800000    10800000    0000df40   0000df40    r-x .text
1080df40    1080df40    00003470   00001470    rw-
  1080df40    1080df40    00001470   00001470    rw- platform_lib
  1080f3b0    1080f3b0    00001000   00000000    rw- .stack
  108103b0    108103b0    00001000   00000000    rw- .sysmem
108113b0    108113b0    0000031c   0000031c    rw-
  108113b0    108113b0    0000031c   0000031c    rw- .fardata
108116d0    108116d0    0000019e   0000019e    r--
  108116d0    108116d0    0000019e   0000019e    r-- .const
10811870    10811870    000002b0   00000000    rw-
  10811870    10811870    00000190   00000000    rw- .far
  10811a00    10811a00    00000120   00000000    rw- .cio
10811b20    10811b20    00000010   00000010    r--
  10811b20    10811b20    00000010   00000010    r-- .switch
10811b30    10811b30    00000010   00000008    rw-
  10811b30    10811b30    00000008   00000008    rw- .neardata
  10811b38    10811b38    00000008   00000000    rw- .bss
10811b40    10811b40    00000264   00000264    r--
  10811b40    10811b40    00000264   00000264    r-- .cinit


SECTION ALLOCATION MAP

 output                                  attributes/
section   page    origin      length       input sections
--------  ----  ----------  ----------   ----------------
.text      0    10800000    0000df40     
                  10800000    00002000     ti.platform.evm6670l.ae66 : platform.obj (.text)
                  10802000    00001b20                               : evmc6670.obj (.text)
                  10803b20    00000d80                               : evmc66x_i2c_eeprom.obj (.text)
                  108048a0    00000b60                               : evm66x_nand.obj (.text)
                  10805400    00000720                               : evmc66x_ecc.obj (.text)
                  10805b20    00000720                               : evmc66x_gpio.obj (.text)
                  10806240    000005c0     rts6600_elf.lib : divd.obj (.text:__c6xabi_divd)
                  10806800    000005c0                     : _printfi.obj (.text:_getarg_diouxp)
                  10806dc0    000005a0     ti.platform.evm6670l.ae66 : evmc66x_spi.obj (.text)
                  10807360    00000580                               : evmc6670_phy.obj (.text)
                  108078e0    00000520                               : evmc66x_nor.obj (.text)
                  10807e00    000004c0                               : evmc66x_fpga.obj (.text)
                  108082c0    00000460     rts6600_elf.lib : _printfi.obj (.text:_printfi)
                  10808720    00000460                     : _printfi.obj (.text:_setfield)
                  10808b80    000003a0                     : fputs.obj (.text:fputs)
                  10808f20    00000320                     : _printfi.obj (.text:_pproc_fge)
                  10809240    00000320     ti.platform.evm6670l.ae66 : evmc66x_uart.obj (.text)
                  10809560    000002e0     rts6600_elf.lib : _printfi.obj (.text:_pproc_fwp)
                  10809840    000002a0                     : _printfi.obj (.text:fcvt)
                  10809ae0    00000280                     : _printfi.obj (.text:ecvt)
                  10809d60    00000280                     : memory.obj (.text:free)
                  10809fe0    00000240                     : imath64.obj (.text:__c6xabi_divull)
                  1080a220    00000240                     : _printfi.obj (.text:_pconv_e)
                  1080a460    00000240                     : _printfi.obj (.text:_pproc_diouxp)
                  1080a6a0    00000220                     : _printfi.obj (.text:_pproc_str)
                  1080a8c0    00000220                     : fputc.obj (.text:fputc)
                  1080aae0    00000200                     : _printfi.obj (.text:_pconv_g)
                  1080ace0    00000200                     : setvbuf.obj (.text:setvbuf)
                  1080aee0    000001c0                     : _printfi.obj (.text:_mcpy)
                  1080b0a0    000001a0                     : trgdrv.obj (.text:HOSTrename)
                  1080b240    000001a0                     : imath40.obj (.text:__c6xabi_divul)
                  1080b3e0    00000180                     : copy_decompress_rle.obj (.text:__TI_decompress_rle_core)
                  1080b560    00000180                     : memory.obj (.text:malloc)
                  1080b6e0    00000140                     : _printfi.obj (.text:_pproc_fflags)
                  1080b820    00000140                     : lowlev.obj (.text:getdevice)
                  1080b960    00000120                     : fclose.obj (.text:_closefile)
                  1080ba80    00000120                     : _printfi.obj (.text:_ltostr)
                  1080bba0    00000120                     : fseek.obj (.text:fseek)
                  1080bcc0    00000100                     : trgdrv.obj (.text:HOSTlseek)
                  1080bdc0    00000100                     : autoinit.obj (.text:_auto_init_elf)
                  1080bec0    00000100                     : _io_perm.obj (.text:_wrt_ok)
                  1080bfc0    00000100                     : cpy_tbl.obj (.text:copy_in)
                  1080c0c0    000000e0                     : trgdrv.obj (.text:HOSTopen)
                  1080c1a0    000000e0                     : divi.obj (.text:__divi)
                  1080c280    000000e0                     : _printfi.obj (.text:_div)
                  1080c360    000000e0                     : atoi.obj (.text:atoi)
                  1080c440    000000e0                     : lowlev.obj (.text:close)
                  1080c520    000000e0                     : copy_zero_init.obj (.text:decompress:ZI:__TI_zero_init)
                  1080c600    000000e0                     : ltoa.obj (.text:ltoa)
                  1080c6e0    000000e0                     : memset.obj (.text:memset)
                  1080c7c0    000000e0                     : printf.obj (.text:printf)
                  1080c8a0    000000e0     srioboot_ddrinit.obj (.text)
                  1080c980    000000c0     rts6600_elf.lib : trgdrv.obj (.text:HOSTread)
                  1080ca40    000000c0                     : trgdrv.obj (.text:HOSTunlink)
                  1080cb00    000000c0                     : trgdrv.obj (.text:HOSTwrite)
                  1080cbc0    000000c0                     : divu.obj (.text:__divu)
                  1080cc80    000000c0                     : fflush.obj (.text:_doflush)
                  1080cd40    000000c0                     : exit.obj (.text:exit)
                  1080ce00    000000c0                     : tls.obj (.text:tls:init:__TI_tls_init)
                  1080cec0    000000a0                     : trgdrv.obj (.text:HOSTclose)
                  1080cf60    000000a0                     : remu.obj (.text:__remu)
                  1080d000    000000a0                     : fopen.obj (.text:_cleanup)
                  1080d0a0    000000a0                     : _printfi.obj (.text:_ecpy)
                  1080d140    000000a0                     : _printfi.obj (.text:_fcpy)
                  1080d1e0    000000a0                     : memory.obj (.text:_minit)
                  1080d280    000000a0                     : _printfi.obj (.text:_pconv_f)
                  1080d320    000000a0                     : lowlev.obj (.text:finddevice)
                  1080d3c0    000000a0                     : lowlev.obj (.text:lseek)
                  1080d460    000000a0                     : memcpy64.obj (.text:memcpy)
                  1080d500    000000a0                     : memory.obj (.text:minsert)
                  1080d5a0    000000a0                     : memory.obj (.text:mremove)
                  1080d640    000000a0                     : lowlev.obj (.text:write)
                  1080d6e0    00000080                     : fixdu.obj (.text:__c6xabi_fixdu)
                  1080d760    00000080                     : llshift.obj (.text:__c6xabi_llshl)
                  1080d7e0    00000080                     : boot.obj (.text:_c_int00)
                  1080d860    00000080                     : trgmsg.obj (.text:readmsg)
                  1080d8e0    00000080                     : strncpy.obj (.text:strncpy)
                  1080d960    00000080     ti.platform.evm6670l.ae66 : evm66x_i2c.obj (.text)
                  1080d9e0    00000080     rts6600_elf.lib : lowlev.obj (.text:unlink)
                  1080da60    00000060                     : cpp_init.obj (.text:__TI_cpp_init)
                  1080dac0    00000060                     : frcmpyd_div.obj (.text:__c6xabi_frcmpyd_div)
                  1080db20    00000060                     : llshift.obj (.text:__c6xabi_llshru)
                  1080db80    00000060                     : imath64.obj (.text:_subcull)
                  1080dbe0    00000060                     : memccpy.obj (.text:memccpy)
                  1080dc40    00000060                     : vsprintf.obj (.text:vsprintf)
                  1080dca0    00000060                     : trgmsg.obj (.text:writemsg)
                  1080dd00    00000040                     : isinf.obj (.text:__c6xabi_isinf)
                  1080dd40    00000040                     : _printfi.obj (.text:__c6xabi_isnan)
                  1080dd80    00000040                     : args_main.obj (.text:_args_main)
                  1080ddc0    00000040                     : vsprintf.obj (.text:_outs)
                  1080de00    00000040                     : strlen.obj (.text:strlen)
                  1080de40    00000020                     : negll.obj (.text:__c6xabi_negll)
                  1080de60    00000020                     : _lock.obj (.text:_nop)
                  1080de80    00000020                     : printf.obj (.text:_outc)
                  1080dea0    00000020                     : vsprintf.obj (.text:_outc)
                  1080dec0    00000020                     : printf.obj (.text:_outs)
                  1080dee0    00000020                     : exit.obj (.text:abort)
                  1080df00    00000020                     : copy_decompress_none.obj (.text:decompress:none:__TI_decompress_none)
                  1080df20    00000020                     : copy_decompress_rle.obj (.text:decompress:rle24:__TI_decompress_rle24)

platform_lib 
*          0    1080df40    00001470     
                  1080df40    00001058     ti.platform.evm6670l.ae66 : platform.obj (platform_lib:uninit) [fill = 0]
                  1080ef98    00000210                               : evm66x_nand.obj (platform_lib) [fill = 0]
                  1080f1a8    00000108                               : platform.obj (platform_lib:init)
                  1080f2b0    00000100                               : evmc66x_ecc.obj (platform_lib)

.stack     0    1080f3b0    00001000     UNINITIALIZED
                  1080f3b0    00000008     rts6600_elf.lib : boot.obj (.stack)
                  1080f3b8    00000ff8     --HOLE--

.sysmem    0    108103b0    00001000     UNINITIALIZED
                  108103b0    00000008     rts6600_elf.lib : memory.obj (.sysmem)
                  108103b8    00000ff8     --HOLE--

.fardata   0    108113b0    0000031c     
                  108113b0    000001e0     rts6600_elf.lib : defs.obj (.fardata:_ftable)
                  10811590    000000a0                     : lowlev.obj (.fardata:_stream)
                  10811630    00000078                     : lowlev.obj (.fardata:_device)
                  108116a8    0000000c                     : exit.obj (.fardata)
                  108116b4    0000000c                     : memory.obj (.fardata)
                  108116c0    00000008                     : _lock.obj (.fardata)
                  108116c8    00000004                     : defs.obj (.fardata)

.const     0    108116d0    0000019e     
                  108116d0    00000101     rts6600_elf.lib : ctype.obj (.const:.string:_ctypes_)
                  108117d1    00000003     --HOLE-- [fill = 0]
                  108117d4    00000058     ti.platform.evm6670l.ae66 : platform.obj (.const:.string)
                  1081182c    00000023     rts6600_elf.lib : _printfi.obj (.const:.string)
                  1081184f    00000001     --HOLE-- [fill = 0]
                  10811850    00000018     srioboot_ddrinit.obj (.const:.string)
                  10811868    00000006     ti.platform.evm6670l.ae66 : evm66x_nand.obj (.const:.string:$P$T0$1)

.far       0    10811870    00000190     UNINITIALIZED
                  10811870    00000140     rts6600_elf.lib : defs.obj (.far)
                  108119b0    00000044     ti.platform.evm6670l.ae66 : evmc66x_i2c_eeprom.obj (.far)
                  108119f4    00000004     --HOLE--
                  108119f8    00000008     rts6600_elf.lib : trgdrv.obj (.far)

.cio       0    10811a00    00000120     UNINITIALIZED
                  10811a00    00000120     rts6600_elf.lib : trgmsg.obj (.cio)

.switch    0    10811b20    00000010     
                  10811b20    00000010     ti.platform.evm6670l.ae66 : platform.obj (.switch:platform_internal_memory_test)

.neardata 
*          0    10811b30    00000008     
                  10811b30    00000008     ti.platform.evm6670l.ae66 : platform.obj (.neardata)

.rodata    0    10811b38    00000000     UNINITIALIZED

.bss       0    10811b38    00000008     UNINITIALIZED
                  10811b38    00000004     ti.platform.evm6670l.ae66 : evmc66x_gpio.obj (.bss)
                  10811b3c    00000004                               : evmc66x_spi.obj (.bss)

.cinit     0    10811b40    00000264     
                  10811b40    0000019e     (.cinit.platform_lib.load) [load image, compression = rle]
                  10811cde    00000002     --HOLE-- [fill = 0]
                  10811ce0    00000072     (.cinit..fardata.load) [load image, compression = rle]
                  10811d52    00000002     --HOLE-- [fill = 0]
                  10811d54    0000000c     (__TI_handler_table)
                  10811d60    00000009     (.cinit..neardata.load) [load image, compression = rle]
                  10811d69    00000003     --HOLE-- [fill = 0]
                  10811d6c    00000008     (.cinit..bss.load) [load image, compression = zero_init]
                  10811d74    00000008     (.cinit..far.load) [load image, compression = zero_init]
                  10811d7c    00000028     (__TI_cinit_table)


LINKER GENERATED COPY TABLES

__TI_cinit_table @ 10811d7c records: 5, size/record: 8, table size: 40
	platform_lib: load addr=10811b40, load size=0000019e bytes, run addr=1080df40, run size=00001470 bytes, compression=rle
	.fardata: load addr=10811ce0, load size=00000072 bytes, run addr=108113b0, run size=0000031c bytes, compression=rle
	.neardata: load addr=10811d60, load size=00000009 bytes, run addr=10811b30, run size=00000008 bytes, compression=rle
	.bss: load addr=10811d6c, load size=00000008 bytes, run addr=10811b38, run size=00000008 bytes, compression=zero_init
	.far: load addr=10811d74, load size=00000008 bytes, run addr=10811870, run size=00000190 bytes, compression=zero_init


LINKER GENERATED HANDLER TABLE

__TI_handler_table @ 10811d54 records: 3, size/record: 4, table size: 12
	index: 0, handler: __TI_decompress_rle24
	index: 1, handler: __TI_decompress_none
	index: 2, handler: __TI_zero_init


GLOBAL SYMBOLS: SORTED ALPHABETICALLY BY Name 

address    name
--------   ----
1080dee0   C$$EXIT
1080dcf8   C$$IO$$
10801f90   Convert_CoreLocal2GlobalAddr
10803214   CorePllcGetHwSetup
10802fb8   CorePllcHwSetup
10803734   DDR3Init
1080cec0   HOSTclose
1080bcc0   HOSTlseek
1080c0c0   HOSTopen
1080c980   HOSTread
1080b0a0   HOSTrename
1080ca40   HOSTunlink
1080cb00   HOSTwrite
108077f8   Init_SGMII
108052ac   NandGetDetails
10804ad4   NandReadPage
10804a04   NandReadSpareArea
10804d30   NandWriteDataBytes
10804dac   NandWritePage
10805008   NandWriteSpareArea
1080c8b4   Osal_platformFree
1080c8a0   Osal_platformMalloc
1080c8d4   Osal_platformSpiCsEnter
1080c8d8   Osal_platformSpiCsExit
108034f4   PowerUpDomains
10803574   SetDDR3PllConfig
10803300   SetPaPllConfig
10809240   UartInit
1080950c   UartIsDataReady
10809410   UartReadBaudRate
10809480   UartReadData
10809398   UartSetBaudRate
108094ac   UartWriteData
10811a00   __CIOBUF_
10811d7c   __TI_CINIT_Base
10811da4   __TI_CINIT_Limit
10811d54   __TI_Handler_Table_Base
10811d60   __TI_Handler_Table_Limit
UNDEFED    __TI_INITARRAY_Base
UNDEFED    __TI_INITARRAY_Limit
108103b0   __TI_STACK_END
00001000   __TI_STACK_SIZE
10811b30   __TI_STATIC_BASE
00001000   __TI_SYSMEM_SIZE
UNDEFED    __TI_TLS_INIT_Base
UNDEFED    __TI_TLS_INIT_Limit
00000001   __TI_args_main
1080da60   __TI_cpp_init
1080df00   __TI_decompress_none
1080df20   __TI_decompress_rle24
108116b0   __TI_enable_exit_profile_output
ffffffff   __TI_pprof_out_hndl
ffffffff   __TI_prof_data_size
ffffffff   __TI_prof_data_start
1080ce00   __TI_tls_init
1080c520   __TI_zero_init
ffffffff   __binit__
10806240   __c6xabi_divd
1080c1a0   __c6xabi_divi
1080cbc0   __c6xabi_divu
1080b240   __c6xabi_divul
10809fe0   __c6xabi_divull
1080d6e0   __c6xabi_fixdu
1080dac0   __c6xabi_frcmpyd_div
1080dd00   __c6xabi_isinf
1080d760   __c6xabi_llshl
1080db20   __c6xabi_llshru
1080de40   __c6xabi_negll
1080cf60   __c6xabi_remu
ffffffff   __c_args__
1080c1a0   __divi
1080cbc0   __divu
1080cf60   __remu
1080dd80   _args_main
1080bdc0   _auto_init_elf
1080d7e0   _c_int00
1080d000   _cleanup
108116a8   _cleanup_ptr
1080b960   _closefile
108116d0   _ctypes_
1080cc80   _doflush
108116ac   _dtors_ptr
108116c8   _ft_end
108113b0   _ftable
108116c0   _lock
1080d1e0   _minit
1080de60   _nop
108082c0   _printfi
1080f3b0   _stack
1080db80   _subcull
108103b0   _sys_memory
10811870   _tmpnams
108116c4   _unlock
1080bec0   _wrt_ok
1080dee0   abort
1080c360   atoi
ffffffff   binit
1080c440   close
10807760   configSerdes
1080bfc0   copy_in
108055b4   eccComputeECC
10805704   eccCorrectData
1080f2a8   emac_port_mode
1080d960   evmI2CInit
1080cd40   exit
10807e98   fpgaControlUserLEDs
1080806c   fpgaDisableEepromWriteProtect
10807f58   fpgaDisableNandWriteProtect
10807fe4   fpgaDisableNorWriteProtect
108080b0   fpgaEnableEepromWriteProtect
10807fa0   fpgaEnableNandWriteProtect
10808028   fpgaEnableNorWriteProtect
10808140   fpgaGetAMCDetect
108080f4   fpgaGetUserSwitch
10808230   fpgaReadConfigurationRegister
10808184   fpgaWriteConfigurationRegister
1080a8c0   fputc
10808b80   fputs
10809d60   free
1080bba0   fseek
1080f234   gDeviceEeprom0
1080f26c   gDeviceEeprom1
1080f1c4   gDeviceNand
1080df98   gDeviceNandBBlist
1080f1fc   gDeviceNor
108119b0   gI2cBlock
10807e00   getBoardVersion
10807e4c   getFpgaDevID
10806158   gpioClearDataBus
10806224   gpioClearFallingEdgeInterrupt
108060b8   gpioClearOutput
108061f4   gpioClearRisingEdgeInterrupt
108061cc   gpioDisableGlobalInterrupt
108061b8   gpioEnableGlobalInterrupt
10805fa8   gpioInit
10806194   gpioReadDataBus
108060d0   gpioReadInput
10806174   gpioSetDataBus
10806060   gpioSetDataBusDirection
10806024   gpioSetDirection
1080620c   gpioSetFallingEdgeInterrupt
108060a4   gpioSetOutput
108061e0   gpioSetRisingEdgeInterrupt
10806124   gpioWriteDataBus
10804540   i2cEepromMacRead
108042a8   i2cEepromMacWrite
10803e2c   i2cEepromRead
10804030   i2cEepromWrite
10803b64   i2cEepromWriteBlock
10804150   i2cEepromWriteByteAddr
1080d3c0   lseek
1080c600   ltoa
1080c910   main
1080b560   malloc
1080dbe0   memccpy
1080d460   memcpy
1080c6e0   memset
1080510c   nandFlashBlockErase
108053d8   nandInit
108048a0   ndelay
10807cd4   nor_erase
10807960   nor_get_details
108079ec   nor_init
10807a64   nor_read
10807af4   nor_write
108018a8   platform_blocknpage_to_offset
10800dd8   platform_delay
10800e38   platform_delaycycles
10801330   platform_device_close
10801ecc   platform_device_erase_block
1080146c   platform_device_mark_block_bad
108011ac   platform_device_open
10801620   platform_device_read
108013cc   platform_device_read_spare_data
108019a0   platform_device_write
10801580   platform_device_write_spare_data
10811b30   platform_errno
10800e78   platform_external_memory_test
10800af4   platform_get_coreid
10800b08   platform_get_emac_info
108005ac   platform_get_info
10800b98   platform_get_macaddr
10800c2c   platform_get_phy_addr
10800ca4   platform_get_switch_state
108008b4   platform_init
10811b34   platform_init_return_code
10800ef8   platform_internal_memory_test
10800d90   platform_led
10801780   platform_offset_to_blocknpage
10800c40   platform_phy_link_status
10800d74   platform_uart_init
10800cb0   platform_uart_read
10800d34   platform_uart_set_baudrate
10800d18   platform_uart_write
10801088   platform_write
10801050   platform_write_configure
1080c7c0   printf
10802e54   prog_pll1_values
10804ba4   readNandPage
1080d860   readmsg
1080d9e0   remove
10800494   serial_num_isvalid
1080ace0   setvbuf
10806df0   spi_claim
108070e4   spi_cmd
10807148   spi_cmd_read
108071a8   spi_cmd_write
10807208   spi_read_word
10806f98   spi_release
108072c0   spi_write_word
10806fb0   spi_xfer
1080c8e0   start_boot
1080de00   strlen
1080d8e0   strncpy
1080d9e0   unlink
1080dc40   vsprintf
1080d640   write
10804ec8   writeNandPage
1080dca0   writemsg
108036e4   xmc_setup


GLOBAL SYMBOLS: SORTED BY Symbol Address 

address    name
--------   ----
00000001   __TI_args_main
00001000   __TI_STACK_SIZE
00001000   __TI_SYSMEM_SIZE
10800494   serial_num_isvalid
108005ac   platform_get_info
108008b4   platform_init
10800af4   platform_get_coreid
10800b08   platform_get_emac_info
10800b98   platform_get_macaddr
10800c2c   platform_get_phy_addr
10800c40   platform_phy_link_status
10800ca4   platform_get_switch_state
10800cb0   platform_uart_read
10800d18   platform_uart_write
10800d34   platform_uart_set_baudrate
10800d74   platform_uart_init
10800d90   platform_led
10800dd8   platform_delay
10800e38   platform_delaycycles
10800e78   platform_external_memory_test
10800ef8   platform_internal_memory_test
10801050   platform_write_configure
10801088   platform_write
108011ac   platform_device_open
10801330   platform_device_close
108013cc   platform_device_read_spare_data
1080146c   platform_device_mark_block_bad
10801580   platform_device_write_spare_data
10801620   platform_device_read
10801780   platform_offset_to_blocknpage
108018a8   platform_blocknpage_to_offset
108019a0   platform_device_write
10801ecc   platform_device_erase_block
10801f90   Convert_CoreLocal2GlobalAddr
10802e54   prog_pll1_values
10802fb8   CorePllcHwSetup
10803214   CorePllcGetHwSetup
10803300   SetPaPllConfig
108034f4   PowerUpDomains
10803574   SetDDR3PllConfig
108036e4   xmc_setup
10803734   DDR3Init
10803b64   i2cEepromWriteBlock
10803e2c   i2cEepromRead
10804030   i2cEepromWrite
10804150   i2cEepromWriteByteAddr
108042a8   i2cEepromMacWrite
10804540   i2cEepromMacRead
108048a0   ndelay
10804a04   NandReadSpareArea
10804ad4   NandReadPage
10804ba4   readNandPage
10804d30   NandWriteDataBytes
10804dac   NandWritePage
10804ec8   writeNandPage
10805008   NandWriteSpareArea
1080510c   nandFlashBlockErase
108052ac   NandGetDetails
108053d8   nandInit
108055b4   eccComputeECC
10805704   eccCorrectData
10805fa8   gpioInit
10806024   gpioSetDirection
10806060   gpioSetDataBusDirection
108060a4   gpioSetOutput
108060b8   gpioClearOutput
108060d0   gpioReadInput
10806124   gpioWriteDataBus
10806158   gpioClearDataBus
10806174   gpioSetDataBus
10806194   gpioReadDataBus
108061b8   gpioEnableGlobalInterrupt
108061cc   gpioDisableGlobalInterrupt
108061e0   gpioSetRisingEdgeInterrupt
108061f4   gpioClearRisingEdgeInterrupt
1080620c   gpioSetFallingEdgeInterrupt
10806224   gpioClearFallingEdgeInterrupt
10806240   __c6xabi_divd
10806df0   spi_claim
10806f98   spi_release
10806fb0   spi_xfer
108070e4   spi_cmd
10807148   spi_cmd_read
108071a8   spi_cmd_write
10807208   spi_read_word
108072c0   spi_write_word
10807760   configSerdes
108077f8   Init_SGMII
10807960   nor_get_details
108079ec   nor_init
10807a64   nor_read
10807af4   nor_write
10807cd4   nor_erase
10807e00   getBoardVersion
10807e4c   getFpgaDevID
10807e98   fpgaControlUserLEDs
10807f58   fpgaDisableNandWriteProtect
10807fa0   fpgaEnableNandWriteProtect
10807fe4   fpgaDisableNorWriteProtect
10808028   fpgaEnableNorWriteProtect
1080806c   fpgaDisableEepromWriteProtect
108080b0   fpgaEnableEepromWriteProtect
108080f4   fpgaGetUserSwitch
10808140   fpgaGetAMCDetect
10808184   fpgaWriteConfigurationRegister
10808230   fpgaReadConfigurationRegister
108082c0   _printfi
10808b80   fputs
10809240   UartInit
10809398   UartSetBaudRate
10809410   UartReadBaudRate
10809480   UartReadData
108094ac   UartWriteData
1080950c   UartIsDataReady
10809d60   free
10809fe0   __c6xabi_divull
1080a8c0   fputc
1080ace0   setvbuf
1080b0a0   HOSTrename
1080b240   __c6xabi_divul
1080b560   malloc
1080b960   _closefile
1080bba0   fseek
1080bcc0   HOSTlseek
1080bdc0   _auto_init_elf
1080bec0   _wrt_ok
1080bfc0   copy_in
1080c0c0   HOSTopen
1080c1a0   __c6xabi_divi
1080c1a0   __divi
1080c360   atoi
1080c440   close
1080c520   __TI_zero_init
1080c600   ltoa
1080c6e0   memset
1080c7c0   printf
1080c8a0   Osal_platformMalloc
1080c8b4   Osal_platformFree
1080c8d4   Osal_platformSpiCsEnter
1080c8d8   Osal_platformSpiCsExit
1080c8e0   start_boot
1080c910   main
1080c980   HOSTread
1080ca40   HOSTunlink
1080cb00   HOSTwrite
1080cbc0   __c6xabi_divu
1080cbc0   __divu
1080cc80   _doflush
1080cd40   exit
1080ce00   __TI_tls_init
1080cec0   HOSTclose
1080cf60   __c6xabi_remu
1080cf60   __remu
1080d000   _cleanup
1080d1e0   _minit
1080d3c0   lseek
1080d460   memcpy
1080d640   write
1080d6e0   __c6xabi_fixdu
1080d760   __c6xabi_llshl
1080d7e0   _c_int00
1080d860   readmsg
1080d8e0   strncpy
1080d960   evmI2CInit
1080d9e0   remove
1080d9e0   unlink
1080da60   __TI_cpp_init
1080dac0   __c6xabi_frcmpyd_div
1080db20   __c6xabi_llshru
1080db80   _subcull
1080dbe0   memccpy
1080dc40   vsprintf
1080dca0   writemsg
1080dcf8   C$$IO$$
1080dd00   __c6xabi_isinf
1080dd80   _args_main
1080de00   strlen
1080de40   __c6xabi_negll
1080de60   _nop
1080dee0   C$$EXIT
1080dee0   abort
1080df00   __TI_decompress_none
1080df20   __TI_decompress_rle24
1080df98   gDeviceNandBBlist
1080f1c4   gDeviceNand
1080f1fc   gDeviceNor
1080f234   gDeviceEeprom0
1080f26c   gDeviceEeprom1
1080f2a8   emac_port_mode
1080f3b0   _stack
108103b0   __TI_STACK_END
108103b0   _sys_memory
108113b0   _ftable
108116a8   _cleanup_ptr
108116ac   _dtors_ptr
108116b0   __TI_enable_exit_profile_output
108116c0   _lock
108116c4   _unlock
108116c8   _ft_end
108116d0   _ctypes_
10811870   _tmpnams
108119b0   gI2cBlock
10811a00   __CIOBUF_
10811b30   __TI_STATIC_BASE
10811b30   platform_errno
10811b34   platform_init_return_code
10811d54   __TI_Handler_Table_Base
10811d60   __TI_Handler_Table_Limit
10811d7c   __TI_CINIT_Base
10811da4   __TI_CINIT_Limit
ffffffff   __TI_pprof_out_hndl
ffffffff   __TI_prof_data_size
ffffffff   __TI_prof_data_start
ffffffff   __binit__
ffffffff   __c_args__
ffffffff   binit
UNDEFED    __TI_INITARRAY_Base
UNDEFED    __TI_INITARRAY_Limit
UNDEFED    __TI_TLS_INIT_Base
UNDEFED    __TI_TLS_INIT_Limit

[220 symbols]
