******************************************************************************
               TMS320C6x Linker Unix v7.4.0                    
******************************************************************************
>> Linked Mon Nov 19 18:24:28 2012

OUTPUT FILE NAME:   <../bin/srioboot_example_evm6657l.out>
ENTRY POINT SYMBOL: "_c_int00"  address: 00828960


MEMORY CONFIGURATION

         name            origin    length      used     unused   attr    fill
----------------------  --------  ---------  --------  --------  ----  --------
  L2                    00800000   00080000  0004908f  00036f71  RWIX


SEGMENT ALLOCATION MAP

run origin  load origin   length   init length attrs members
----------  ----------- ---------- ----------- ----- -------
00800000    00800000    0001b964   0001b964    rw-
  00800000    00800000    0001b964   0001b964    rw- .fardata
0081b980    0081b980    0000d740   0000d740    r-x
  0081b980    0081b980    0000d740   0000d740    r-x .text
008290c0    008290c0    00004000   00000000    rw-
  008290c0    008290c0    00002000   00000000    rw- .stack
  0082b0c0    0082b0c0    00002000   00000000    rw- .sysmem
0082d0c0    0082d0c0    00000da0   00000da0    rw-
  0082d0c0    0082d0c0    00000da0   00000da0    rw- platform_lib
0082de60    0082de60    000002d7   000002d7    r--
  0082de60    0082de60    000002d7   000002d7    r-- .const
0082e138    0082e138    000002b0   00000000    rw-
  0082e138    0082e138    00000190   00000000    rw- .far
  0082e2c8    0082e2c8    00000120   00000000    rw- .cio
0082e3f0    0082e3f0    00000024   0000001c    rw-
  0082e3f0    0082e3f0    0000001c   0000001c    rw- .neardata
  0082e40c    0082e40c    00000008   00000000    rw- .bss
0082e414    0082e414    0001aca0   0001aca0    r--
  0082e414    0082e414    0001aca0   0001aca0    r-- .cinit


SECTION ALLOCATION MAP

 output                                  attributes/
section   page    origin      length       input sections
--------  ----  ----------  ----------   ----------------
.fardata   0    00800000    0001b964     
                  00800000    0000dc7c     srioBootExample.obj (.fardata:bootCode)
                  0080dc7c    00000004     rts6600_elf.lib : defs.obj (.fardata)
                  0080dc80    0000d9c0     srioBootExample.obj (.fardata:ddrInitCode)
                  0081b640    000001e0     rts6600_elf.lib : defs.obj (.fardata:_ftable)
                  0081b820    000000a0                     : lowlev.obj (.fardata:_stream)
                  0081b8c0    00000078                     : lowlev.obj (.fardata:_device)
                  0081b938    0000000c                     : exit.obj (.fardata)
                  0081b944    0000000c                     : memory.obj (.fardata)
                  0081b950    0000000c     srioBootExample.obj (.fardata:version)
                  0081b95c    00000008     rts6600_elf.lib : _lock.obj (.fardata)

.text      0    0081b980    0000d740     
                  0081b980    00001ea0     ti.platform.evm6657l.ae66 : platform.obj (.text)
                  0081d820    00001900                               : evmc6657.obj (.text)
                  0081f120    000010c0                               : evmc665x_nand.obj (.text)
                  008201e0    00000d80                               : evmc665x_i2c_eeprom.obj (.text)
                  00820f60    00000700     srioBootExample.obj (.text)
                  00821660    000006c0     ti.platform.evm6657l.ae66 : evmc665x_uart.obj (.text)
                  00821d20    000005c0     rts6600_elf.lib : divd.obj (.text:__c6xabi_divd)
                  008222e0    000005c0                     : _printfi.obj (.text:_getarg_diouxp)
                  008228a0    000005c0     ti.platform.evm6657l.ae66 : evmc665x_spi.obj (.text)
                  00822e60    00000520                               : evmc665x_nor.obj (.text)
                  00823380    000004c0                               : evmc665x_fpga.obj (.text)
                  00823840    00000460     rts6600_elf.lib : _printfi.obj (.text:_printfi)
                  00823ca0    00000460                     : _printfi.obj (.text:_setfield)
                  00824100    000003a0                     : fputs.obj (.text:fputs)
                  008244a0    00000320                     : _printfi.obj (.text:_pproc_fge)
                  008247c0    000002e0                     : _printfi.obj (.text:_pproc_fwp)
                  00824aa0    000002a0                     : _printfi.obj (.text:fcvt)
                  00824d40    00000280                     : _printfi.obj (.text:ecvt)
                  00824fc0    00000280                     : memory.obj (.text:free)
                  00825240    00000240                     : imath64.obj (.text:__c6xabi_divull)
                  00825480    00000240                     : _printfi.obj (.text:_pconv_e)
                  008256c0    00000240                     : _printfi.obj (.text:_pproc_diouxp)
                  00825900    00000220                     : _printfi.obj (.text:_pproc_str)
                  00825b20    00000220                     : fputc.obj (.text:fputc)
                  00825d40    00000200                     : _printfi.obj (.text:_pconv_g)
                  00825f40    00000200                     : setvbuf.obj (.text:setvbuf)
                  00826140    000001c0                     : _printfi.obj (.text:_mcpy)
                  00826300    000001a0                     : trgdrv.obj (.text:HOSTrename)
                  008264a0    000001a0                     : imath40.obj (.text:__c6xabi_divul)
                  00826640    00000180                     : copy_decompress_rle.obj (.text:__TI_decompress_rle_core)
                  008267c0    00000180                     : memory.obj (.text:malloc)
                  00826940    00000160     ti.platform.evm6657l.ae66 : evmc665x_phy.obj (.text)
                  00826aa0    00000140     rts6600_elf.lib : _printfi.obj (.text:_pproc_fflags)
                  00826be0    00000140                     : lowlev.obj (.text:getdevice)
                  00826d20    00000120                     : fclose.obj (.text:_closefile)
                  00826e40    00000120                     : _printfi.obj (.text:_ltostr)
                  00826f60    00000120                     : fseek.obj (.text:fseek)
                  00827080    00000100                     : trgdrv.obj (.text:HOSTlseek)
                  00827180    00000100                     : autoinit.obj (.text:_auto_init_elf)
                  00827280    00000100                     : _io_perm.obj (.text:_wrt_ok)
                  00827380    00000100                     : cpy_tbl.obj (.text:copy_in)
                  00827480    000000e0                     : trgdrv.obj (.text:HOSTopen)
                  00827560    000000e0                     : _printfi.obj (.text:_div)
                  00827640    000000e0                     : atoi.obj (.text:atoi)
                  00827720    000000e0                     : lowlev.obj (.text:close)
                  00827800    000000e0                     : copy_zero_init.obj (.text:decompress:ZI:__TI_zero_init)
                  008278e0    000000e0                     : ltoa.obj (.text:ltoa)
                  008279c0    000000e0                     : memset.obj (.text:memset)
                  00827aa0    000000e0                     : printf.obj (.text:printf)
                  00827b80    000000c0                     : trgdrv.obj (.text:HOSTread)
                  00827c40    000000c0                     : trgdrv.obj (.text:HOSTunlink)
                  00827d00    000000c0                     : trgdrv.obj (.text:HOSTwrite)
                  00827dc0    000000c0                     : divu.obj (.text:__divu)
                  00827e80    000000c0                     : fflush.obj (.text:_doflush)
                  00827f40    000000c0                     : exit.obj (.text:exit)
                  00828000    000000c0                     : tls.obj (.text:tls:init:__TI_tls_init)
                  008280c0    000000a0                     : trgdrv.obj (.text:HOSTclose)
                  00828160    000000a0                     : remu.obj (.text:__remu)
                  00828200    000000a0                     : fopen.obj (.text:_cleanup)
                  008282a0    000000a0                     : _printfi.obj (.text:_ecpy)
                  00828340    000000a0                     : _printfi.obj (.text:_fcpy)
                  008283e0    000000a0                     : memory.obj (.text:_minit)
                  00828480    000000a0                     : _printfi.obj (.text:_pconv_f)
                  00828520    000000a0                     : lowlev.obj (.text:finddevice)
                  008285c0    000000a0                     : lowlev.obj (.text:lseek)
                  00828660    000000a0                     : memcpy64.obj (.text:memcpy)
                  00828700    000000a0                     : memory.obj (.text:minsert)
                  008287a0    000000a0                     : memory.obj (.text:mremove)
                  00828840    000000a0                     : lowlev.obj (.text:write)
                  008288e0    00000080                     : llshift.obj (.text:__c6xabi_llshl)
                  00828960    00000080                     : boot.obj (.text:_c_int00)
                  008289e0    00000080                     : trgmsg.obj (.text:readmsg)
                  00828a60    00000080                     : strncpy.obj (.text:strncpy)
                  00828ae0    00000080     ti.platform.evm6657l.ae66 : evm665x_i2c.obj (.text)
                  00828b60    00000080     rts6600_elf.lib : lowlev.obj (.text:unlink)
                  00828be0    00000060                     : cpp_init.obj (.text:__TI_cpp_init)
                  00828c40    00000060                     : frcmpyd_div.obj (.text:__c6xabi_frcmpyd_div)
                  00828ca0    00000060                     : llshift.obj (.text:__c6xabi_llshru)
                  00828d00    00000060                     : imath64.obj (.text:_subcull)
                  00828d60    00000060                     : memccpy.obj (.text:memccpy)
                  00828dc0    00000060                     : vsprintf.obj (.text:vsprintf)
                  00828e20    00000060                     : trgmsg.obj (.text:writemsg)
                  00828e80    00000040                     : isinf.obj (.text:__c6xabi_isinf)
                  00828ec0    00000040                     : _printfi.obj (.text:__c6xabi_isnan)
                  00828f00    00000040                     : args_main.obj (.text:_args_main)
                  00828f40    00000040                     : vsprintf.obj (.text:_outs)
                  00828f80    00000040                     : strlen.obj (.text:strlen)
                  00828fc0    00000020                     : negll.obj (.text:__c6xabi_negll)
                  00828fe0    00000020                     : _lock.obj (.text:_nop)
                  00829000    00000020                     : printf.obj (.text:_outc)
                  00829020    00000020                     : vsprintf.obj (.text:_outc)
                  00829040    00000020                     : printf.obj (.text:_outs)
                  00829060    00000020                     : exit.obj (.text:abort)
                  00829080    00000020                     : copy_decompress_none.obj (.text:decompress:none:__TI_decompress_none)
                  008290a0    00000020                     : copy_decompress_rle.obj (.text:decompress:rle24:__TI_decompress_rle24)

.stack     0    008290c0    00002000     UNINITIALIZED
                  008290c0    00000008     rts6600_elf.lib : boot.obj (.stack)
                  008290c8    00001ff8     --HOLE--

.sysmem    0    0082b0c0    00002000     UNINITIALIZED
                  0082b0c0    00000008     rts6600_elf.lib : memory.obj (.sysmem)
                  0082b0c8    00001ff8     --HOLE--

platform_lib 
*          0    0082d0c0    00000da0     
                  0082d0c0    00000840     ti.platform.evm6657l.ae66 : evmc665x_nand.obj (platform_lib) [fill = 0]
                  0082d900    00000458                               : platform.obj (platform_lib:uninit) [fill = 0]
                  0082dd58    00000108                               : platform.obj (platform_lib:init)

.const     0    0082de60    000002d7     
                  0082de60    00000101     rts6600_elf.lib : ctype.obj (.const:.string:_ctypes_)
                  0082df61    00000003     --HOLE-- [fill = 0]
                  0082df64    000000e4     srioBootExample.obj (.const:.string)
                  0082e048    00000058     ti.platform.evm6657l.ae66 : platform.obj (.const:.string)
                  0082e0a0    00000028                               : evmc665x_nand.obj (.const:.string:$P$T0$1)
                  0082e0c8    00000028                               : evmc665x_nand.obj (.const:.string:$P$T1$2)
                  0082e0f0    00000024     srioBootExample.obj (.const:.string:$P$T0$1)
                  0082e114    00000023     rts6600_elf.lib : _printfi.obj (.const:.string)

.far       0    0082e138    00000190     UNINITIALIZED
                  0082e138    00000140     rts6600_elf.lib : defs.obj (.far)
                  0082e278    00000044     ti.platform.evm6657l.ae66 : evmc665x_i2c_eeprom.obj (.far)
                  0082e2bc    00000004     --HOLE--
                  0082e2c0    00000008     rts6600_elf.lib : trgdrv.obj (.far)

.cio       0    0082e2c8    00000120     UNINITIALIZED
                  0082e2c8    00000120     rts6600_elf.lib : trgmsg.obj (.cio)

.neardata 
*          0    0082e3f0    0000001c     
                  0082e3f0    00000014     srioBootExample.obj (.neardata)
                  0082e404    00000008     ti.platform.evm6657l.ae66 : platform.obj (.neardata)

.rodata    0    0082e40c    00000000     UNINITIALIZED

.bss       0    0082e40c    00000008     UNINITIALIZED
                  0082e40c    00000004     srioBootExample.obj (.bss)
                  0082e410    00000004     ti.platform.evm6657l.ae66 : evmc665x_spi.obj (.bss)

.cinit     0    0082e414    0001aca0     
                  0082e414    0001abaf     (.cinit..fardata.load) [load image, compression = rle]
                  00848fc3    00000001     --HOLE-- [fill = 0]
                  00848fc4    0000009b     (.cinit.platform_lib.load) [load image, compression = rle]
                  0084905f    00000001     --HOLE-- [fill = 0]
                  00849060    0000000d     (.cinit..neardata.load) [load image, compression = rle]
                  0084906d    00000003     --HOLE-- [fill = 0]
                  00849070    0000000c     (__TI_handler_table)
                  0084907c    00000008     (.cinit..bss.load) [load image, compression = zero_init]
                  00849084    00000008     (.cinit..far.load) [load image, compression = zero_init]
                  0084908c    00000028     (__TI_cinit_table)


LINKER GENERATED COPY TABLES

__TI_cinit_table @ 0084908c records: 5, size/record: 8, table size: 40
	.fardata: load addr=0082e414, load size=0001abaf bytes, run addr=00800000, run size=0001b964 bytes, compression=rle
	platform_lib: load addr=00848fc4, load size=0000009b bytes, run addr=0082d0c0, run size=00000da0 bytes, compression=rle
	.neardata: load addr=00849060, load size=0000000d bytes, run addr=0082e3f0, run size=0000001c bytes, compression=rle
	.bss: load addr=0084907c, load size=00000008 bytes, run addr=0082e40c, run size=00000008 bytes, compression=zero_init
	.far: load addr=00849084, load size=00000008 bytes, run addr=0082e138, run size=00000190 bytes, compression=zero_init


LINKER GENERATED HANDLER TABLE

__TI_handler_table @ 00849070 records: 3, size/record: 4, table size: 12
	index: 0, handler: __TI_decompress_rle24
	index: 1, handler: __TI_decompress_none
	index: 2, handler: __TI_zero_init


GLOBAL SYMBOLS: SORTED ALPHABETICALLY BY Name 

address    name
--------   ----
00829060   C$$EXIT
00828e78   C$$IO$$
00821000   Convert2BigEndian
0081d7b0   Convert_CoreLocal2GlobalAddr
0081ea54   CorePllcGetHwSetup
0081e808   CorePllcHwSetup
0081ed20   DDR3Init
008280c0   HOSTclose
00827080   HOSTlseek
00827480   HOSTopen
00827b80   HOSTread
00826300   HOSTrename
00827c40   HOSTunlink
00827d00   HOSTwrite
008200b8   NandGetDetails
0081f730   NandReadSpareArea
0081faf0   NandWriteDataBytes
0081fde0   NandWriteSpareArea
00820f74   Osal_platformFree
00820f60   Osal_platformMalloc
00820f94   Osal_platformSpiCsEnter
00820f98   Osal_platformSpiCsExit
0081eb40   PowerUpDomains
008213f4   SRIOPortStatus
00821104   SRIOTransfer
0081eb70   SetDDR3PllConfig
00821660   UartInit
00821c98   UartIsDataReady
00821cd4   UartIsDataReady_B
00821aa0   UartReadBaudRate
00821b10   UartReadBaudRate_B
00821b88   UartReadData
00821bb4   UartReadData_B
008219b8   UartSetBaudRate
00821a30   UartSetBaudRate_B
00821be4   UartWriteData
00821c40   UartWriteData_B
0082e2c8   __CIOBUF_
0084908c   __TI_CINIT_Base
008490b4   __TI_CINIT_Limit
00849070   __TI_Handler_Table_Base
0084907c   __TI_Handler_Table_Limit
UNDEFED    __TI_INITARRAY_Base
UNDEFED    __TI_INITARRAY_Limit
0082b0c0   __TI_STACK_END
00002000   __TI_STACK_SIZE
0082e3f0   __TI_STATIC_BASE
00002000   __TI_SYSMEM_SIZE
UNDEFED    __TI_TLS_INIT_Base
UNDEFED    __TI_TLS_INIT_Limit
00000001   __TI_args_main
00828be0   __TI_cpp_init
00829080   __TI_decompress_none
008290a0   __TI_decompress_rle24
0081b940   __TI_enable_exit_profile_output
ffffffff   __TI_pprof_out_hndl
ffffffff   __TI_prof_data_size
ffffffff   __TI_prof_data_start
00828000   __TI_tls_init
00827800   __TI_zero_init
ffffffff   __binit__
00821d20   __c6xabi_divd
00827dc0   __c6xabi_divu
008264a0   __c6xabi_divul
00825240   __c6xabi_divull
00828c40   __c6xabi_frcmpyd_div
00828e80   __c6xabi_isinf
008288e0   __c6xabi_llshl
00828ca0   __c6xabi_llshru
00828fc0   __c6xabi_negll
00828160   __c6xabi_remu
ffffffff   __c_args__
00827dc0   __divu
00828160   __remu
00828f00   _args_main
00827180   _auto_init_elf
00828960   _c_int00
00828200   _cleanup
0081b938   _cleanup_ptr
00826d20   _closefile
0082de60   _ctypes_
00827e80   _doflush
0081b93c   _dtors_ptr
0080dc7c   _ft_end
0081b640   _ftable
0081b95c   _lock
008283e0   _minit
00828fe0   _nop
00823840   _printfi
008290c0   _stack
00828d00   _subcull
0082b0c0   _sys_memory
0082e138   _tmpnams
0081b960   _unlock
00827280   _wrt_ok
00829060   abort
00827640   atoi
ffffffff   binit
00800000   bootCode
0082e400   bootEntryAddr
00820fa0   byteto32bits
00827720   close
00826a14   configSerdes
00827380   copy_in
0082e40c   coreNum
0080dc80   ddrInitCode
0082de58   emac_port_mode
00828ae0   evmI2CInit
00827f40   exit
00823418   fpgaControlUserLEDs
008235ec   fpgaDisableEepromWriteProtect
008234d8   fpgaDisableNandWriteProtect
00823564   fpgaDisableNorWriteProtect
00823630   fpgaEnableEepromWriteProtect
00823520   fpgaEnableNandWriteProtect
008235a8   fpgaEnableNorWriteProtect
008236c0   fpgaGetAMCDetect
00823674   fpgaGetUserSwitch
008237b0   fpgaReadConfigurationRegister
00823704   fpgaWriteConfigurationRegister
00825b20   fputc
00824100   fputs
00824fc0   free
00826f60   fseek
0082dde4   gDeviceEeprom0
0082de1c   gDeviceEeprom1
0082dd74   gDeviceNand
0082d958   gDeviceNandBBlist
0082ddac   gDeviceNor
0082e278   gI2cBlock
00823380   getBoardVersion
008233cc   getFpgaDevID
00820c00   i2cEepromMacRead
00820968   i2cEepromMacWrite
008204ec   i2cEepromRead
008206f0   i2cEepromWrite
00820224   i2cEepromWriteBlock
00820810   i2cEepromWriteByteAddr
0082e3f8   loopback
008285c0   lseek
008278e0   ltoa
00821504   main
00821304   mainPacket
008267c0   malloc
00828d60   memccpy
00828660   memcpy
008279c0   memset
0081fef8   nandFlashBlockErase
008201c0   nandInit
00823254   nor_erase
00822ee0   nor_get_details
00822f6c   nor_init
00822ff0   nor_read
00823080   nor_write
0081d0c8   platform_blocknpage_to_offset
0081c620   platform_delay
0081c680   platform_delaycycles
0081cb50   platform_device_close
0081d6ec   platform_device_erase_block
0081cc8c   platform_device_mark_block_bad
0081c9cc   platform_device_open
0081ce40   platform_device_read
0081cbec   platform_device_read_spare_data
0081d1c0   platform_device_write
0081cda0   platform_device_write_spare_data
0082e404   platform_errno
0081c6c0   platform_external_memory_test
0081c5b4   platform_fpgaReadConfigReg
0081c590   platform_fpgaWriteConfigReg
0081c344   platform_get_coreid
0081c350   platform_get_emac_info
0081c474   platform_get_emac_start_evt_id
0081be28   platform_get_info
0081c3e4   platform_get_macaddr
0081c478   platform_get_phy_addr
0081c498   platform_get_switch_state
0081c134   platform_init
0082e408   platform_init_return_code
0081c740   platform_internal_memory_test
0081c5d4   platform_led
0081cfa0   platform_offset_to_blocknpage
0081c4a8   platform_phy_link_status
0081c574   platform_uart_init
0081c4b8   platform_uart_read
0081c540   platform_uart_set_baudrate
0081c524   platform_uart_write
0081c8a8   platform_write
0081c870   platform_write_configure
0082e3f0   port
008210d8   print_platform_errno
00827aa0   printf
0081e6a4   prog_pll1_values
008211cc   pushData2Srio
0081f828   readNandPage
008289e0   readmsg
00828b60   remove
0082e3f4   rio_id
0081bd10   serial_num_isvalid
00825f40   setvbuf
008228d0   spi_claim
00822bc8   spi_cmd
00822c40   spi_cmd_read
00822ca0   spi_cmd_write
00822d00   spi_read_word
00822a78   spi_release
00822dac   spi_write_word
00822a90   spi_xfer
00821474   srio_init
00828f80   strlen
00828a60   strncpy
00821094   swap
00828b60   unlink
0081b950   version
00828dc0   vsprintf
00828840   write
0081fb54   writeNandPage
00828e20   writemsg
0081ecd4   xmc_setup


GLOBAL SYMBOLS: SORTED BY Symbol Address 

address    name
--------   ----
00000001   __TI_args_main
00002000   __TI_STACK_SIZE
00002000   __TI_SYSMEM_SIZE
00800000   bootCode
0080dc7c   _ft_end
0080dc80   ddrInitCode
0081b640   _ftable
0081b938   _cleanup_ptr
0081b93c   _dtors_ptr
0081b940   __TI_enable_exit_profile_output
0081b950   version
0081b95c   _lock
0081b960   _unlock
0081bd10   serial_num_isvalid
0081be28   platform_get_info
0081c134   platform_init
0081c344   platform_get_coreid
0081c350   platform_get_emac_info
0081c3e4   platform_get_macaddr
0081c474   platform_get_emac_start_evt_id
0081c478   platform_get_phy_addr
0081c498   platform_get_switch_state
0081c4a8   platform_phy_link_status
0081c4b8   platform_uart_read
0081c524   platform_uart_write
0081c540   platform_uart_set_baudrate
0081c574   platform_uart_init
0081c590   platform_fpgaWriteConfigReg
0081c5b4   platform_fpgaReadConfigReg
0081c5d4   platform_led
0081c620   platform_delay
0081c680   platform_delaycycles
0081c6c0   platform_external_memory_test
0081c740   platform_internal_memory_test
0081c870   platform_write_configure
0081c8a8   platform_write
0081c9cc   platform_device_open
0081cb50   platform_device_close
0081cbec   platform_device_read_spare_data
0081cc8c   platform_device_mark_block_bad
0081cda0   platform_device_write_spare_data
0081ce40   platform_device_read
0081cfa0   platform_offset_to_blocknpage
0081d0c8   platform_blocknpage_to_offset
0081d1c0   platform_device_write
0081d6ec   platform_device_erase_block
0081d7b0   Convert_CoreLocal2GlobalAddr
0081e6a4   prog_pll1_values
0081e808   CorePllcHwSetup
0081ea54   CorePllcGetHwSetup
0081eb40   PowerUpDomains
0081eb70   SetDDR3PllConfig
0081ecd4   xmc_setup
0081ed20   DDR3Init
0081f730   NandReadSpareArea
0081f828   readNandPage
0081faf0   NandWriteDataBytes
0081fb54   writeNandPage
0081fde0   NandWriteSpareArea
0081fef8   nandFlashBlockErase
008200b8   NandGetDetails
008201c0   nandInit
00820224   i2cEepromWriteBlock
008204ec   i2cEepromRead
008206f0   i2cEepromWrite
00820810   i2cEepromWriteByteAddr
00820968   i2cEepromMacWrite
00820c00   i2cEepromMacRead
00820f60   Osal_platformMalloc
00820f74   Osal_platformFree
00820f94   Osal_platformSpiCsEnter
00820f98   Osal_platformSpiCsExit
00820fa0   byteto32bits
00821000   Convert2BigEndian
00821094   swap
008210d8   print_platform_errno
00821104   SRIOTransfer
008211cc   pushData2Srio
00821304   mainPacket
008213f4   SRIOPortStatus
00821474   srio_init
00821504   main
00821660   UartInit
008219b8   UartSetBaudRate
00821a30   UartSetBaudRate_B
00821aa0   UartReadBaudRate
00821b10   UartReadBaudRate_B
00821b88   UartReadData
00821bb4   UartReadData_B
00821be4   UartWriteData
00821c40   UartWriteData_B
00821c98   UartIsDataReady
00821cd4   UartIsDataReady_B
00821d20   __c6xabi_divd
008228d0   spi_claim
00822a78   spi_release
00822a90   spi_xfer
00822bc8   spi_cmd
00822c40   spi_cmd_read
00822ca0   spi_cmd_write
00822d00   spi_read_word
00822dac   spi_write_word
00822ee0   nor_get_details
00822f6c   nor_init
00822ff0   nor_read
00823080   nor_write
00823254   nor_erase
00823380   getBoardVersion
008233cc   getFpgaDevID
00823418   fpgaControlUserLEDs
008234d8   fpgaDisableNandWriteProtect
00823520   fpgaEnableNandWriteProtect
00823564   fpgaDisableNorWriteProtect
008235a8   fpgaEnableNorWriteProtect
008235ec   fpgaDisableEepromWriteProtect
00823630   fpgaEnableEepromWriteProtect
00823674   fpgaGetUserSwitch
008236c0   fpgaGetAMCDetect
00823704   fpgaWriteConfigurationRegister
008237b0   fpgaReadConfigurationRegister
00823840   _printfi
00824100   fputs
00824fc0   free
00825240   __c6xabi_divull
00825b20   fputc
00825f40   setvbuf
00826300   HOSTrename
008264a0   __c6xabi_divul
008267c0   malloc
00826a14   configSerdes
00826d20   _closefile
00826f60   fseek
00827080   HOSTlseek
00827180   _auto_init_elf
00827280   _wrt_ok
00827380   copy_in
00827480   HOSTopen
00827640   atoi
00827720   close
00827800   __TI_zero_init
008278e0   ltoa
008279c0   memset
00827aa0   printf
00827b80   HOSTread
00827c40   HOSTunlink
00827d00   HOSTwrite
00827dc0   __c6xabi_divu
00827dc0   __divu
00827e80   _doflush
00827f40   exit
00828000   __TI_tls_init
008280c0   HOSTclose
00828160   __c6xabi_remu
00828160   __remu
00828200   _cleanup
008283e0   _minit
008285c0   lseek
00828660   memcpy
00828840   write
008288e0   __c6xabi_llshl
00828960   _c_int00
008289e0   readmsg
00828a60   strncpy
00828ae0   evmI2CInit
00828b60   remove
00828b60   unlink
00828be0   __TI_cpp_init
00828c40   __c6xabi_frcmpyd_div
00828ca0   __c6xabi_llshru
00828d00   _subcull
00828d60   memccpy
00828dc0   vsprintf
00828e20   writemsg
00828e78   C$$IO$$
00828e80   __c6xabi_isinf
00828f00   _args_main
00828f80   strlen
00828fc0   __c6xabi_negll
00828fe0   _nop
00829060   C$$EXIT
00829060   abort
00829080   __TI_decompress_none
008290a0   __TI_decompress_rle24
008290c0   _stack
0082b0c0   __TI_STACK_END
0082b0c0   _sys_memory
0082d958   gDeviceNandBBlist
0082dd74   gDeviceNand
0082ddac   gDeviceNor
0082dde4   gDeviceEeprom0
0082de1c   gDeviceEeprom1
0082de58   emac_port_mode
0082de60   _ctypes_
0082e138   _tmpnams
0082e278   gI2cBlock
0082e2c8   __CIOBUF_
0082e3f0   __TI_STATIC_BASE
0082e3f0   port
0082e3f4   rio_id
0082e3f8   loopback
0082e400   bootEntryAddr
0082e404   platform_errno
0082e408   platform_init_return_code
0082e40c   coreNum
00849070   __TI_Handler_Table_Base
0084907c   __TI_Handler_Table_Limit
0084908c   __TI_CINIT_Base
008490b4   __TI_CINIT_Limit
ffffffff   __TI_pprof_out_hndl
ffffffff   __TI_prof_data_size
ffffffff   __TI_prof_data_start
ffffffff   __binit__
ffffffff   __c_args__
ffffffff   binit
UNDEFED    __TI_INITARRAY_Base
UNDEFED    __TI_INITARRAY_Limit
UNDEFED    __TI_TLS_INIT_Base
UNDEFED    __TI_TLS_INIT_Limit

[218 symbols]
