******************************************************************************
               TMS320C6x Linker Unix v7.4.0                    
******************************************************************************
>> Linked Mon Nov 19 18:21:50 2012

OUTPUT FILE NAME:   <../bin/srioboot_ddrinit_evm6678l.out>
ENTRY POINT SYMBOL: "_c_int00"  address: 1080cf00


MEMORY CONFIGURATION

         name            origin    length      used     unused   attr    fill
----------------------  --------  ---------  --------  --------  ----  --------
  L2_LOCAL              10800000   00080000  000112de  0006ed22  RW X


SEGMENT ALLOCATION MAP

run origin  load origin   length   init length attrs members
----------  ----------- ---------- ----------- ----- -------
10800000    10800000    0000d660   0000d660    r-x
  10800000    10800000    0000d660   0000d660    r-x .text
1080d660    1080d660    00003370   00001370    rw-
  1080d660    1080d660    00001370   00001370    rw- platform_lib
  1080e9d0    1080e9d0    00001000   00000000    rw- .stack
  1080f9d0    1080f9d0    00001000   00000000    rw- .sysmem
108109d0    108109d0    0000031c   0000031c    rw-
  108109d0    108109d0    0000031c   0000031c    rw- .fardata
10810cf0    10810cf0    000001b2   000001b2    r--
  10810cf0    10810cf0    000001b2   000001b2    r-- .const
10810ea8    10810ea8    000002b0   00000000    rw-
  10810ea8    10810ea8    00000190   00000000    rw- .far
  10811038    10811038    00000120   00000000    rw- .cio
10811158    10811158    00000020   00000020    r--
  10811158    10811158    00000020   00000020    r-- .switch
10811178    10811178    0000000c   00000008    rw-
  10811178    10811178    00000008   00000008    rw- .neardata
  10811180    10811180    00000004   00000000    rw- .bss
10811184    10811184    00000164   00000164    r--
  10811184    10811184    00000164   00000164    r-- .cinit


SECTION ALLOCATION MAP

 output                                  attributes/
section   page    origin      length       input sections
--------  ----  ----------  ----------   ----------------
.text      0    10800000    0000d660     
                  10800000    00001fe0     ti.platform.evm6678l.ae66 : platform.obj (.text)
                  10801fe0    00001b40                               : evmc6678.obj (.text)
                  10803b20    00001160                               : evm66x_nand.obj (.text)
                  10804c80    00000d80                               : evmc66x_i2c_eeprom.obj (.text)
                  10805a00    000005c0     rts6600_elf.lib : divd.obj (.text:__c6xabi_divd)
                  10805fc0    000005c0                     : _printfi.obj (.text:_getarg_diouxp)
                  10806580    000005a0     ti.platform.evm6678l.ae66 : evmc66x_spi.obj (.text)
                  10806b20    00000560                               : evmc6678_phy.obj (.text)
                  10807080    00000520                               : evmc66x_nor.obj (.text)
                  108075a0    000004c0                               : evmc66x_fpga.obj (.text)
                  10807a60    00000460     rts6600_elf.lib : _printfi.obj (.text:_printfi)
                  10807ec0    00000460                     : _printfi.obj (.text:_setfield)
                  10808320    000003a0                     : fputs.obj (.text:fputs)
                  108086c0    00000320                     : _printfi.obj (.text:_pproc_fge)
                  108089e0    00000320     ti.platform.evm6678l.ae66 : evmc66x_uart.obj (.text)
                  10808d00    000002e0     rts6600_elf.lib : _printfi.obj (.text:_pproc_fwp)
                  10808fe0    000002a0                     : _printfi.obj (.text:fcvt)
                  10809280    00000280                     : _printfi.obj (.text:ecvt)
                  10809500    00000280                     : memory.obj (.text:free)
                  10809780    00000240                     : imath64.obj (.text:__c6xabi_divull)
                  108099c0    00000240                     : _printfi.obj (.text:_pconv_e)
                  10809c00    00000240                     : _printfi.obj (.text:_pproc_diouxp)
                  10809e40    00000220                     : _printfi.obj (.text:_pproc_str)
                  1080a060    00000220                     : fputc.obj (.text:fputc)
                  1080a280    00000200                     : _printfi.obj (.text:_pconv_g)
                  1080a480    00000200                     : setvbuf.obj (.text:setvbuf)
                  1080a680    000001c0                     : _printfi.obj (.text:_mcpy)
                  1080a840    000001a0                     : trgdrv.obj (.text:HOSTrename)
                  1080a9e0    000001a0                     : imath40.obj (.text:__c6xabi_divul)
                  1080ab80    00000180                     : copy_decompress_rle.obj (.text:__TI_decompress_rle_core)
                  1080ad00    00000180                     : memory.obj (.text:malloc)
                  1080ae80    00000140                     : _printfi.obj (.text:_pproc_fflags)
                  1080afc0    00000140                     : lowlev.obj (.text:getdevice)
                  1080b100    00000120                     : fclose.obj (.text:_closefile)
                  1080b220    00000120                     : _printfi.obj (.text:_ltostr)
                  1080b340    00000120                     : fseek.obj (.text:fseek)
                  1080b460    00000100                     : trgdrv.obj (.text:HOSTlseek)
                  1080b560    00000100                     : autoinit.obj (.text:_auto_init_elf)
                  1080b660    00000100                     : _io_perm.obj (.text:_wrt_ok)
                  1080b760    00000100                     : cpy_tbl.obj (.text:copy_in)
                  1080b860    000000e0                     : trgdrv.obj (.text:HOSTopen)
                  1080b940    000000e0                     : divi.obj (.text:__divi)
                  1080ba20    000000e0                     : _printfi.obj (.text:_div)
                  1080bb00    000000e0                     : atoi.obj (.text:atoi)
                  1080bbe0    000000e0                     : lowlev.obj (.text:close)
                  1080bcc0    000000e0                     : copy_zero_init.obj (.text:decompress:ZI:__TI_zero_init)
                  1080bda0    000000e0                     : ltoa.obj (.text:ltoa)
                  1080be80    000000e0                     : memset.obj (.text:memset)
                  1080bf60    000000e0                     : printf.obj (.text:printf)
                  1080c040    000000e0     srioboot_ddrinit.obj (.text)
                  1080c120    000000c0     rts6600_elf.lib : trgdrv.obj (.text:HOSTread)
                  1080c1e0    000000c0                     : trgdrv.obj (.text:HOSTunlink)
                  1080c2a0    000000c0                     : trgdrv.obj (.text:HOSTwrite)
                  1080c360    000000c0                     : divu.obj (.text:__divu)
                  1080c420    000000c0                     : fflush.obj (.text:_doflush)
                  1080c4e0    000000c0                     : exit.obj (.text:exit)
                  1080c5a0    000000c0                     : tls.obj (.text:tls:init:__TI_tls_init)
                  1080c660    000000a0                     : trgdrv.obj (.text:HOSTclose)
                  1080c700    000000a0                     : remu.obj (.text:__remu)
                  1080c7a0    000000a0                     : fopen.obj (.text:_cleanup)
                  1080c840    000000a0                     : _printfi.obj (.text:_ecpy)
                  1080c8e0    000000a0                     : _printfi.obj (.text:_fcpy)
                  1080c980    000000a0                     : memory.obj (.text:_minit)
                  1080ca20    000000a0                     : _printfi.obj (.text:_pconv_f)
                  1080cac0    000000a0                     : lowlev.obj (.text:finddevice)
                  1080cb60    000000a0                     : lowlev.obj (.text:lseek)
                  1080cc00    000000a0                     : memcpy64.obj (.text:memcpy)
                  1080cca0    000000a0                     : memory.obj (.text:minsert)
                  1080cd40    000000a0                     : memory.obj (.text:mremove)
                  1080cde0    000000a0                     : lowlev.obj (.text:write)
                  1080ce80    00000080                     : llshift.obj (.text:__c6xabi_llshl)
                  1080cf00    00000080                     : boot.obj (.text:_c_int00)
                  1080cf80    00000080                     : trgmsg.obj (.text:readmsg)
                  1080d000    00000080                     : strncpy.obj (.text:strncpy)
                  1080d080    00000080     ti.platform.evm6678l.ae66 : evm66x_i2c.obj (.text)
                  1080d100    00000080     rts6600_elf.lib : lowlev.obj (.text:unlink)
                  1080d180    00000060                     : cpp_init.obj (.text:__TI_cpp_init)
                  1080d1e0    00000060                     : frcmpyd_div.obj (.text:__c6xabi_frcmpyd_div)
                  1080d240    00000060                     : llshift.obj (.text:__c6xabi_llshru)
                  1080d2a0    00000060                     : imath64.obj (.text:_subcull)
                  1080d300    00000060                     : memccpy.obj (.text:memccpy)
                  1080d360    00000060                     : vsprintf.obj (.text:vsprintf)
                  1080d3c0    00000060                     : trgmsg.obj (.text:writemsg)
                  1080d420    00000040                     : isinf.obj (.text:__c6xabi_isinf)
                  1080d460    00000040                     : _printfi.obj (.text:__c6xabi_isnan)
                  1080d4a0    00000040                     : args_main.obj (.text:_args_main)
                  1080d4e0    00000040                     : vsprintf.obj (.text:_outs)
                  1080d520    00000040                     : strlen.obj (.text:strlen)
                  1080d560    00000020                     : negll.obj (.text:__c6xabi_negll)
                  1080d580    00000020                     : _lock.obj (.text:_nop)
                  1080d5a0    00000020                     : printf.obj (.text:_outc)
                  1080d5c0    00000020                     : vsprintf.obj (.text:_outc)
                  1080d5e0    00000020                     : printf.obj (.text:_outs)
                  1080d600    00000020                     : exit.obj (.text:abort)
                  1080d620    00000020                     : copy_decompress_none.obj (.text:decompress:none:__TI_decompress_none)
                  1080d640    00000020                     : copy_decompress_rle.obj (.text:decompress:rle24:__TI_decompress_rle24)

platform_lib 
*          0    1080d660    00001370     
                  1080d660    00001058     ti.platform.evm6678l.ae66 : platform.obj (platform_lib:uninit) [fill = 0]
                  1080e6b8    00000210                               : evm66x_nand.obj (platform_lib) [fill = 0]
                  1080e8c8    00000108                               : platform.obj (platform_lib:init)

.stack     0    1080e9d0    00001000     UNINITIALIZED
                  1080e9d0    00000008     rts6600_elf.lib : boot.obj (.stack)
                  1080e9d8    00000ff8     --HOLE--

.sysmem    0    1080f9d0    00001000     UNINITIALIZED
                  1080f9d0    00000008     rts6600_elf.lib : memory.obj (.sysmem)
                  1080f9d8    00000ff8     --HOLE--

.fardata   0    108109d0    0000031c     
                  108109d0    000001e0     rts6600_elf.lib : defs.obj (.fardata:_ftable)
                  10810bb0    000000a0                     : lowlev.obj (.fardata:_stream)
                  10810c50    00000078                     : lowlev.obj (.fardata:_device)
                  10810cc8    0000000c                     : exit.obj (.fardata)
                  10810cd4    0000000c                     : memory.obj (.fardata)
                  10810ce0    00000008                     : _lock.obj (.fardata)
                  10810ce8    00000004                     : defs.obj (.fardata)

.const     0    10810cf0    000001b2     
                  10810cf0    00000101     rts6600_elf.lib : ctype.obj (.const:.string:_ctypes_)
                  10810df1    00000003     --HOLE-- [fill = 0]
                  10810df4    00000058     ti.platform.evm6678l.ae66 : platform.obj (.const:.string)
                  10810e4c    00000023     rts6600_elf.lib : _printfi.obj (.const:.string)
                  10810e6f    00000001     --HOLE-- [fill = 0]
                  10810e70    00000018     srioboot_ddrinit.obj (.const:.string)
                  10810e88    0000000a     ti.platform.evm6678l.ae66 : evm66x_nand.obj (.const:.string:$P$T0$1)
                  10810e92    00000006     --HOLE-- [fill = 0]
                  10810e98    0000000a                               : evm66x_nand.obj (.const:.string:$P$T1$2)

.far       0    10810ea8    00000190     UNINITIALIZED
                  10810ea8    00000140     rts6600_elf.lib : defs.obj (.far)
                  10810fe8    00000044     ti.platform.evm6678l.ae66 : evmc66x_i2c_eeprom.obj (.far)
                  1081102c    00000004     --HOLE--
                  10811030    00000008     rts6600_elf.lib : trgdrv.obj (.far)

.cio       0    10811038    00000120     UNINITIALIZED
                  10811038    00000120     rts6600_elf.lib : trgmsg.obj (.cio)

.switch    0    10811158    00000020     
                  10811158    00000020     ti.platform.evm6678l.ae66 : platform.obj (.switch:platform_internal_memory_test)

.neardata 
*          0    10811178    00000008     
                  10811178    00000008     ti.platform.evm6678l.ae66 : platform.obj (.neardata)

.rodata    0    10811180    00000000     UNINITIALIZED

.bss       0    10811180    00000004     UNINITIALIZED
                  10811180    00000004     ti.platform.evm6678l.ae66 : evmc66x_spi.obj (.bss)

.cinit     0    10811184    00000164     
                  10811184    0000009f     (.cinit.platform_lib.load) [load image, compression = rle]
                  10811223    00000001     --HOLE-- [fill = 0]
                  10811224    00000072     (.cinit..fardata.load) [load image, compression = rle]
                  10811296    00000002     --HOLE-- [fill = 0]
                  10811298    0000000c     (__TI_handler_table)
                  108112a4    00000009     (.cinit..neardata.load) [load image, compression = rle]
                  108112ad    00000003     --HOLE-- [fill = 0]
                  108112b0    00000008     (.cinit..bss.load) [load image, compression = zero_init]
                  108112b8    00000008     (.cinit..far.load) [load image, compression = zero_init]
                  108112c0    00000028     (__TI_cinit_table)


LINKER GENERATED COPY TABLES

__TI_cinit_table @ 108112c0 records: 5, size/record: 8, table size: 40
	platform_lib: load addr=10811184, load size=0000009f bytes, run addr=1080d660, run size=00001370 bytes, compression=rle
	.fardata: load addr=10811224, load size=00000072 bytes, run addr=108109d0, run size=0000031c bytes, compression=rle
	.neardata: load addr=108112a4, load size=00000009 bytes, run addr=10811178, run size=00000008 bytes, compression=rle
	.bss: load addr=108112b0, load size=00000008 bytes, run addr=10811180, run size=00000004 bytes, compression=zero_init
	.far: load addr=108112b8, load size=00000008 bytes, run addr=10810ea8, run size=00000190 bytes, compression=zero_init


LINKER GENERATED HANDLER TABLE

__TI_handler_table @ 10811298 records: 3, size/record: 4, table size: 12
	index: 0, handler: __TI_decompress_rle24
	index: 1, handler: __TI_decompress_none
	index: 2, handler: __TI_zero_init


GLOBAL SYMBOLS: SORTED ALPHABETICALLY BY Name 

address    name
--------   ----
1080d600   C$$EXIT
1080d418   C$$IO$$
10801f80   Convert_CoreLocal2GlobalAddr
108031f4   CorePllcGetHwSetup
10802f98   CorePllcHwSetup
10803734   DDR3Init
1080c660   HOSTclose
1080b460   HOSTlseek
1080b860   HOSTopen
1080c120   HOSTread
1080a840   HOSTrename
1080c1e0   HOSTunlink
1080c2a0   HOSTwrite
10806f98   Init_SGMII
10804b58   NandGetDetails
1080424c   NandReadSpareArea
1080456c   NandWriteDataBytes
108047d0   NandWriteSpareArea
1080c054   Osal_platformFree
1080c040   Osal_platformMalloc
1080c074   Osal_platformSpiCsEnter
1080c078   Osal_platformSpiCsExit
108034d4   PowerUpDomains
10803570   SetDDR3PllConfig
108032e0   SetPaPllConfig
108089e0   UartInit
10808cac   UartIsDataReady
10808bb0   UartReadBaudRate
10808c20   UartReadData
10808b38   UartSetBaudRate
10808c4c   UartWriteData
10811038   __CIOBUF_
108112c0   __TI_CINIT_Base
108112e8   __TI_CINIT_Limit
10811298   __TI_Handler_Table_Base
108112a4   __TI_Handler_Table_Limit
UNDEFED    __TI_INITARRAY_Base
UNDEFED    __TI_INITARRAY_Limit
1080f9d0   __TI_STACK_END
00001000   __TI_STACK_SIZE
10811178   __TI_STATIC_BASE
00001000   __TI_SYSMEM_SIZE
UNDEFED    __TI_TLS_INIT_Base
UNDEFED    __TI_TLS_INIT_Limit
00000001   __TI_args_main
1080d180   __TI_cpp_init
1080d620   __TI_decompress_none
1080d640   __TI_decompress_rle24
10810cd0   __TI_enable_exit_profile_output
ffffffff   __TI_pprof_out_hndl
ffffffff   __TI_prof_data_size
ffffffff   __TI_prof_data_start
1080c5a0   __TI_tls_init
1080bcc0   __TI_zero_init
ffffffff   __binit__
10805a00   __c6xabi_divd
1080b940   __c6xabi_divi
1080c360   __c6xabi_divu
1080a9e0   __c6xabi_divul
10809780   __c6xabi_divull
1080d1e0   __c6xabi_frcmpyd_div
1080d420   __c6xabi_isinf
1080ce80   __c6xabi_llshl
1080d240   __c6xabi_llshru
1080d560   __c6xabi_negll
1080c700   __c6xabi_remu
ffffffff   __c_args__
1080b940   __divi
1080c360   __divu
1080c700   __remu
1080d4a0   _args_main
1080b560   _auto_init_elf
1080cf00   _c_int00
1080c7a0   _cleanup
10810cc8   _cleanup_ptr
1080b100   _closefile
10810cf0   _ctypes_
1080c420   _doflush
10810ccc   _dtors_ptr
10810ce8   _ft_end
108109d0   _ftable
10810ce0   _lock
1080c980   _minit
1080d580   _nop
10807a60   _printfi
1080e9d0   _stack
1080d2a0   _subcull
1080f9d0   _sys_memory
10810ea8   _tmpnams
10810ce4   _unlock
1080b660   _wrt_ok
1080d600   abort
1080bb00   atoi
ffffffff   binit
1080bbe0   close
10806f20   configSerdes
1080b760   copy_in
1080e9c8   emac_port_mode
1080d080   evmI2CInit
1080c4e0   exit
10807638   fpgaControlUserLEDs
1080780c   fpgaDisableEepromWriteProtect
108076f8   fpgaDisableNandWriteProtect
10807784   fpgaDisableNorWriteProtect
10807850   fpgaEnableEepromWriteProtect
10807740   fpgaEnableNandWriteProtect
108077c8   fpgaEnableNorWriteProtect
108078e0   fpgaGetAMCDetect
10807894   fpgaGetUserSwitch
108079d0   fpgaReadConfigurationRegister
10807924   fpgaWriteConfigurationRegister
1080a060   fputc
10808320   fputs
10809500   free
1080b340   fseek
1080e954   gDeviceEeprom0
1080e98c   gDeviceEeprom1
1080e8e4   gDeviceNand
1080d6b8   gDeviceNandBBlist
1080e91c   gDeviceNor
10810fe8   gI2cBlock
108075a0   getBoardVersion
108075ec   getFpgaDevID
108056a0   i2cEepromMacRead
10805408   i2cEepromMacWrite
10804f8c   i2cEepromRead
10805190   i2cEepromWrite
10804cc4   i2cEepromWriteBlock
108052b0   i2cEepromWriteByteAddr
1080cb60   lseek
1080bda0   ltoa
1080c0b0   main
1080ad00   malloc
1080d300   memccpy
1080cc00   memcpy
1080be80   memset
108048f8   nandFlashBlockErase
10804c60   nandInit
10807474   nor_erase
10807100   nor_get_details
1080718c   nor_init
10807204   nor_read
10807294   nor_write
10801890   platform_blocknpage_to_offset
10800db0   platform_delay
10800e10   platform_delaycycles
10801318   platform_device_close
10801eb4   platform_device_erase_block
10801450   platform_device_mark_block_bad
10801194   platform_device_open
10801610   platform_device_read
108013b0   platform_device_read_spare_data
10801984   platform_device_write
10801570   platform_device_write_spare_data
10811178   platform_errno
10800e50   platform_external_memory_test
10800ad4   platform_get_coreid
10800ae8   platform_get_emac_info
1080058c   platform_get_info
10800b78   platform_get_macaddr
10800c0c   platform_get_phy_addr
10800c84   platform_get_switch_state
10800894   platform_init
1081117c   platform_init_return_code
10800ed0   platform_internal_memory_test
10800d68   platform_led
10801768   platform_offset_to_blocknpage
10800c20   platform_phy_link_status
10800d48   platform_uart_init
10800c90   platform_uart_read
10800d14   platform_uart_set_baudrate
10800cf8   platform_uart_write
10801080   platform_write
10801044   platform_write_configure
1080bf60   printf
10802e34   prog_pll1_values
10804338   readNandPage
1080cf80   readmsg
1080d100   remove
10800474   serial_num_isvalid
1080a480   setvbuf
108065b0   spi_claim
108068a4   spi_cmd
10806908   spi_cmd_read
10806968   spi_cmd_write
108069c8   spi_read_word
10806758   spi_release
10806a80   spi_write_word
10806770   spi_xfer
1080c080   start_boot
1080d520   strlen
1080d000   strncpy
1080d100   unlink
1080d360   vsprintf
1080cde0   write
108045d0   writeNandPage
1080d3c0   writemsg
108036e0   xmc_setup


GLOBAL SYMBOLS: SORTED BY Symbol Address 

address    name
--------   ----
00000001   __TI_args_main
00001000   __TI_STACK_SIZE
00001000   __TI_SYSMEM_SIZE
10800474   serial_num_isvalid
1080058c   platform_get_info
10800894   platform_init
10800ad4   platform_get_coreid
10800ae8   platform_get_emac_info
10800b78   platform_get_macaddr
10800c0c   platform_get_phy_addr
10800c20   platform_phy_link_status
10800c84   platform_get_switch_state
10800c90   platform_uart_read
10800cf8   platform_uart_write
10800d14   platform_uart_set_baudrate
10800d48   platform_uart_init
10800d68   platform_led
10800db0   platform_delay
10800e10   platform_delaycycles
10800e50   platform_external_memory_test
10800ed0   platform_internal_memory_test
10801044   platform_write_configure
10801080   platform_write
10801194   platform_device_open
10801318   platform_device_close
108013b0   platform_device_read_spare_data
10801450   platform_device_mark_block_bad
10801570   platform_device_write_spare_data
10801610   platform_device_read
10801768   platform_offset_to_blocknpage
10801890   platform_blocknpage_to_offset
10801984   platform_device_write
10801eb4   platform_device_erase_block
10801f80   Convert_CoreLocal2GlobalAddr
10802e34   prog_pll1_values
10802f98   CorePllcHwSetup
108031f4   CorePllcGetHwSetup
108032e0   SetPaPllConfig
108034d4   PowerUpDomains
10803570   SetDDR3PllConfig
108036e0   xmc_setup
10803734   DDR3Init
1080424c   NandReadSpareArea
10804338   readNandPage
1080456c   NandWriteDataBytes
108045d0   writeNandPage
108047d0   NandWriteSpareArea
108048f8   nandFlashBlockErase
10804b58   NandGetDetails
10804c60   nandInit
10804cc4   i2cEepromWriteBlock
10804f8c   i2cEepromRead
10805190   i2cEepromWrite
108052b0   i2cEepromWriteByteAddr
10805408   i2cEepromMacWrite
108056a0   i2cEepromMacRead
10805a00   __c6xabi_divd
108065b0   spi_claim
10806758   spi_release
10806770   spi_xfer
108068a4   spi_cmd
10806908   spi_cmd_read
10806968   spi_cmd_write
108069c8   spi_read_word
10806a80   spi_write_word
10806f20   configSerdes
10806f98   Init_SGMII
10807100   nor_get_details
1080718c   nor_init
10807204   nor_read
10807294   nor_write
10807474   nor_erase
108075a0   getBoardVersion
108075ec   getFpgaDevID
10807638   fpgaControlUserLEDs
108076f8   fpgaDisableNandWriteProtect
10807740   fpgaEnableNandWriteProtect
10807784   fpgaDisableNorWriteProtect
108077c8   fpgaEnableNorWriteProtect
1080780c   fpgaDisableEepromWriteProtect
10807850   fpgaEnableEepromWriteProtect
10807894   fpgaGetUserSwitch
108078e0   fpgaGetAMCDetect
10807924   fpgaWriteConfigurationRegister
108079d0   fpgaReadConfigurationRegister
10807a60   _printfi
10808320   fputs
108089e0   UartInit
10808b38   UartSetBaudRate
10808bb0   UartReadBaudRate
10808c20   UartReadData
10808c4c   UartWriteData
10808cac   UartIsDataReady
10809500   free
10809780   __c6xabi_divull
1080a060   fputc
1080a480   setvbuf
1080a840   HOSTrename
1080a9e0   __c6xabi_divul
1080ad00   malloc
1080b100   _closefile
1080b340   fseek
1080b460   HOSTlseek
1080b560   _auto_init_elf
1080b660   _wrt_ok
1080b760   copy_in
1080b860   HOSTopen
1080b940   __c6xabi_divi
1080b940   __divi
1080bb00   atoi
1080bbe0   close
1080bcc0   __TI_zero_init
1080bda0   ltoa
1080be80   memset
1080bf60   printf
1080c040   Osal_platformMalloc
1080c054   Osal_platformFree
1080c074   Osal_platformSpiCsEnter
1080c078   Osal_platformSpiCsExit
1080c080   start_boot
1080c0b0   main
1080c120   HOSTread
1080c1e0   HOSTunlink
1080c2a0   HOSTwrite
1080c360   __c6xabi_divu
1080c360   __divu
1080c420   _doflush
1080c4e0   exit
1080c5a0   __TI_tls_init
1080c660   HOSTclose
1080c700   __c6xabi_remu
1080c700   __remu
1080c7a0   _cleanup
1080c980   _minit
1080cb60   lseek
1080cc00   memcpy
1080cde0   write
1080ce80   __c6xabi_llshl
1080cf00   _c_int00
1080cf80   readmsg
1080d000   strncpy
1080d080   evmI2CInit
1080d100   remove
1080d100   unlink
1080d180   __TI_cpp_init
1080d1e0   __c6xabi_frcmpyd_div
1080d240   __c6xabi_llshru
1080d2a0   _subcull
1080d300   memccpy
1080d360   vsprintf
1080d3c0   writemsg
1080d418   C$$IO$$
1080d420   __c6xabi_isinf
1080d4a0   _args_main
1080d520   strlen
1080d560   __c6xabi_negll
1080d580   _nop
1080d600   C$$EXIT
1080d600   abort
1080d620   __TI_decompress_none
1080d640   __TI_decompress_rle24
1080d6b8   gDeviceNandBBlist
1080e8e4   gDeviceNand
1080e91c   gDeviceNor
1080e954   gDeviceEeprom0
1080e98c   gDeviceEeprom1
1080e9c8   emac_port_mode
1080e9d0   _stack
1080f9d0   __TI_STACK_END
1080f9d0   _sys_memory
108109d0   _ftable
10810cc8   _cleanup_ptr
10810ccc   _dtors_ptr
10810cd0   __TI_enable_exit_profile_output
10810ce0   _lock
10810ce4   _unlock
10810ce8   _ft_end
10810cf0   _ctypes_
10810ea8   _tmpnams
10810fe8   gI2cBlock
10811038   __CIOBUF_
10811178   __TI_STATIC_BASE
10811178   platform_errno
1081117c   platform_init_return_code
10811298   __TI_Handler_Table_Base
108112a4   __TI_Handler_Table_Limit
108112c0   __TI_CINIT_Base
108112e8   __TI_CINIT_Limit
ffffffff   __TI_pprof_out_hndl
ffffffff   __TI_prof_data_size
ffffffff   __TI_prof_data_start
ffffffff   __binit__
ffffffff   __c_args__
ffffffff   binit
UNDEFED    __TI_INITARRAY_Base
UNDEFED    __TI_INITARRAY_Limit
UNDEFED    __TI_TLS_INIT_Base
UNDEFED    __TI_TLS_INIT_Limit

[198 symbols]
