******************************************************************************
               TMS320C6x Linker Unix v7.4.0                    
******************************************************************************
>> Linked Mon Nov 19 18:25:49 2012

OUTPUT FILE NAME:   <../bin/srioboot_example_evm6678l.out>
ENTRY POINT SYMBOL: "_c_int00"  address: 00828ea0


MEMORY CONFIGURATION

         name            origin    length      used     unused   attr    fill
----------------------  --------  ---------  --------  --------  ----  --------
  L2                    00800000   00080000  00049b8e  00036472  RWIX


SEGMENT ALLOCATION MAP

run origin  load origin   length   init length attrs members
----------  ----------- ---------- ----------- ----- -------
00800000    00800000    0001b964   0001b964    rw-
  00800000    00800000    0001b964   0001b964    rw- .fardata
0081b980    0081b980    0000dc80   0000dc80    r-x
  0081b980    0081b980    0000dc80   0000dc80    r-x .text
00829600    00829600    00004000   00000000    rw-
  00829600    00829600    00002000   00000000    rw- .stack
  0082b600    0082b600    00002000   00000000    rw- .sysmem
0082d600    0082d600    00001370   00001370    rw-
  0082d600    0082d600    00001370   00001370    rw- platform_lib
0082e970    0082e970    000002a2   000002a2    r--
  0082e970    0082e970    000002a2   000002a2    r-- .const
0082ec18    0082ec18    000002b0   00000000    rw-
  0082ec18    0082ec18    00000190   00000000    rw- .far
  0082eda8    0082eda8    00000120   00000000    rw- .cio
0082eed0    0082eed0    00000024   0000001c    rw-
  0082eed0    0082eed0    0000001c   0000001c    rw- .neardata
  0082eeec    0082eeec    00000008   00000000    rw- .bss
0082eef4    0082eef4    0001acc4   0001acc4    r--
  0082eef4    0082eef4    00000020   00000020    r-- .switch
  0082ef14    0082ef14    0001aca4   0001aca4    r-- .cinit


SECTION ALLOCATION MAP

 output                                  attributes/
section   page    origin      length       input sections
--------  ----  ----------  ----------   ----------------
.fardata   0    00800000    0001b964     
                  00800000    0000dc7c     srioBootExample.obj (.fardata:bootCode)
                  0080dc7c    00000004     rts6600_elf.lib : defs.obj (.fardata)
                  0080dc80    0000d9c0     srioBootExample.obj (.fardata:ddrInitCode)
                  0081b640    000001e0     rts6600_elf.lib : defs.obj (.fardata:_ftable)
                  0081b820    000000a0                     : lowlev.obj (.fardata:_stream)
                  0081b8c0    00000078                     : lowlev.obj (.fardata:_device)
                  0081b938    0000000c                     : exit.obj (.fardata)
                  0081b944    0000000c                     : memory.obj (.fardata)
                  0081b950    0000000c     srioBootExample.obj (.fardata:version)
                  0081b95c    00000008     rts6600_elf.lib : _lock.obj (.fardata)

.text      0    0081b980    0000dc80     
                  0081b980    00001fe0     ti.platform.evm6678l.ae66 : platform.obj (.text)
                  0081d960    00001b40                               : evmc6678.obj (.text)
                  0081f4a0    00001160                               : evm66x_nand.obj (.text)
                  00820600    00000d80                               : evmc66x_i2c_eeprom.obj (.text)
                  00821380    00000700     srioBootExample.obj (.text)
                  00821a80    000005c0     rts6600_elf.lib : divd.obj (.text:__c6xabi_divd)
                  00822040    000005c0                     : _printfi.obj (.text:_getarg_diouxp)
                  00822600    000005a0     ti.platform.evm6678l.ae66 : evmc66x_spi.obj (.text)
                  00822ba0    00000560                               : evmc6678_phy.obj (.text)
                  00823100    00000520                               : evmc66x_nor.obj (.text)
                  00823620    000004c0                               : evmc66x_fpga.obj (.text)
                  00823ae0    00000460     rts6600_elf.lib : _printfi.obj (.text:_printfi)
                  00823f40    00000460                     : _printfi.obj (.text:_setfield)
                  008243a0    000003a0                     : fputs.obj (.text:fputs)
                  00824740    00000320                     : _printfi.obj (.text:_pproc_fge)
                  00824a60    00000320     ti.platform.evm6678l.ae66 : evmc66x_uart.obj (.text)
                  00824d80    000002e0     rts6600_elf.lib : _printfi.obj (.text:_pproc_fwp)
                  00825060    000002a0                     : _printfi.obj (.text:fcvt)
                  00825300    00000280                     : _printfi.obj (.text:ecvt)
                  00825580    00000280                     : memory.obj (.text:free)
                  00825800    00000240                     : imath64.obj (.text:__c6xabi_divull)
                  00825a40    00000240                     : _printfi.obj (.text:_pconv_e)
                  00825c80    00000240                     : _printfi.obj (.text:_pproc_diouxp)
                  00825ec0    00000220                     : _printfi.obj (.text:_pproc_str)
                  008260e0    00000220                     : fputc.obj (.text:fputc)
                  00826300    00000200                     : _printfi.obj (.text:_pconv_g)
                  00826500    00000200                     : setvbuf.obj (.text:setvbuf)
                  00826700    000001c0                     : _printfi.obj (.text:_mcpy)
                  008268c0    000001a0                     : trgdrv.obj (.text:HOSTrename)
                  00826a60    000001a0                     : imath40.obj (.text:__c6xabi_divul)
                  00826c00    00000180                     : copy_decompress_rle.obj (.text:__TI_decompress_rle_core)
                  00826d80    00000180                     : memory.obj (.text:malloc)
                  00826f00    00000140                     : _printfi.obj (.text:_pproc_fflags)
                  00827040    00000140                     : lowlev.obj (.text:getdevice)
                  00827180    00000120                     : fclose.obj (.text:_closefile)
                  008272a0    00000120                     : _printfi.obj (.text:_ltostr)
                  008273c0    00000120                     : fseek.obj (.text:fseek)
                  008274e0    00000100                     : trgdrv.obj (.text:HOSTlseek)
                  008275e0    00000100                     : autoinit.obj (.text:_auto_init_elf)
                  008276e0    00000100                     : _io_perm.obj (.text:_wrt_ok)
                  008277e0    00000100                     : cpy_tbl.obj (.text:copy_in)
                  008278e0    000000e0                     : trgdrv.obj (.text:HOSTopen)
                  008279c0    000000e0                     : divi.obj (.text:__divi)
                  00827aa0    000000e0                     : _printfi.obj (.text:_div)
                  00827b80    000000e0                     : atoi.obj (.text:atoi)
                  00827c60    000000e0                     : lowlev.obj (.text:close)
                  00827d40    000000e0                     : copy_zero_init.obj (.text:decompress:ZI:__TI_zero_init)
                  00827e20    000000e0                     : ltoa.obj (.text:ltoa)
                  00827f00    000000e0                     : memset.obj (.text:memset)
                  00827fe0    000000e0                     : printf.obj (.text:printf)
                  008280c0    000000c0                     : trgdrv.obj (.text:HOSTread)
                  00828180    000000c0                     : trgdrv.obj (.text:HOSTunlink)
                  00828240    000000c0                     : trgdrv.obj (.text:HOSTwrite)
                  00828300    000000c0                     : divu.obj (.text:__divu)
                  008283c0    000000c0                     : fflush.obj (.text:_doflush)
                  00828480    000000c0                     : exit.obj (.text:exit)
                  00828540    000000c0                     : tls.obj (.text:tls:init:__TI_tls_init)
                  00828600    000000a0                     : trgdrv.obj (.text:HOSTclose)
                  008286a0    000000a0                     : remu.obj (.text:__remu)
                  00828740    000000a0                     : fopen.obj (.text:_cleanup)
                  008287e0    000000a0                     : _printfi.obj (.text:_ecpy)
                  00828880    000000a0                     : _printfi.obj (.text:_fcpy)
                  00828920    000000a0                     : memory.obj (.text:_minit)
                  008289c0    000000a0                     : _printfi.obj (.text:_pconv_f)
                  00828a60    000000a0                     : lowlev.obj (.text:finddevice)
                  00828b00    000000a0                     : lowlev.obj (.text:lseek)
                  00828ba0    000000a0                     : memcpy64.obj (.text:memcpy)
                  00828c40    000000a0                     : memory.obj (.text:minsert)
                  00828ce0    000000a0                     : memory.obj (.text:mremove)
                  00828d80    000000a0                     : lowlev.obj (.text:write)
                  00828e20    00000080                     : llshift.obj (.text:__c6xabi_llshl)
                  00828ea0    00000080                     : boot.obj (.text:_c_int00)
                  00828f20    00000080                     : trgmsg.obj (.text:readmsg)
                  00828fa0    00000080                     : strncpy.obj (.text:strncpy)
                  00829020    00000080     ti.platform.evm6678l.ae66 : evm66x_i2c.obj (.text)
                  008290a0    00000080     rts6600_elf.lib : lowlev.obj (.text:unlink)
                  00829120    00000060                     : cpp_init.obj (.text:__TI_cpp_init)
                  00829180    00000060                     : frcmpyd_div.obj (.text:__c6xabi_frcmpyd_div)
                  008291e0    00000060                     : llshift.obj (.text:__c6xabi_llshru)
                  00829240    00000060                     : imath64.obj (.text:_subcull)
                  008292a0    00000060                     : memccpy.obj (.text:memccpy)
                  00829300    00000060                     : vsprintf.obj (.text:vsprintf)
                  00829360    00000060                     : trgmsg.obj (.text:writemsg)
                  008293c0    00000040                     : isinf.obj (.text:__c6xabi_isinf)
                  00829400    00000040                     : _printfi.obj (.text:__c6xabi_isnan)
                  00829440    00000040                     : args_main.obj (.text:_args_main)
                  00829480    00000040                     : vsprintf.obj (.text:_outs)
                  008294c0    00000040                     : strlen.obj (.text:strlen)
                  00829500    00000020                     : negll.obj (.text:__c6xabi_negll)
                  00829520    00000020                     : _lock.obj (.text:_nop)
                  00829540    00000020                     : printf.obj (.text:_outc)
                  00829560    00000020                     : vsprintf.obj (.text:_outc)
                  00829580    00000020                     : printf.obj (.text:_outs)
                  008295a0    00000020                     : exit.obj (.text:abort)
                  008295c0    00000020                     : copy_decompress_none.obj (.text:decompress:none:__TI_decompress_none)
                  008295e0    00000020                     : copy_decompress_rle.obj (.text:decompress:rle24:__TI_decompress_rle24)

.stack     0    00829600    00002000     UNINITIALIZED
                  00829600    00000008     rts6600_elf.lib : boot.obj (.stack)
                  00829608    00001ff8     --HOLE--

.sysmem    0    0082b600    00002000     UNINITIALIZED
                  0082b600    00000008     rts6600_elf.lib : memory.obj (.sysmem)
                  0082b608    00001ff8     --HOLE--

platform_lib 
*          0    0082d600    00001370     
                  0082d600    00001058     ti.platform.evm6678l.ae66 : platform.obj (platform_lib:uninit) [fill = 0]
                  0082e658    00000210                               : evm66x_nand.obj (platform_lib) [fill = 0]
                  0082e868    00000108                               : platform.obj (platform_lib:init)

.const     0    0082e970    000002a2     
                  0082e970    00000101     rts6600_elf.lib : ctype.obj (.const:.string:_ctypes_)
                  0082ea71    00000003     --HOLE-- [fill = 0]
                  0082ea74    000000e4     srioBootExample.obj (.const:.string)
                  0082eb58    00000058     ti.platform.evm6678l.ae66 : platform.obj (.const:.string)
                  0082ebb0    00000024     srioBootExample.obj (.const:.string:$P$T0$1)
                  0082ebd4    00000023     rts6600_elf.lib : _printfi.obj (.const:.string)
                  0082ebf7    00000001     --HOLE-- [fill = 0]
                  0082ebf8    0000000a     ti.platform.evm6678l.ae66 : evm66x_nand.obj (.const:.string:$P$T0$1)
                  0082ec02    00000006     --HOLE-- [fill = 0]
                  0082ec08    0000000a                               : evm66x_nand.obj (.const:.string:$P$T1$2)

.far       0    0082ec18    00000190     UNINITIALIZED
                  0082ec18    00000140     rts6600_elf.lib : defs.obj (.far)
                  0082ed58    00000044     ti.platform.evm6678l.ae66 : evmc66x_i2c_eeprom.obj (.far)
                  0082ed9c    00000004     --HOLE--
                  0082eda0    00000008     rts6600_elf.lib : trgdrv.obj (.far)

.cio       0    0082eda8    00000120     UNINITIALIZED
                  0082eda8    00000120     rts6600_elf.lib : trgmsg.obj (.cio)

.neardata 
*          0    0082eed0    0000001c     
                  0082eed0    00000014     srioBootExample.obj (.neardata)
                  0082eee4    00000008     ti.platform.evm6678l.ae66 : platform.obj (.neardata)

.rodata    0    0082eeec    00000000     UNINITIALIZED

.bss       0    0082eeec    00000008     UNINITIALIZED
                  0082eeec    00000004     srioBootExample.obj (.bss)
                  0082eef0    00000004     ti.platform.evm6678l.ae66 : evmc66x_spi.obj (.bss)

.switch    0    0082eef4    00000020     
                  0082eef4    00000020     ti.platform.evm6678l.ae66 : platform.obj (.switch:platform_internal_memory_test)

.cinit     0    0082ef14    0001aca4     
                  0082ef14    0001abae     (.cinit..fardata.load) [load image, compression = rle]
                  00849ac2    00000002     --HOLE-- [fill = 0]
                  00849ac4    0000009f     (.cinit.platform_lib.load) [load image, compression = rle]
                  00849b63    00000001     --HOLE-- [fill = 0]
                  00849b64    0000000d     (.cinit..neardata.load) [load image, compression = rle]
                  00849b71    00000003     --HOLE-- [fill = 0]
                  00849b74    0000000c     (__TI_handler_table)
                  00849b80    00000008     (.cinit..bss.load) [load image, compression = zero_init]
                  00849b88    00000008     (.cinit..far.load) [load image, compression = zero_init]
                  00849b90    00000028     (__TI_cinit_table)


LINKER GENERATED COPY TABLES

__TI_cinit_table @ 00849b90 records: 5, size/record: 8, table size: 40
	.fardata: load addr=0082ef14, load size=0001abae bytes, run addr=00800000, run size=0001b964 bytes, compression=rle
	platform_lib: load addr=00849ac4, load size=0000009f bytes, run addr=0082d600, run size=00001370 bytes, compression=rle
	.neardata: load addr=00849b64, load size=0000000d bytes, run addr=0082eed0, run size=0000001c bytes, compression=rle
	.bss: load addr=00849b80, load size=00000008 bytes, run addr=0082eeec, run size=00000008 bytes, compression=zero_init
	.far: load addr=00849b88, load size=00000008 bytes, run addr=0082ec18, run size=00000190 bytes, compression=zero_init


LINKER GENERATED HANDLER TABLE

__TI_handler_table @ 00849b74 records: 3, size/record: 4, table size: 12
	index: 0, handler: __TI_decompress_rle24
	index: 1, handler: __TI_decompress_none
	index: 2, handler: __TI_zero_init


GLOBAL SYMBOLS: SORTED ALPHABETICALLY BY Name 

address    name
--------   ----
008295a0   C$$EXIT
008293b8   C$$IO$$
00821420   Convert2BigEndian
0081d900   Convert_CoreLocal2GlobalAddr
0081eb74   CorePllcGetHwSetup
0081e918   CorePllcHwSetup
0081f0b4   DDR3Init
00828600   HOSTclose
008274e0   HOSTlseek
008278e0   HOSTopen
008280c0   HOSTread
008268c0   HOSTrename
00828180   HOSTunlink
00828240   HOSTwrite
00823018   Init_SGMII
008204d8   NandGetDetails
0081fbcc   NandReadSpareArea
0081feec   NandWriteDataBytes
00820150   NandWriteSpareArea
00821394   Osal_platformFree
00821380   Osal_platformMalloc
008213b4   Osal_platformSpiCsEnter
008213b8   Osal_platformSpiCsExit
0081ee54   PowerUpDomains
00821814   SRIOPortStatus
00821524   SRIOTransfer
0081eef0   SetDDR3PllConfig
0081ec60   SetPaPllConfig
00824a60   UartInit
00824d2c   UartIsDataReady
00824c30   UartReadBaudRate
00824ca0   UartReadData
00824bb8   UartSetBaudRate
00824ccc   UartWriteData
0082eda8   __CIOBUF_
00849b90   __TI_CINIT_Base
00849bb8   __TI_CINIT_Limit
00849b74   __TI_Handler_Table_Base
00849b80   __TI_Handler_Table_Limit
UNDEFED    __TI_INITARRAY_Base
UNDEFED    __TI_INITARRAY_Limit
0082b600   __TI_STACK_END
00002000   __TI_STACK_SIZE
0082eed0   __TI_STATIC_BASE
00002000   __TI_SYSMEM_SIZE
UNDEFED    __TI_TLS_INIT_Base
UNDEFED    __TI_TLS_INIT_Limit
00000001   __TI_args_main
00829120   __TI_cpp_init
008295c0   __TI_decompress_none
008295e0   __TI_decompress_rle24
0081b940   __TI_enable_exit_profile_output
ffffffff   __TI_pprof_out_hndl
ffffffff   __TI_prof_data_size
ffffffff   __TI_prof_data_start
00828540   __TI_tls_init
00827d40   __TI_zero_init
ffffffff   __binit__
00821a80   __c6xabi_divd
008279c0   __c6xabi_divi
00828300   __c6xabi_divu
00826a60   __c6xabi_divul
00825800   __c6xabi_divull
00829180   __c6xabi_frcmpyd_div
008293c0   __c6xabi_isinf
00828e20   __c6xabi_llshl
008291e0   __c6xabi_llshru
00829500   __c6xabi_negll
008286a0   __c6xabi_remu
ffffffff   __c_args__
008279c0   __divi
00828300   __divu
008286a0   __remu
00829440   _args_main
008275e0   _auto_init_elf
00828ea0   _c_int00
00828740   _cleanup
0081b938   _cleanup_ptr
00827180   _closefile
0082e970   _ctypes_
008283c0   _doflush
0081b93c   _dtors_ptr
0080dc7c   _ft_end
0081b640   _ftable
0081b95c   _lock
00828920   _minit
00829520   _nop
00823ae0   _printfi
00829600   _stack
00829240   _subcull
0082b600   _sys_memory
0082ec18   _tmpnams
0081b960   _unlock
008276e0   _wrt_ok
008295a0   abort
00827b80   atoi
ffffffff   binit
00800000   bootCode
0082eee0   bootEntryAddr
008213c0   byteto32bits
00827c60   close
00822fa0   configSerdes
008277e0   copy_in
0082eeec   coreNum
0080dc80   ddrInitCode
0082e968   emac_port_mode
00829020   evmI2CInit
00828480   exit
008236b8   fpgaControlUserLEDs
0082388c   fpgaDisableEepromWriteProtect
00823778   fpgaDisableNandWriteProtect
00823804   fpgaDisableNorWriteProtect
008238d0   fpgaEnableEepromWriteProtect
008237c0   fpgaEnableNandWriteProtect
00823848   fpgaEnableNorWriteProtect
00823960   fpgaGetAMCDetect
00823914   fpgaGetUserSwitch
00823a50   fpgaReadConfigurationRegister
008239a4   fpgaWriteConfigurationRegister
008260e0   fputc
008243a0   fputs
00825580   free
008273c0   fseek
0082e8f4   gDeviceEeprom0
0082e92c   gDeviceEeprom1
0082e884   gDeviceNand
0082d658   gDeviceNandBBlist
0082e8bc   gDeviceNor
0082ed58   gI2cBlock
00823620   getBoardVersion
0082366c   getFpgaDevID
00821020   i2cEepromMacRead
00820d88   i2cEepromMacWrite
0082090c   i2cEepromRead
00820b10   i2cEepromWrite
00820644   i2cEepromWriteBlock
00820c30   i2cEepromWriteByteAddr
0082eed8   loopback
00828b00   lseek
00827e20   ltoa
00821924   main
00821724   mainPacket
00826d80   malloc
008292a0   memccpy
00828ba0   memcpy
00827f00   memset
00820278   nandFlashBlockErase
008205e0   nandInit
008234f4   nor_erase
00823180   nor_get_details
0082320c   nor_init
00823284   nor_read
00823314   nor_write
0081d210   platform_blocknpage_to_offset
0081c730   platform_delay
0081c790   platform_delaycycles
0081cc98   platform_device_close
0081d834   platform_device_erase_block
0081cdd0   platform_device_mark_block_bad
0081cb14   platform_device_open
0081cf90   platform_device_read
0081cd30   platform_device_read_spare_data
0081d304   platform_device_write
0081cef0   platform_device_write_spare_data
0082eee4   platform_errno
0081c7d0   platform_external_memory_test
0081c454   platform_get_coreid
0081c468   platform_get_emac_info
0081bf0c   platform_get_info
0081c4f8   platform_get_macaddr
0081c58c   platform_get_phy_addr
0081c604   platform_get_switch_state
0081c214   platform_init
0082eee8   platform_init_return_code
0081c850   platform_internal_memory_test
0081c6e8   platform_led
0081d0e8   platform_offset_to_blocknpage
0081c5a0   platform_phy_link_status
0081c6c8   platform_uart_init
0081c610   platform_uart_read
0081c694   platform_uart_set_baudrate
0081c678   platform_uart_write
0081ca00   platform_write
0081c9c4   platform_write_configure
0082eed0   port
008214f8   print_platform_errno
00827fe0   printf
0081e7b4   prog_pll1_values
008215ec   pushData2Srio
0081fcb8   readNandPage
00828f20   readmsg
008290a0   remove
0082eed4   rio_id
0081bdf4   serial_num_isvalid
00826500   setvbuf
00822630   spi_claim
00822924   spi_cmd
00822988   spi_cmd_read
008229e8   spi_cmd_write
00822a48   spi_read_word
008227d8   spi_release
00822b00   spi_write_word
008227f0   spi_xfer
00821894   srio_init
008294c0   strlen
00828fa0   strncpy
008214b4   swap
008290a0   unlink
0081b950   version
00829300   vsprintf
00828d80   write
0081ff50   writeNandPage
00829360   writemsg
0081f060   xmc_setup


GLOBAL SYMBOLS: SORTED BY Symbol Address 

address    name
--------   ----
00000001   __TI_args_main
00002000   __TI_STACK_SIZE
00002000   __TI_SYSMEM_SIZE
00800000   bootCode
0080dc7c   _ft_end
0080dc80   ddrInitCode
0081b640   _ftable
0081b938   _cleanup_ptr
0081b93c   _dtors_ptr
0081b940   __TI_enable_exit_profile_output
0081b950   version
0081b95c   _lock
0081b960   _unlock
0081bdf4   serial_num_isvalid
0081bf0c   platform_get_info
0081c214   platform_init
0081c454   platform_get_coreid
0081c468   platform_get_emac_info
0081c4f8   platform_get_macaddr
0081c58c   platform_get_phy_addr
0081c5a0   platform_phy_link_status
0081c604   platform_get_switch_state
0081c610   platform_uart_read
0081c678   platform_uart_write
0081c694   platform_uart_set_baudrate
0081c6c8   platform_uart_init
0081c6e8   platform_led
0081c730   platform_delay
0081c790   platform_delaycycles
0081c7d0   platform_external_memory_test
0081c850   platform_internal_memory_test
0081c9c4   platform_write_configure
0081ca00   platform_write
0081cb14   platform_device_open
0081cc98   platform_device_close
0081cd30   platform_device_read_spare_data
0081cdd0   platform_device_mark_block_bad
0081cef0   platform_device_write_spare_data
0081cf90   platform_device_read
0081d0e8   platform_offset_to_blocknpage
0081d210   platform_blocknpage_to_offset
0081d304   platform_device_write
0081d834   platform_device_erase_block
0081d900   Convert_CoreLocal2GlobalAddr
0081e7b4   prog_pll1_values
0081e918   CorePllcHwSetup
0081eb74   CorePllcGetHwSetup
0081ec60   SetPaPllConfig
0081ee54   PowerUpDomains
0081eef0   SetDDR3PllConfig
0081f060   xmc_setup
0081f0b4   DDR3Init
0081fbcc   NandReadSpareArea
0081fcb8   readNandPage
0081feec   NandWriteDataBytes
0081ff50   writeNandPage
00820150   NandWriteSpareArea
00820278   nandFlashBlockErase
008204d8   NandGetDetails
008205e0   nandInit
00820644   i2cEepromWriteBlock
0082090c   i2cEepromRead
00820b10   i2cEepromWrite
00820c30   i2cEepromWriteByteAddr
00820d88   i2cEepromMacWrite
00821020   i2cEepromMacRead
00821380   Osal_platformMalloc
00821394   Osal_platformFree
008213b4   Osal_platformSpiCsEnter
008213b8   Osal_platformSpiCsExit
008213c0   byteto32bits
00821420   Convert2BigEndian
008214b4   swap
008214f8   print_platform_errno
00821524   SRIOTransfer
008215ec   pushData2Srio
00821724   mainPacket
00821814   SRIOPortStatus
00821894   srio_init
00821924   main
00821a80   __c6xabi_divd
00822630   spi_claim
008227d8   spi_release
008227f0   spi_xfer
00822924   spi_cmd
00822988   spi_cmd_read
008229e8   spi_cmd_write
00822a48   spi_read_word
00822b00   spi_write_word
00822fa0   configSerdes
00823018   Init_SGMII
00823180   nor_get_details
0082320c   nor_init
00823284   nor_read
00823314   nor_write
008234f4   nor_erase
00823620   getBoardVersion
0082366c   getFpgaDevID
008236b8   fpgaControlUserLEDs
00823778   fpgaDisableNandWriteProtect
008237c0   fpgaEnableNandWriteProtect
00823804   fpgaDisableNorWriteProtect
00823848   fpgaEnableNorWriteProtect
0082388c   fpgaDisableEepromWriteProtect
008238d0   fpgaEnableEepromWriteProtect
00823914   fpgaGetUserSwitch
00823960   fpgaGetAMCDetect
008239a4   fpgaWriteConfigurationRegister
00823a50   fpgaReadConfigurationRegister
00823ae0   _printfi
008243a0   fputs
00824a60   UartInit
00824bb8   UartSetBaudRate
00824c30   UartReadBaudRate
00824ca0   UartReadData
00824ccc   UartWriteData
00824d2c   UartIsDataReady
00825580   free
00825800   __c6xabi_divull
008260e0   fputc
00826500   setvbuf
008268c0   HOSTrename
00826a60   __c6xabi_divul
00826d80   malloc
00827180   _closefile
008273c0   fseek
008274e0   HOSTlseek
008275e0   _auto_init_elf
008276e0   _wrt_ok
008277e0   copy_in
008278e0   HOSTopen
008279c0   __c6xabi_divi
008279c0   __divi
00827b80   atoi
00827c60   close
00827d40   __TI_zero_init
00827e20   ltoa
00827f00   memset
00827fe0   printf
008280c0   HOSTread
00828180   HOSTunlink
00828240   HOSTwrite
00828300   __c6xabi_divu
00828300   __divu
008283c0   _doflush
00828480   exit
00828540   __TI_tls_init
00828600   HOSTclose
008286a0   __c6xabi_remu
008286a0   __remu
00828740   _cleanup
00828920   _minit
00828b00   lseek
00828ba0   memcpy
00828d80   write
00828e20   __c6xabi_llshl
00828ea0   _c_int00
00828f20   readmsg
00828fa0   strncpy
00829020   evmI2CInit
008290a0   remove
008290a0   unlink
00829120   __TI_cpp_init
00829180   __c6xabi_frcmpyd_div
008291e0   __c6xabi_llshru
00829240   _subcull
008292a0   memccpy
00829300   vsprintf
00829360   writemsg
008293b8   C$$IO$$
008293c0   __c6xabi_isinf
00829440   _args_main
008294c0   strlen
00829500   __c6xabi_negll
00829520   _nop
008295a0   C$$EXIT
008295a0   abort
008295c0   __TI_decompress_none
008295e0   __TI_decompress_rle24
00829600   _stack
0082b600   __TI_STACK_END
0082b600   _sys_memory
0082d658   gDeviceNandBBlist
0082e884   gDeviceNand
0082e8bc   gDeviceNor
0082e8f4   gDeviceEeprom0
0082e92c   gDeviceEeprom1
0082e968   emac_port_mode
0082e970   _ctypes_
0082ec18   _tmpnams
0082ed58   gI2cBlock
0082eda8   __CIOBUF_
0082eed0   __TI_STATIC_BASE
0082eed0   port
0082eed4   rio_id
0082eed8   loopback
0082eee0   bootEntryAddr
0082eee4   platform_errno
0082eee8   platform_init_return_code
0082eeec   coreNum
00849b74   __TI_Handler_Table_Base
00849b80   __TI_Handler_Table_Limit
00849b90   __TI_CINIT_Base
00849bb8   __TI_CINIT_Limit
ffffffff   __TI_pprof_out_hndl
ffffffff   __TI_prof_data_size
ffffffff   __TI_prof_data_start
ffffffff   __binit__
ffffffff   __c_args__
ffffffff   binit
UNDEFED    __TI_INITARRAY_Base
UNDEFED    __TI_INITARRAY_Limit
UNDEFED    __TI_TLS_INIT_Base
UNDEFED    __TI_TLS_INIT_Limit

[214 symbols]
