******************************************************************************
               TMS320C6x Linker Unix v7.4.0                    
******************************************************************************
>> Linked Mon Nov 19 18:08:47 2012

OUTPUT FILE NAME:   <../bin/i2cnandboot_evm6670l.out>
ENTRY POINT SYMBOL: "_c_int00"  address: 0086d8c0


MEMORY CONFIGURATION

         name            origin    length      used     unused   attr    fill
----------------------  --------  ---------  --------  --------  ----  --------
  L2SRAM                00820000   000e0000  00057f3a  000880c6  RW X
  L1PSRAM               00e00000   00007fff  00000000  00007fff  RW X
  L1DSRAM               00f00000   00007fff  00000000  00007fff  RW X
  MSMCSRAM              0c000000   00200000  00000000  00200000  RW X
  DDR3                  80000000   10000000  00000000  10000000  RW X


SEGMENT ALLOCATION MAP

run origin  load origin   length   init length attrs members
----------  ----------- ---------- ----------- ----- -------
00820000    00820000    00040000   00000000    rw-
  00820000    00820000    00040000   00000000    rw- .sysmem
00860000    00860000    0000e020   0000e020    r-x
  00860000    00860000    0000e020   0000e020    r-x .text
0086e020    0086e020    00008000   00000000    rw-
  0086e020    0086e020    00008000   00000000    rw- .stack
00876020    00876020    00001798   00001798    rw-
  00876020    00876020    00001470   00001470    rw- platform_lib
  00877490    00877490    00000328   00000328    rw- .fardata
008777b8    008777b8    00000246   00000246    r--
  008777b8    008777b8    00000246   00000246    r-- .const
00877a00    00877a00    000002b0   00000000    rw-
  00877a00    00877a00    00000190   00000000    rw- .far
  00877b90    00877b90    00000120   00000000    rw- .cio
00877cb0    00877cb0    00000010   00000010    r--
  00877cb0    00877cb0    00000010   00000010    r-- .switch
00877cc0    00877cc0    00000010   00000008    rw-
  00877cc0    00877cc0    00000008   00000008    rw- .neardata
  00877cc8    00877cc8    00000008   00000000    rw- .bss
00877cd0    00877cd0    0000026c   0000026c    r--
  00877cd0    00877cd0    0000026c   0000026c    r-- .cinit


SECTION ALLOCATION MAP

 output                                  attributes/
section   page    origin      length       input sections
--------  ----  ----------  ----------   ----------------
.sysmem    0    00820000    00040000     UNINITIALIZED
                  00820000    00000008     rts6600_elf.lib : memory.obj (.sysmem)
                  00820008    0003fff8     --HOLE--

.text      0    00860000    0000e020     
                  00860000    00002000     ti.platform.evm6670l.ae66 : platform.obj (.text)
                  00862000    00001b20                               : evmc6670.obj (.text)
                  00863b20    00000d80                               : evmc66x_i2c_eeprom.obj (.text)
                  008648a0    00000b60                               : evm66x_nand.obj (.text)
                  00865400    00000720                               : evmc66x_ecc.obj (.text)
                  00865b20    00000720                               : evmc66x_gpio.obj (.text)
                  00866240    000005c0     rts6600_elf.lib : divd.obj (.text:__c6xabi_divd)
                  00866800    000005c0                     : _printfi.obj (.text:_getarg_diouxp)
                  00866dc0    000005a0     ti.platform.evm6670l.ae66 : evmc66x_spi.obj (.text)
                  00867360    00000580                               : evmc6670_phy.obj (.text)
                  008678e0    00000520                               : evmc66x_nor.obj (.text)
                  00867e00    000004c0                               : evmc66x_fpga.obj (.text)
                  008682c0    00000460     rts6600_elf.lib : _printfi.obj (.text:_printfi)
                  00868720    00000460                     : _printfi.obj (.text:_setfield)
                  00868b80    000003a0                     : fputs.obj (.text:fputs)
                  00868f20    00000320                     : _printfi.obj (.text:_pproc_fge)
                  00869240    00000320     ti.platform.evm6670l.ae66 : evmc66x_uart.obj (.text)
                  00869560    000002e0     rts6600_elf.lib : _printfi.obj (.text:_pproc_fwp)
                  00869840    000002a0                     : _printfi.obj (.text:fcvt)
                  00869ae0    00000280                     : _printfi.obj (.text:ecvt)
                  00869d60    00000280                     : memory.obj (.text:free)
                  00869fe0    00000240                     : imath64.obj (.text:__c6xabi_divull)
                  0086a220    00000240                     : _printfi.obj (.text:_pconv_e)
                  0086a460    00000240                     : _printfi.obj (.text:_pproc_diouxp)
                  0086a6a0    00000220                     : _printfi.obj (.text:_pproc_str)
                  0086a8c0    00000220                     : fputc.obj (.text:fputc)
                  0086aae0    00000200                     : _printfi.obj (.text:_pconv_g)
                  0086ace0    00000200                     : setvbuf.obj (.text:setvbuf)
                  0086aee0    000001c0                     : _printfi.obj (.text:_mcpy)
                  0086b0a0    000001c0     i2c_boot_nand_example.obj (.text)
                  0086b260    000001a0     rts6600_elf.lib : trgdrv.obj (.text:HOSTrename)
                  0086b400    000001a0                     : imath40.obj (.text:__c6xabi_divul)
                  0086b5a0    00000180                     : copy_decompress_rle.obj (.text:__TI_decompress_rle_core)
                  0086b720    00000180                     : memory.obj (.text:malloc)
                  0086b8a0    00000140                     : _printfi.obj (.text:_pproc_fflags)
                  0086b9e0    00000140                     : lowlev.obj (.text:getdevice)
                  0086bb20    00000120                     : fclose.obj (.text:_closefile)
                  0086bc40    00000120                     : _printfi.obj (.text:_ltostr)
                  0086bd60    00000120                     : fseek.obj (.text:fseek)
                  0086be80    00000100                     : trgdrv.obj (.text:HOSTlseek)
                  0086bf80    00000100                     : autoinit.obj (.text:_auto_init_elf)
                  0086c080    00000100                     : _io_perm.obj (.text:_wrt_ok)
                  0086c180    00000100                     : cpy_tbl.obj (.text:copy_in)
                  0086c280    000000e0                     : trgdrv.obj (.text:HOSTopen)
                  0086c360    000000e0                     : divi.obj (.text:__divi)
                  0086c440    000000e0                     : _printfi.obj (.text:_div)
                  0086c520    000000e0                     : atoi.obj (.text:atoi)
                  0086c600    000000e0                     : lowlev.obj (.text:close)
                  0086c6e0    000000e0                     : copy_zero_init.obj (.text:decompress:ZI:__TI_zero_init)
                  0086c7c0    000000e0                     : ltoa.obj (.text:ltoa)
                  0086c8a0    000000e0                     : memset.obj (.text:memset)
                  0086c980    000000e0                     : printf.obj (.text:printf)
                  0086ca60    000000c0                     : trgdrv.obj (.text:HOSTread)
                  0086cb20    000000c0                     : trgdrv.obj (.text:HOSTunlink)
                  0086cbe0    000000c0                     : trgdrv.obj (.text:HOSTwrite)
                  0086cca0    000000c0                     : divu.obj (.text:__divu)
                  0086cd60    000000c0                     : fflush.obj (.text:_doflush)
                  0086ce20    000000c0                     : exit.obj (.text:exit)
                  0086cee0    000000c0                     : tls.obj (.text:tls:init:__TI_tls_init)
                  0086cfa0    000000a0                     : trgdrv.obj (.text:HOSTclose)
                  0086d040    000000a0                     : remu.obj (.text:__remu)
                  0086d0e0    000000a0                     : fopen.obj (.text:_cleanup)
                  0086d180    000000a0                     : _printfi.obj (.text:_ecpy)
                  0086d220    000000a0                     : _printfi.obj (.text:_fcpy)
                  0086d2c0    000000a0                     : memory.obj (.text:_minit)
                  0086d360    000000a0                     : _printfi.obj (.text:_pconv_f)
                  0086d400    000000a0                     : lowlev.obj (.text:finddevice)
                  0086d4a0    000000a0                     : lowlev.obj (.text:lseek)
                  0086d540    000000a0                     : memcpy64.obj (.text:memcpy)
                  0086d5e0    000000a0                     : memory.obj (.text:minsert)
                  0086d680    000000a0                     : memory.obj (.text:mremove)
                  0086d720    000000a0                     : lowlev.obj (.text:write)
                  0086d7c0    00000080                     : fixdu.obj (.text:__c6xabi_fixdu)
                  0086d840    00000080                     : llshift.obj (.text:__c6xabi_llshl)
                  0086d8c0    00000080                     : boot.obj (.text:_c_int00)
                  0086d940    00000080                     : trgmsg.obj (.text:readmsg)
                  0086d9c0    00000080                     : strncpy.obj (.text:strncpy)
                  0086da40    00000080     ti.platform.evm6670l.ae66 : evm66x_i2c.obj (.text)
                  0086dac0    00000080     rts6600_elf.lib : lowlev.obj (.text:unlink)
                  0086db40    00000060                     : cpp_init.obj (.text:__TI_cpp_init)
                  0086dba0    00000060                     : frcmpyd_div.obj (.text:__c6xabi_frcmpyd_div)
                  0086dc00    00000060                     : llshift.obj (.text:__c6xabi_llshru)
                  0086dc60    00000060                     : imath64.obj (.text:_subcull)
                  0086dcc0    00000060                     : memccpy.obj (.text:memccpy)
                  0086dd20    00000060                     : vsprintf.obj (.text:vsprintf)
                  0086dd80    00000060                     : trgmsg.obj (.text:writemsg)
                  0086dde0    00000040                     : isinf.obj (.text:__c6xabi_isinf)
                  0086de20    00000040                     : _printfi.obj (.text:__c6xabi_isnan)
                  0086de60    00000040                     : args_main.obj (.text:_args_main)
                  0086dea0    00000040                     : vsprintf.obj (.text:_outs)
                  0086dee0    00000040                     : strlen.obj (.text:strlen)
                  0086df20    00000020                     : negll.obj (.text:__c6xabi_negll)
                  0086df40    00000020                     : _lock.obj (.text:_nop)
                  0086df60    00000020                     : printf.obj (.text:_outc)
                  0086df80    00000020                     : vsprintf.obj (.text:_outc)
                  0086dfa0    00000020                     : printf.obj (.text:_outs)
                  0086dfc0    00000020                     : exit.obj (.text:abort)
                  0086dfe0    00000020                     : copy_decompress_none.obj (.text:decompress:none:__TI_decompress_none)
                  0086e000    00000020                     : copy_decompress_rle.obj (.text:decompress:rle24:__TI_decompress_rle24)

.stack     0    0086e020    00008000     UNINITIALIZED
                  0086e020    00000008     rts6600_elf.lib : boot.obj (.stack)
                  0086e028    00007ff8     --HOLE--

platform_lib 
*          0    00876020    00001470     
                  00876020    00001058     ti.platform.evm6670l.ae66 : platform.obj (platform_lib:uninit) [fill = 0]
                  00877078    00000210                               : evm66x_nand.obj (platform_lib) [fill = 0]
                  00877288    00000108                               : platform.obj (platform_lib:init)
                  00877390    00000100                               : evmc66x_ecc.obj (platform_lib)

.fardata   0    00877490    00000328     
                  00877490    000001e0     rts6600_elf.lib : defs.obj (.fardata:_ftable)
                  00877670    000000a0                     : lowlev.obj (.fardata:_stream)
                  00877710    00000078                     : lowlev.obj (.fardata:_device)
                  00877788    0000000c                     : exit.obj (.fardata)
                  00877794    0000000c                     : memory.obj (.fardata)
                  008777a0    0000000c     i2c_boot_nand_example.obj (.fardata:version)
                  008777ac    00000008     rts6600_elf.lib : _lock.obj (.fardata)
                  008777b4    00000004                     : defs.obj (.fardata)

.const     0    008777b8    00000246     
                  008777b8    00000101     rts6600_elf.lib : ctype.obj (.const:.string:_ctypes_)
                  008778b9    00000003     --HOLE-- [fill = 0]
                  008778bc    00000058     ti.platform.evm6670l.ae66 : platform.obj (.const:.string)
                  00877914    00000004     --HOLE-- [fill = 0]
                  00877918    00000048     i2c_boot_nand_example.obj (.const:.string:$P$T1$2)
                  00877960    00000048     i2c_boot_nand_example.obj (.const:.string)
                  008779a8    00000028     i2c_boot_nand_example.obj (.const:.string:$P$T0$1)
                  008779d0    00000023     rts6600_elf.lib : _printfi.obj (.const:.string)
                  008779f3    00000005     --HOLE-- [fill = 0]
                  008779f8    00000006     ti.platform.evm6670l.ae66 : evm66x_nand.obj (.const:.string:$P$T0$1)

.far       0    00877a00    00000190     UNINITIALIZED
                  00877a00    00000140     rts6600_elf.lib : defs.obj (.far)
                  00877b40    00000044     ti.platform.evm6670l.ae66 : evmc66x_i2c_eeprom.obj (.far)
                  00877b84    00000004     --HOLE--
                  00877b88    00000008     rts6600_elf.lib : trgdrv.obj (.far)

.cio       0    00877b90    00000120     UNINITIALIZED
                  00877b90    00000120     rts6600_elf.lib : trgmsg.obj (.cio)

.switch    0    00877cb0    00000010     
                  00877cb0    00000010     ti.platform.evm6670l.ae66 : platform.obj (.switch:platform_internal_memory_test)

.neardata 
*          0    00877cc0    00000008     
                  00877cc0    00000008     ti.platform.evm6670l.ae66 : platform.obj (.neardata)

.rodata    0    00877cc8    00000000     UNINITIALIZED

.bss       0    00877cc8    00000008     UNINITIALIZED
                  00877cc8    00000004     ti.platform.evm6670l.ae66 : evmc66x_gpio.obj (.bss)
                  00877ccc    00000004                               : evmc66x_spi.obj (.bss)

.cinit     0    00877cd0    0000026c     
                  00877cd0    0000019e     (.cinit.platform_lib.load) [load image, compression = rle]
                  00877e6e    00000002     --HOLE-- [fill = 0]
                  00877e70    00000079     (.cinit..fardata.load) [load image, compression = rle]
                  00877ee9    00000003     --HOLE-- [fill = 0]
                  00877eec    0000000c     (__TI_handler_table)
                  00877ef8    00000009     (.cinit..neardata.load) [load image, compression = rle]
                  00877f01    00000003     --HOLE-- [fill = 0]
                  00877f04    00000008     (.cinit..bss.load) [load image, compression = zero_init]
                  00877f0c    00000008     (.cinit..far.load) [load image, compression = zero_init]
                  00877f14    00000028     (__TI_cinit_table)


LINKER GENERATED COPY TABLES

__TI_cinit_table @ 00877f14 records: 5, size/record: 8, table size: 40
	platform_lib: load addr=00877cd0, load size=0000019e bytes, run addr=00876020, run size=00001470 bytes, compression=rle
	.fardata: load addr=00877e70, load size=00000079 bytes, run addr=00877490, run size=00000328 bytes, compression=rle
	.neardata: load addr=00877ef8, load size=00000009 bytes, run addr=00877cc0, run size=00000008 bytes, compression=rle
	.bss: load addr=00877f04, load size=00000008 bytes, run addr=00877cc8, run size=00000008 bytes, compression=zero_init
	.far: load addr=00877f0c, load size=00000008 bytes, run addr=00877a00, run size=00000190 bytes, compression=zero_init


LINKER GENERATED HANDLER TABLE

__TI_handler_table @ 00877eec records: 3, size/record: 4, table size: 12
	index: 0, handler: __TI_decompress_rle24
	index: 1, handler: __TI_decompress_none
	index: 2, handler: __TI_zero_init


GLOBAL SYMBOLS: SORTED ALPHABETICALLY BY Name 

address    name
--------   ----
0086dfc0   C$$EXIT
0086ddd8   C$$IO$$
00861f90   Convert_CoreLocal2GlobalAddr
00863214   CorePllcGetHwSetup
00862fb8   CorePllcHwSetup
00863734   DDR3Init
0086cfa0   HOSTclose
0086be80   HOSTlseek
0086c280   HOSTopen
0086ca60   HOSTread
0086b260   HOSTrename
0086cb20   HOSTunlink
0086cbe0   HOSTwrite
008677f8   Init_SGMII
008652ac   NandGetDetails
00864ad4   NandReadPage
00864a04   NandReadSpareArea
00864d30   NandWriteDataBytes
00864dac   NandWritePage
00865008   NandWriteSpareArea
0086b0b4   Osal_platformFree
0086b0a0   Osal_platformMalloc
0086b0d4   Osal_platformSpiCsEnter
0086b0d8   Osal_platformSpiCsExit
008634f4   PowerUpDomains
00863574   SetDDR3PllConfig
00863300   SetPaPllConfig
00869240   UartInit
0086950c   UartIsDataReady
00869410   UartReadBaudRate
00869480   UartReadData
00869398   UartSetBaudRate
008694ac   UartWriteData
00877b90   __CIOBUF_
00877f14   __TI_CINIT_Base
00877f3c   __TI_CINIT_Limit
00877eec   __TI_Handler_Table_Base
00877ef8   __TI_Handler_Table_Limit
UNDEFED    __TI_INITARRAY_Base
UNDEFED    __TI_INITARRAY_Limit
00876020   __TI_STACK_END
00008000   __TI_STACK_SIZE
00877cc0   __TI_STATIC_BASE
00040000   __TI_SYSMEM_SIZE
UNDEFED    __TI_TLS_INIT_Base
UNDEFED    __TI_TLS_INIT_Limit
00000001   __TI_args_main
0086db40   __TI_cpp_init
0086dfe0   __TI_decompress_none
0086e000   __TI_decompress_rle24
00877790   __TI_enable_exit_profile_output
ffffffff   __TI_pprof_out_hndl
ffffffff   __TI_prof_data_size
ffffffff   __TI_prof_data_start
0086cee0   __TI_tls_init
0086c6e0   __TI_zero_init
ffffffff   __binit__
00866240   __c6xabi_divd
0086c360   __c6xabi_divi
0086cca0   __c6xabi_divu
0086b400   __c6xabi_divul
00869fe0   __c6xabi_divull
0086d7c0   __c6xabi_fixdu
0086dba0   __c6xabi_frcmpyd_div
0086dde0   __c6xabi_isinf
0086d840   __c6xabi_llshl
0086dc00   __c6xabi_llshru
0086df20   __c6xabi_negll
0086d040   __c6xabi_remu
ffffffff   __c_args__
0086c360   __divi
0086cca0   __divu
0086d040   __remu
0086de60   _args_main
0086bf80   _auto_init_elf
0086d8c0   _c_int00
0086d0e0   _cleanup
00877788   _cleanup_ptr
0086bb20   _closefile
008777b8   _ctypes_
0086cd60   _doflush
0087778c   _dtors_ptr
008777b4   _ft_end
00877490   _ftable
008777ac   _lock
0086d2c0   _minit
0086df40   _nop
008682c0   _printfi
0086e020   _stack
0086dc60   _subcull
00820000   _sys_memory
00877a00   _tmpnams
008777b0   _unlock
0086c080   _wrt_ok
0086dfc0   abort
0086c520   atoi
ffffffff   binit
0086c600   close
00867760   configSerdes
0086c180   copy_in
008655b4   eccComputeECC
00865704   eccCorrectData
00877388   emac_port_mode
0086da40   evmI2CInit
0086ce20   exit
00867e98   fpgaControlUserLEDs
0086806c   fpgaDisableEepromWriteProtect
00867f58   fpgaDisableNandWriteProtect
00867fe4   fpgaDisableNorWriteProtect
008680b0   fpgaEnableEepromWriteProtect
00867fa0   fpgaEnableNandWriteProtect
00868028   fpgaEnableNorWriteProtect
00868140   fpgaGetAMCDetect
008680f4   fpgaGetUserSwitch
00868230   fpgaReadConfigurationRegister
00868184   fpgaWriteConfigurationRegister
0086a8c0   fputc
00868b80   fputs
00869d60   free
0086bd60   fseek
00877314   gDeviceEeprom0
0087734c   gDeviceEeprom1
008772a4   gDeviceNand
00876078   gDeviceNandBBlist
008772dc   gDeviceNor
00877b40   gI2cBlock
00867e00   getBoardVersion
00867e4c   getFpgaDevID
00866158   gpioClearDataBus
00866224   gpioClearFallingEdgeInterrupt
008660b8   gpioClearOutput
008661f4   gpioClearRisingEdgeInterrupt
008661cc   gpioDisableGlobalInterrupt
008661b8   gpioEnableGlobalInterrupt
00865fa8   gpioInit
00866194   gpioReadDataBus
008660d0   gpioReadInput
00866174   gpioSetDataBus
00866060   gpioSetDataBusDirection
00866024   gpioSetDirection
0086620c   gpioSetFallingEdgeInterrupt
008660a4   gpioSetOutput
008661e0   gpioSetRisingEdgeInterrupt
00866124   gpioWriteDataBus
00864540   i2cEepromMacRead
008642a8   i2cEepromMacWrite
00863e2c   i2cEepromRead
00864030   i2cEepromWrite
00863b64   i2cEepromWriteBlock
00864150   i2cEepromWriteByteAddr
0086d4a0   lseek
0086c7c0   ltoa
0086b154   main
0086b720   malloc
0086dcc0   memccpy
0086d540   memcpy
0086c8a0   memset
0086510c   nandFlashBlockErase
008653d8   nandInit
008648a0   ndelay
00867cd4   nor_erase
00867960   nor_get_details
008679ec   nor_init
00867a64   nor_read
00867af4   nor_write
008618a8   platform_blocknpage_to_offset
00860dd8   platform_delay
00860e38   platform_delaycycles
00861330   platform_device_close
00861ecc   platform_device_erase_block
0086146c   platform_device_mark_block_bad
008611ac   platform_device_open
00861620   platform_device_read
008613cc   platform_device_read_spare_data
008619a0   platform_device_write
00861580   platform_device_write_spare_data
00877cc0   platform_errno
00860e78   platform_external_memory_test
00860af4   platform_get_coreid
00860b08   platform_get_emac_info
008605ac   platform_get_info
00860b98   platform_get_macaddr
00860c2c   platform_get_phy_addr
00860ca4   platform_get_switch_state
008608b4   platform_init
00877cc4   platform_init_return_code
00860ef8   platform_internal_memory_test
00860d90   platform_led
00861780   platform_offset_to_blocknpage
00860c40   platform_phy_link_status
00860d74   platform_uart_init
00860cb0   platform_uart_read
00860d34   platform_uart_set_baudrate
00860d18   platform_uart_write
00861088   platform_write
00861050   platform_write_configure
0086b0e0   print_platform_errno
0086c980   printf
00862e54   prog_pll1_values
00864ba4   readNandPage
0086d940   readmsg
0086dac0   remove
00860494   serial_num_isvalid
0086ace0   setvbuf
00866df0   spi_claim
008670e4   spi_cmd
00867148   spi_cmd_read
008671a8   spi_cmd_write
00867208   spi_read_word
00866f98   spi_release
008672c0   spi_write_word
00866fb0   spi_xfer
0086dee0   strlen
0086d9c0   strncpy
0086dac0   unlink
008777a0   version
0086dd20   vsprintf
0086d720   write
00864ec8   writeNandPage
0086b108   write_uart
0086dd80   writemsg
008636e4   xmc_setup


GLOBAL SYMBOLS: SORTED BY Symbol Address 

address    name
--------   ----
00000001   __TI_args_main
00008000   __TI_STACK_SIZE
00040000   __TI_SYSMEM_SIZE
00820000   _sys_memory
00860494   serial_num_isvalid
008605ac   platform_get_info
008608b4   platform_init
00860af4   platform_get_coreid
00860b08   platform_get_emac_info
00860b98   platform_get_macaddr
00860c2c   platform_get_phy_addr
00860c40   platform_phy_link_status
00860ca4   platform_get_switch_state
00860cb0   platform_uart_read
00860d18   platform_uart_write
00860d34   platform_uart_set_baudrate
00860d74   platform_uart_init
00860d90   platform_led
00860dd8   platform_delay
00860e38   platform_delaycycles
00860e78   platform_external_memory_test
00860ef8   platform_internal_memory_test
00861050   platform_write_configure
00861088   platform_write
008611ac   platform_device_open
00861330   platform_device_close
008613cc   platform_device_read_spare_data
0086146c   platform_device_mark_block_bad
00861580   platform_device_write_spare_data
00861620   platform_device_read
00861780   platform_offset_to_blocknpage
008618a8   platform_blocknpage_to_offset
008619a0   platform_device_write
00861ecc   platform_device_erase_block
00861f90   Convert_CoreLocal2GlobalAddr
00862e54   prog_pll1_values
00862fb8   CorePllcHwSetup
00863214   CorePllcGetHwSetup
00863300   SetPaPllConfig
008634f4   PowerUpDomains
00863574   SetDDR3PllConfig
008636e4   xmc_setup
00863734   DDR3Init
00863b64   i2cEepromWriteBlock
00863e2c   i2cEepromRead
00864030   i2cEepromWrite
00864150   i2cEepromWriteByteAddr
008642a8   i2cEepromMacWrite
00864540   i2cEepromMacRead
008648a0   ndelay
00864a04   NandReadSpareArea
00864ad4   NandReadPage
00864ba4   readNandPage
00864d30   NandWriteDataBytes
00864dac   NandWritePage
00864ec8   writeNandPage
00865008   NandWriteSpareArea
0086510c   nandFlashBlockErase
008652ac   NandGetDetails
008653d8   nandInit
008655b4   eccComputeECC
00865704   eccCorrectData
00865fa8   gpioInit
00866024   gpioSetDirection
00866060   gpioSetDataBusDirection
008660a4   gpioSetOutput
008660b8   gpioClearOutput
008660d0   gpioReadInput
00866124   gpioWriteDataBus
00866158   gpioClearDataBus
00866174   gpioSetDataBus
00866194   gpioReadDataBus
008661b8   gpioEnableGlobalInterrupt
008661cc   gpioDisableGlobalInterrupt
008661e0   gpioSetRisingEdgeInterrupt
008661f4   gpioClearRisingEdgeInterrupt
0086620c   gpioSetFallingEdgeInterrupt
00866224   gpioClearFallingEdgeInterrupt
00866240   __c6xabi_divd
00866df0   spi_claim
00866f98   spi_release
00866fb0   spi_xfer
008670e4   spi_cmd
00867148   spi_cmd_read
008671a8   spi_cmd_write
00867208   spi_read_word
008672c0   spi_write_word
00867760   configSerdes
008677f8   Init_SGMII
00867960   nor_get_details
008679ec   nor_init
00867a64   nor_read
00867af4   nor_write
00867cd4   nor_erase
00867e00   getBoardVersion
00867e4c   getFpgaDevID
00867e98   fpgaControlUserLEDs
00867f58   fpgaDisableNandWriteProtect
00867fa0   fpgaEnableNandWriteProtect
00867fe4   fpgaDisableNorWriteProtect
00868028   fpgaEnableNorWriteProtect
0086806c   fpgaDisableEepromWriteProtect
008680b0   fpgaEnableEepromWriteProtect
008680f4   fpgaGetUserSwitch
00868140   fpgaGetAMCDetect
00868184   fpgaWriteConfigurationRegister
00868230   fpgaReadConfigurationRegister
008682c0   _printfi
00868b80   fputs
00869240   UartInit
00869398   UartSetBaudRate
00869410   UartReadBaudRate
00869480   UartReadData
008694ac   UartWriteData
0086950c   UartIsDataReady
00869d60   free
00869fe0   __c6xabi_divull
0086a8c0   fputc
0086ace0   setvbuf
0086b0a0   Osal_platformMalloc
0086b0b4   Osal_platformFree
0086b0d4   Osal_platformSpiCsEnter
0086b0d8   Osal_platformSpiCsExit
0086b0e0   print_platform_errno
0086b108   write_uart
0086b154   main
0086b260   HOSTrename
0086b400   __c6xabi_divul
0086b720   malloc
0086bb20   _closefile
0086bd60   fseek
0086be80   HOSTlseek
0086bf80   _auto_init_elf
0086c080   _wrt_ok
0086c180   copy_in
0086c280   HOSTopen
0086c360   __c6xabi_divi
0086c360   __divi
0086c520   atoi
0086c600   close
0086c6e0   __TI_zero_init
0086c7c0   ltoa
0086c8a0   memset
0086c980   printf
0086ca60   HOSTread
0086cb20   HOSTunlink
0086cbe0   HOSTwrite
0086cca0   __c6xabi_divu
0086cca0   __divu
0086cd60   _doflush
0086ce20   exit
0086cee0   __TI_tls_init
0086cfa0   HOSTclose
0086d040   __c6xabi_remu
0086d040   __remu
0086d0e0   _cleanup
0086d2c0   _minit
0086d4a0   lseek
0086d540   memcpy
0086d720   write
0086d7c0   __c6xabi_fixdu
0086d840   __c6xabi_llshl
0086d8c0   _c_int00
0086d940   readmsg
0086d9c0   strncpy
0086da40   evmI2CInit
0086dac0   remove
0086dac0   unlink
0086db40   __TI_cpp_init
0086dba0   __c6xabi_frcmpyd_div
0086dc00   __c6xabi_llshru
0086dc60   _subcull
0086dcc0   memccpy
0086dd20   vsprintf
0086dd80   writemsg
0086ddd8   C$$IO$$
0086dde0   __c6xabi_isinf
0086de60   _args_main
0086dee0   strlen
0086df20   __c6xabi_negll
0086df40   _nop
0086dfc0   C$$EXIT
0086dfc0   abort
0086dfe0   __TI_decompress_none
0086e000   __TI_decompress_rle24
0086e020   _stack
00876020   __TI_STACK_END
00876078   gDeviceNandBBlist
008772a4   gDeviceNand
008772dc   gDeviceNor
00877314   gDeviceEeprom0
0087734c   gDeviceEeprom1
00877388   emac_port_mode
00877490   _ftable
00877788   _cleanup_ptr
0087778c   _dtors_ptr
00877790   __TI_enable_exit_profile_output
008777a0   version
008777ac   _lock
008777b0   _unlock
008777b4   _ft_end
008777b8   _ctypes_
00877a00   _tmpnams
00877b40   gI2cBlock
00877b90   __CIOBUF_
00877cc0   __TI_STATIC_BASE
00877cc0   platform_errno
00877cc4   platform_init_return_code
00877eec   __TI_Handler_Table_Base
00877ef8   __TI_Handler_Table_Limit
00877f14   __TI_CINIT_Base
00877f3c   __TI_CINIT_Limit
ffffffff   __TI_pprof_out_hndl
ffffffff   __TI_prof_data_size
ffffffff   __TI_prof_data_start
ffffffff   __binit__
ffffffff   __c_args__
ffffffff   binit
UNDEFED    __TI_INITARRAY_Base
UNDEFED    __TI_INITARRAY_Limit
UNDEFED    __TI_TLS_INIT_Base
UNDEFED    __TI_TLS_INIT_Limit

[222 symbols]
