******************************************************************************
               TMS320C6x Linker Unix v7.4.0                    
******************************************************************************
>> Linked Mon Nov 19 18:16:54 2012

OUTPUT FILE NAME:   <../bin/pcieboot_helloworld_evm6678l.out>
ENTRY POINT SYMBOL: "_c_int00"  address: 8000d060


MEMORY CONFIGURATION

         name            origin    length      used     unused   attr    fill
----------------------  --------  ---------  --------  --------  ----  --------
  LL2                   00800000   00010000  000042bc  0000bd44  RW X
  DDR                   80000000   20000000  0000f2ea  1fff0d16  RW X


SEGMENT ALLOCATION MAP

run origin  load origin   length   init length attrs members
----------  ----------- ---------- ----------- ----- -------
00800000    00800000    000042b0   00000000    rw-
  00800000    00800000    00002000   00000000    rw- .stack
  00802000    00802000    00002000   00000000    rw- .sysmem
  00804000    00804000    00000190   00000000    rw- .far
  00804190    00804190    00000120   00000000    rw- .cio
008042b0    008042b0    0000000c   00000008    rw-
  008042b0    008042b0    00000008   00000008    rw- .neardata
  008042b8    008042b8    00000004   00000000    rw- .bss
80000000    80000000    0000d880   0000d880    r-x
  80000000    80000000    0000d880   0000d880    r-x .text
8000d880    8000d880    00001698   00001698    rw-
  8000d880    8000d880    00001370   00001370    rw- platform_lib
  8000ebf0    8000ebf0    00000328   00000328    rw- .fardata
8000ef18    8000ef18    00000242   00000242    r--
  8000ef18    8000ef18    00000242   00000242    r-- .const
8000f15c    8000f15c    00000190   00000190    r--
  8000f15c    8000f15c    00000020   00000020    r-- .switch
  8000f17c    8000f17c    00000170   00000170    r-- .cinit


SECTION ALLOCATION MAP

 output                                  attributes/
section   page    origin      length       input sections
--------  ----  ----------  ----------   ----------------
.stack     0    00800000    00002000     UNINITIALIZED
                  00800000    00000008     rts6600_elf.lib : boot.obj (.stack)
                  00800008    00001ff8     --HOLE--

.sysmem    0    00802000    00002000     UNINITIALIZED
                  00802000    00000008     rts6600_elf.lib : memory.obj (.sysmem)
                  00802008    00001ff8     --HOLE--

.far       0    00804000    00000190     UNINITIALIZED
                  00804000    00000140     rts6600_elf.lib : defs.obj (.far)
                  00804140    00000044     ti.platform.evm6678l.ae66 : evmc66x_i2c_eeprom.obj (.far)
                  00804184    00000004     --HOLE--
                  00804188    00000008     rts6600_elf.lib : trgdrv.obj (.far)

.cio       0    00804190    00000120     UNINITIALIZED
                  00804190    00000120     rts6600_elf.lib : trgmsg.obj (.cio)

.neardata 
*          0    008042b0    00000008     
                  008042b0    00000008     ti.platform.evm6678l.ae66 : platform.obj (.neardata)

.bss       0    008042b8    00000004     UNINITIALIZED
                  008042b8    00000004     ti.platform.evm6678l.ae66 : evmc66x_spi.obj (.bss)

.text      0    80000000    0000d880     
                  80000000    00001fe0     ti.platform.evm6678l.ae66 : platform.obj (.text)
                  80001fe0    00001b40                               : evmc6678.obj (.text)
                  80003b20    00001160                               : evm66x_nand.obj (.text)
                  80004c80    00000d80                               : evmc66x_i2c_eeprom.obj (.text)
                  80005a00    000005c0     rts6600_elf.lib : divd.obj (.text:__c6xabi_divd)
                  80005fc0    000005c0                     : _printfi.obj (.text:_getarg_diouxp)
                  80006580    000005a0     ti.platform.evm6678l.ae66 : evmc66x_spi.obj (.text)
                  80006b20    00000560                               : evmc6678_phy.obj (.text)
                  80007080    00000520                               : evmc66x_nor.obj (.text)
                  800075a0    000004c0                               : evmc66x_fpga.obj (.text)
                  80007a60    00000460     rts6600_elf.lib : _printfi.obj (.text:_printfi)
                  80007ec0    00000460                     : _printfi.obj (.text:_setfield)
                  80008320    000003a0                     : fputs.obj (.text:fputs)
                  800086c0    00000320                     : _printfi.obj (.text:_pproc_fge)
                  800089e0    00000320     ti.platform.evm6678l.ae66 : evmc66x_uart.obj (.text)
                  80008d00    000002e0     rts6600_elf.lib : _printfi.obj (.text:_pproc_fwp)
                  80008fe0    000002a0                     : _printfi.obj (.text:fcvt)
                  80009280    00000280                     : _printfi.obj (.text:ecvt)
                  80009500    00000280                     : memory.obj (.text:free)
                  80009780    00000240                     : imath64.obj (.text:__c6xabi_divull)
                  800099c0    00000240                     : _printfi.obj (.text:_pconv_e)
                  80009c00    00000240                     : _printfi.obj (.text:_pproc_diouxp)
                  80009e40    00000240     pcieboot_helloworld.obj (.text)
                  8000a080    00000220     rts6600_elf.lib : _printfi.obj (.text:_pproc_str)
                  8000a2a0    00000220                     : fputc.obj (.text:fputc)
                  8000a4c0    00000200                     : _printfi.obj (.text:_pconv_g)
                  8000a6c0    00000200                     : setvbuf.obj (.text:setvbuf)
                  8000a8c0    000001c0                     : _printfi.obj (.text:_mcpy)
                  8000aa80    000001a0                     : trgdrv.obj (.text:HOSTrename)
                  8000ac20    000001a0                     : imath40.obj (.text:__c6xabi_divul)
                  8000adc0    00000180                     : copy_decompress_rle.obj (.text:__TI_decompress_rle_core)
                  8000af40    00000180                     : memory.obj (.text:malloc)
                  8000b0c0    00000140                     : _printfi.obj (.text:_pproc_fflags)
                  8000b200    00000140                     : lowlev.obj (.text:getdevice)
                  8000b340    00000120                     : fclose.obj (.text:_closefile)
                  8000b460    00000120                     : _printfi.obj (.text:_ltostr)
                  8000b580    00000120                     : fseek.obj (.text:fseek)
                  8000b6a0    00000100                     : trgdrv.obj (.text:HOSTlseek)
                  8000b7a0    00000100                     : autoinit.obj (.text:_auto_init_elf)
                  8000b8a0    00000100                     : _io_perm.obj (.text:_wrt_ok)
                  8000b9a0    00000100                     : cpy_tbl.obj (.text:copy_in)
                  8000baa0    000000e0                     : trgdrv.obj (.text:HOSTopen)
                  8000bb80    000000e0                     : divi.obj (.text:__divi)
                  8000bc60    000000e0                     : _printfi.obj (.text:_div)
                  8000bd40    000000e0                     : atoi.obj (.text:atoi)
                  8000be20    000000e0                     : lowlev.obj (.text:close)
                  8000bf00    000000e0                     : copy_zero_init.obj (.text:decompress:ZI:__TI_zero_init)
                  8000bfe0    000000e0                     : ltoa.obj (.text:ltoa)
                  8000c0c0    000000e0                     : memset.obj (.text:memset)
                  8000c1a0    000000e0                     : printf.obj (.text:printf)
                  8000c280    000000c0                     : trgdrv.obj (.text:HOSTread)
                  8000c340    000000c0                     : trgdrv.obj (.text:HOSTunlink)
                  8000c400    000000c0                     : trgdrv.obj (.text:HOSTwrite)
                  8000c4c0    000000c0                     : divu.obj (.text:__divu)
                  8000c580    000000c0                     : fflush.obj (.text:_doflush)
                  8000c640    000000c0                     : exit.obj (.text:exit)
                  8000c700    000000c0                     : tls.obj (.text:tls:init:__TI_tls_init)
                  8000c7c0    000000a0                     : trgdrv.obj (.text:HOSTclose)
                  8000c860    000000a0                     : remu.obj (.text:__remu)
                  8000c900    000000a0                     : fopen.obj (.text:_cleanup)
                  8000c9a0    000000a0                     : _printfi.obj (.text:_ecpy)
                  8000ca40    000000a0                     : _printfi.obj (.text:_fcpy)
                  8000cae0    000000a0                     : memory.obj (.text:_minit)
                  8000cb80    000000a0                     : _printfi.obj (.text:_pconv_f)
                  8000cc20    000000a0                     : lowlev.obj (.text:finddevice)
                  8000ccc0    000000a0                     : lowlev.obj (.text:lseek)
                  8000cd60    000000a0                     : memcpy64.obj (.text:memcpy)
                  8000ce00    000000a0                     : memory.obj (.text:minsert)
                  8000cea0    000000a0                     : memory.obj (.text:mremove)
                  8000cf40    000000a0                     : lowlev.obj (.text:write)
                  8000cfe0    00000080                     : llshift.obj (.text:__c6xabi_llshl)
                  8000d060    00000080                     : boot.obj (.text:_c_int00)
                  8000d0e0    00000080                     : trgmsg.obj (.text:readmsg)
                  8000d160    00000080                     : strncpy.obj (.text:strncpy)
                  8000d1e0    00000080     ti.platform.evm6678l.ae66 : evm66x_i2c.obj (.text)
                  8000d260    00000080     rts6600_elf.lib : lowlev.obj (.text:unlink)
                  8000d2e0    00000060                     : cpp_init.obj (.text:__TI_cpp_init)
                  8000d340    00000060                     : frcmpyd_div.obj (.text:__c6xabi_frcmpyd_div)
                  8000d3a0    00000060                     : llshift.obj (.text:__c6xabi_llshru)
                  8000d400    00000060                     : imath64.obj (.text:_subcull)
                  8000d460    00000060                     : memccpy.obj (.text:memccpy)
                  8000d4c0    00000060                     : sprintf.obj (.text:sprintf)
                  8000d520    00000060                     : vsprintf.obj (.text:vsprintf)
                  8000d580    00000060                     : trgmsg.obj (.text:writemsg)
                  8000d5e0    00000040                     : isinf.obj (.text:__c6xabi_isinf)
                  8000d620    00000040                     : _printfi.obj (.text:__c6xabi_isnan)
                  8000d660    00000040                     : args_main.obj (.text:_args_main)
                  8000d6a0    00000040                     : sprintf.obj (.text:_outs)
                  8000d6e0    00000040                     : vsprintf.obj (.text:_outs)
                  8000d720    00000040                     : strlen.obj (.text:strlen)
                  8000d760    00000020                     : negll.obj (.text:__c6xabi_negll)
                  8000d780    00000020                     : _lock.obj (.text:_nop)
                  8000d7a0    00000020                     : printf.obj (.text:_outc)
                  8000d7c0    00000020                     : sprintf.obj (.text:_outc)
                  8000d7e0    00000020                     : vsprintf.obj (.text:_outc)
                  8000d800    00000020                     : printf.obj (.text:_outs)
                  8000d820    00000020                     : exit.obj (.text:abort)
                  8000d840    00000020                     : copy_decompress_none.obj (.text:decompress:none:__TI_decompress_none)
                  8000d860    00000020                     : copy_decompress_rle.obj (.text:decompress:rle24:__TI_decompress_rle24)

platform_lib 
*          0    8000d880    00001370     
                  8000d880    00001058     ti.platform.evm6678l.ae66 : platform.obj (platform_lib:uninit) [fill = 0]
                  8000e8d8    00000210                               : evm66x_nand.obj (platform_lib) [fill = 0]
                  8000eae8    00000108                               : platform.obj (platform_lib:init)

.fardata   0    8000ebf0    00000328     
                  8000ebf0    000001e0     rts6600_elf.lib : defs.obj (.fardata:_ftable)
                  8000edd0    000000a0                     : lowlev.obj (.fardata:_stream)
                  8000ee70    00000078                     : lowlev.obj (.fardata:_device)
                  8000eee8    0000000c                     : exit.obj (.fardata)
                  8000eef4    0000000c                     : memory.obj (.fardata)
                  8000ef00    0000000c     pcieboot_helloworld.obj (.fardata:version)
                  8000ef0c    00000008     rts6600_elf.lib : _lock.obj (.fardata)
                  8000ef14    00000004                     : defs.obj (.fardata)

.const     0    8000ef18    00000242     
                  8000ef18    00000101     rts6600_elf.lib : ctype.obj (.const:.string:_ctypes_)
                  8000f019    00000003     --HOLE-- [fill = 0]
                  8000f01c    00000078     pcieboot_helloworld.obj (.const:.string)
                  8000f094    00000058     ti.platform.evm6678l.ae66 : platform.obj (.const:.string)
                  8000f0ec    00000004     --HOLE-- [fill = 0]
                  8000f0f0    0000002b     pcieboot_helloworld.obj (.const:.string:$P$T0$1)
                  8000f11b    00000023     rts6600_elf.lib : _printfi.obj (.const:.string)
                  8000f13e    00000002     --HOLE-- [fill = 0]
                  8000f140    0000000a     ti.platform.evm6678l.ae66 : evm66x_nand.obj (.const:.string:$P$T0$1)
                  8000f14a    00000006     --HOLE-- [fill = 0]
                  8000f150    0000000a                               : evm66x_nand.obj (.const:.string:$P$T1$2)

.switch    0    8000f15c    00000020     
                  8000f15c    00000020     ti.platform.evm6678l.ae66 : platform.obj (.switch:platform_internal_memory_test)

.cinit     0    8000f17c    00000170     
                  8000f17c    0000009f     (.cinit.platform_lib.load) [load image, compression = rle]
                  8000f21b    00000001     --HOLE-- [fill = 0]
                  8000f21c    0000007d     (.cinit..fardata.load) [load image, compression = rle]
                  8000f299    00000003     --HOLE-- [fill = 0]
                  8000f29c    0000000c     (__TI_handler_table)
                  8000f2a8    00000009     (.cinit..neardata.load) [load image, compression = rle]
                  8000f2b1    00000003     --HOLE-- [fill = 0]
                  8000f2b4    00000008     (.cinit..bss.load) [load image, compression = zero_init]
                  8000f2bc    00000008     (.cinit..far.load) [load image, compression = zero_init]
                  8000f2c4    00000028     (__TI_cinit_table)


LINKER GENERATED COPY TABLES

__TI_cinit_table @ 8000f2c4 records: 5, size/record: 8, table size: 40
	platform_lib: load addr=8000f17c, load size=0000009f bytes, run addr=8000d880, run size=00001370 bytes, compression=rle
	.fardata: load addr=8000f21c, load size=0000007d bytes, run addr=8000ebf0, run size=00000328 bytes, compression=rle
	.neardata: load addr=8000f2a8, load size=00000009 bytes, run addr=008042b0, run size=00000008 bytes, compression=rle
	.bss: load addr=8000f2b4, load size=00000008 bytes, run addr=008042b8, run size=00000004 bytes, compression=zero_init
	.far: load addr=8000f2bc, load size=00000008 bytes, run addr=00804000, run size=00000190 bytes, compression=zero_init


LINKER GENERATED HANDLER TABLE

__TI_handler_table @ 8000f29c records: 3, size/record: 4, table size: 12
	index: 0, handler: __TI_decompress_rle24
	index: 1, handler: __TI_decompress_none
	index: 2, handler: __TI_zero_init


GLOBAL SYMBOLS: SORTED ALPHABETICALLY BY Name 

address    name
--------   ----
8000d820   C$$EXIT
8000d5d8   C$$IO$$
80001f80   Convert_CoreLocal2GlobalAddr
800031f4   CorePllcGetHwSetup
80002f98   CorePllcHwSetup
80003734   DDR3Init
8000c7c0   HOSTclose
8000b6a0   HOSTlseek
8000baa0   HOSTopen
8000c280   HOSTread
8000aa80   HOSTrename
8000c340   HOSTunlink
8000c400   HOSTwrite
80006f98   Init_SGMII
80004b58   NandGetDetails
8000424c   NandReadSpareArea
8000456c   NandWriteDataBytes
800047d0   NandWriteSpareArea
80009e54   Osal_platformFree
80009e40   Osal_platformMalloc
80009e74   Osal_platformSpiCsEnter
80009e78   Osal_platformSpiCsExit
800034d4   PowerUpDomains
80003570   SetDDR3PllConfig
800032e0   SetPaPllConfig
800089e0   UartInit
80008cac   UartIsDataReady
80008bb0   UartReadBaudRate
80008c20   UartReadData
80008b38   UartSetBaudRate
80008c4c   UartWriteData
00804190   __CIOBUF_
8000f2c4   __TI_CINIT_Base
8000f2ec   __TI_CINIT_Limit
8000f29c   __TI_Handler_Table_Base
8000f2a8   __TI_Handler_Table_Limit
UNDEFED    __TI_INITARRAY_Base
UNDEFED    __TI_INITARRAY_Limit
00802000   __TI_STACK_END
00002000   __TI_STACK_SIZE
008042b0   __TI_STATIC_BASE
00002000   __TI_SYSMEM_SIZE
UNDEFED    __TI_TLS_INIT_Base
UNDEFED    __TI_TLS_INIT_Limit
00000001   __TI_args_main
8000d2e0   __TI_cpp_init
8000d840   __TI_decompress_none
8000d860   __TI_decompress_rle24
8000eef0   __TI_enable_exit_profile_output
ffffffff   __TI_pprof_out_hndl
ffffffff   __TI_prof_data_size
ffffffff   __TI_prof_data_start
8000c700   __TI_tls_init
8000bf00   __TI_zero_init
ffffffff   __binit__
80005a00   __c6xabi_divd
8000bb80   __c6xabi_divi
8000c4c0   __c6xabi_divu
8000ac20   __c6xabi_divul
80009780   __c6xabi_divull
8000d340   __c6xabi_frcmpyd_div
8000d5e0   __c6xabi_isinf
8000cfe0   __c6xabi_llshl
8000d3a0   __c6xabi_llshru
8000d760   __c6xabi_negll
8000c860   __c6xabi_remu
ffffffff   __c_args__
8000bb80   __divi
8000c4c0   __divu
8000c860   __remu
8000d660   _args_main
8000b7a0   _auto_init_elf
8000d060   _c_int00
8000c900   _cleanup
8000eee8   _cleanup_ptr
8000b340   _closefile
8000ef18   _ctypes_
8000c580   _doflush
8000eeec   _dtors_ptr
8000ef14   _ft_end
8000ebf0   _ftable
8000ef0c   _lock
8000cae0   _minit
8000d780   _nop
80007a60   _printfi
00800000   _stack
8000d400   _subcull
00802000   _sys_memory
00804000   _tmpnams
8000ef10   _unlock
8000b8a0   _wrt_ok
8000d820   abort
8000bd40   atoi
ffffffff   binit
8000be20   close
80006f20   configSerdes
8000b9a0   copy_in
8000ebe8   emac_port_mode
8000d1e0   evmI2CInit
8000c640   exit
80007638   fpgaControlUserLEDs
8000780c   fpgaDisableEepromWriteProtect
800076f8   fpgaDisableNandWriteProtect
80007784   fpgaDisableNorWriteProtect
80007850   fpgaEnableEepromWriteProtect
80007740   fpgaEnableNandWriteProtect
800077c8   fpgaEnableNorWriteProtect
800078e0   fpgaGetAMCDetect
80007894   fpgaGetUserSwitch
800079d0   fpgaReadConfigurationRegister
80007924   fpgaWriteConfigurationRegister
8000a2a0   fputc
80008320   fputs
80009500   free
8000b580   fseek
8000eb74   gDeviceEeprom0
8000ebac   gDeviceEeprom1
8000eb04   gDeviceNand
8000d8d8   gDeviceNandBBlist
8000eb3c   gDeviceNor
00804140   gI2cBlock
800075a0   getBoardVersion
800075ec   getFpgaDevID
800056a0   i2cEepromMacRead
80005408   i2cEepromMacWrite
80004f8c   i2cEepromRead
80005190   i2cEepromWrite
80004cc4   i2cEepromWriteBlock
800052b0   i2cEepromWriteByteAddr
8000ccc0   lseek
8000bfe0   ltoa
80009ee8   main
8000af40   malloc
8000d460   memccpy
8000cd60   memcpy
8000c0c0   memset
800048f8   nandFlashBlockErase
80004c60   nandInit
80007474   nor_erase
80007100   nor_get_details
8000718c   nor_init
80007204   nor_read
80007294   nor_write
80001890   platform_blocknpage_to_offset
80000db0   platform_delay
80000e10   platform_delaycycles
80001318   platform_device_close
80001eb4   platform_device_erase_block
80001450   platform_device_mark_block_bad
80001194   platform_device_open
80001610   platform_device_read
800013b0   platform_device_read_spare_data
80001984   platform_device_write
80001570   platform_device_write_spare_data
008042b0   platform_errno
80000e50   platform_external_memory_test
80000ad4   platform_get_coreid
80000ae8   platform_get_emac_info
8000058c   platform_get_info
80000b78   platform_get_macaddr
80000c0c   platform_get_phy_addr
80000c84   platform_get_switch_state
80000894   platform_init
008042b4   platform_init_return_code
80000ed0   platform_internal_memory_test
80000d68   platform_led
80001768   platform_offset_to_blocknpage
80000c20   platform_phy_link_status
80000d48   platform_uart_init
80000c90   platform_uart_read
80000d14   platform_uart_set_baudrate
80000cf8   platform_uart_write
80001080   platform_write
80001044   platform_write_configure
8000c1a0   printf
80002e34   prog_pll1_values
80004338   readNandPage
8000d0e0   readmsg
8000d260   remove
80000474   serial_num_isvalid
8000a6c0   setvbuf
800065b0   spi_claim
800068a4   spi_cmd
80006908   spi_cmd_read
80006968   spi_cmd_write
800069c8   spi_read_word
80006758   spi_release
80006a80   spi_write_word
80006770   spi_xfer
8000d4c0   sprintf
8000d720   strlen
8000d160   strncpy
8000d260   unlink
8000ef00   version
8000d520   vsprintf
8000cf40   write
800045d0   writeNandPage
80009ecc   write_boot_magic_number
80009e80   write_uart
8000d580   writemsg
800036e0   xmc_setup


GLOBAL SYMBOLS: SORTED BY Symbol Address 

address    name
--------   ----
00000001   __TI_args_main
00002000   __TI_STACK_SIZE
00002000   __TI_SYSMEM_SIZE
00800000   _stack
00802000   __TI_STACK_END
00802000   _sys_memory
00804000   _tmpnams
00804140   gI2cBlock
00804190   __CIOBUF_
008042b0   __TI_STATIC_BASE
008042b0   platform_errno
008042b4   platform_init_return_code
80000474   serial_num_isvalid
8000058c   platform_get_info
80000894   platform_init
80000ad4   platform_get_coreid
80000ae8   platform_get_emac_info
80000b78   platform_get_macaddr
80000c0c   platform_get_phy_addr
80000c20   platform_phy_link_status
80000c84   platform_get_switch_state
80000c90   platform_uart_read
80000cf8   platform_uart_write
80000d14   platform_uart_set_baudrate
80000d48   platform_uart_init
80000d68   platform_led
80000db0   platform_delay
80000e10   platform_delaycycles
80000e50   platform_external_memory_test
80000ed0   platform_internal_memory_test
80001044   platform_write_configure
80001080   platform_write
80001194   platform_device_open
80001318   platform_device_close
800013b0   platform_device_read_spare_data
80001450   platform_device_mark_block_bad
80001570   platform_device_write_spare_data
80001610   platform_device_read
80001768   platform_offset_to_blocknpage
80001890   platform_blocknpage_to_offset
80001984   platform_device_write
80001eb4   platform_device_erase_block
80001f80   Convert_CoreLocal2GlobalAddr
80002e34   prog_pll1_values
80002f98   CorePllcHwSetup
800031f4   CorePllcGetHwSetup
800032e0   SetPaPllConfig
800034d4   PowerUpDomains
80003570   SetDDR3PllConfig
800036e0   xmc_setup
80003734   DDR3Init
8000424c   NandReadSpareArea
80004338   readNandPage
8000456c   NandWriteDataBytes
800045d0   writeNandPage
800047d0   NandWriteSpareArea
800048f8   nandFlashBlockErase
80004b58   NandGetDetails
80004c60   nandInit
80004cc4   i2cEepromWriteBlock
80004f8c   i2cEepromRead
80005190   i2cEepromWrite
800052b0   i2cEepromWriteByteAddr
80005408   i2cEepromMacWrite
800056a0   i2cEepromMacRead
80005a00   __c6xabi_divd
800065b0   spi_claim
80006758   spi_release
80006770   spi_xfer
800068a4   spi_cmd
80006908   spi_cmd_read
80006968   spi_cmd_write
800069c8   spi_read_word
80006a80   spi_write_word
80006f20   configSerdes
80006f98   Init_SGMII
80007100   nor_get_details
8000718c   nor_init
80007204   nor_read
80007294   nor_write
80007474   nor_erase
800075a0   getBoardVersion
800075ec   getFpgaDevID
80007638   fpgaControlUserLEDs
800076f8   fpgaDisableNandWriteProtect
80007740   fpgaEnableNandWriteProtect
80007784   fpgaDisableNorWriteProtect
800077c8   fpgaEnableNorWriteProtect
8000780c   fpgaDisableEepromWriteProtect
80007850   fpgaEnableEepromWriteProtect
80007894   fpgaGetUserSwitch
800078e0   fpgaGetAMCDetect
80007924   fpgaWriteConfigurationRegister
800079d0   fpgaReadConfigurationRegister
80007a60   _printfi
80008320   fputs
800089e0   UartInit
80008b38   UartSetBaudRate
80008bb0   UartReadBaudRate
80008c20   UartReadData
80008c4c   UartWriteData
80008cac   UartIsDataReady
80009500   free
80009780   __c6xabi_divull
80009e40   Osal_platformMalloc
80009e54   Osal_platformFree
80009e74   Osal_platformSpiCsEnter
80009e78   Osal_platformSpiCsExit
80009e80   write_uart
80009ecc   write_boot_magic_number
80009ee8   main
8000a2a0   fputc
8000a6c0   setvbuf
8000aa80   HOSTrename
8000ac20   __c6xabi_divul
8000af40   malloc
8000b340   _closefile
8000b580   fseek
8000b6a0   HOSTlseek
8000b7a0   _auto_init_elf
8000b8a0   _wrt_ok
8000b9a0   copy_in
8000baa0   HOSTopen
8000bb80   __c6xabi_divi
8000bb80   __divi
8000bd40   atoi
8000be20   close
8000bf00   __TI_zero_init
8000bfe0   ltoa
8000c0c0   memset
8000c1a0   printf
8000c280   HOSTread
8000c340   HOSTunlink
8000c400   HOSTwrite
8000c4c0   __c6xabi_divu
8000c4c0   __divu
8000c580   _doflush
8000c640   exit
8000c700   __TI_tls_init
8000c7c0   HOSTclose
8000c860   __c6xabi_remu
8000c860   __remu
8000c900   _cleanup
8000cae0   _minit
8000ccc0   lseek
8000cd60   memcpy
8000cf40   write
8000cfe0   __c6xabi_llshl
8000d060   _c_int00
8000d0e0   readmsg
8000d160   strncpy
8000d1e0   evmI2CInit
8000d260   remove
8000d260   unlink
8000d2e0   __TI_cpp_init
8000d340   __c6xabi_frcmpyd_div
8000d3a0   __c6xabi_llshru
8000d400   _subcull
8000d460   memccpy
8000d4c0   sprintf
8000d520   vsprintf
8000d580   writemsg
8000d5d8   C$$IO$$
8000d5e0   __c6xabi_isinf
8000d660   _args_main
8000d720   strlen
8000d760   __c6xabi_negll
8000d780   _nop
8000d820   C$$EXIT
8000d820   abort
8000d840   __TI_decompress_none
8000d860   __TI_decompress_rle24
8000d8d8   gDeviceNandBBlist
8000eb04   gDeviceNand
8000eb3c   gDeviceNor
8000eb74   gDeviceEeprom0
8000ebac   gDeviceEeprom1
8000ebe8   emac_port_mode
8000ebf0   _ftable
8000eee8   _cleanup_ptr
8000eeec   _dtors_ptr
8000eef0   __TI_enable_exit_profile_output
8000ef00   version
8000ef0c   _lock
8000ef10   _unlock
8000ef14   _ft_end
8000ef18   _ctypes_
8000f29c   __TI_Handler_Table_Base
8000f2a8   __TI_Handler_Table_Limit
8000f2c4   __TI_CINIT_Base
8000f2ec   __TI_CINIT_Limit
ffffffff   __TI_pprof_out_hndl
ffffffff   __TI_prof_data_size
ffffffff   __TI_prof_data_start
ffffffff   __binit__
ffffffff   __c_args__
ffffffff   binit
UNDEFED    __TI_INITARRAY_Base
UNDEFED    __TI_INITARRAY_Limit
UNDEFED    __TI_TLS_INIT_Base
UNDEFED    __TI_TLS_INIT_Limit

[201 symbols]
