******************************************************************************
               TMS320C6x Linker Unix v7.4.0                    
******************************************************************************
>> Linked Mon Nov 19 18:23:09 2012

OUTPUT FILE NAME:   <../bin/srioboot_helloworld_evm6670l.out>
ENTRY POINT SYMBOL: "_c_int00"  address: 8000d940


MEMORY CONFIGURATION

         name            origin    length      used     unused   attr    fill
----------------------  --------  ---------  --------  --------  ----  --------
  DDR                   80000000   20000000  00014066  1ffebf9a  RW X


SEGMENT ALLOCATION MAP

run origin  load origin   length   init length attrs members
----------  ----------- ---------- ----------- ----- -------
80000000    80000000    0000e160   0000e160    r-x
  80000000    80000000    0000e160   0000e160    r-x .text
8000e160    8000e160    00004000   00000000    rw-
  8000e160    8000e160    00002000   00000000    rw- .stack
  80010160    80010160    00002000   00000000    rw- .sysmem
80012160    80012160    00001798   00001798    rw-
  80012160    80012160    00001470   00001470    rw- platform_lib
  800135d0    800135d0    00000328   00000328    rw- .fardata
800138f8    800138f8    0000022e   0000022e    r--
  800138f8    800138f8    0000022e   0000022e    r-- .const
80013b28    80013b28    000002b0   00000000    rw-
  80013b28    80013b28    00000190   00000000    rw- .far
  80013cb8    80013cb8    00000120   00000000    rw- .cio
80013dd8    80013dd8    00000010   00000010    r--
  80013dd8    80013dd8    00000010   00000010    r-- .switch
80013de8    80013de8    00000010   00000008    rw-
  80013de8    80013de8    00000008   00000008    rw- .neardata
  80013df0    80013df0    00000008   00000000    rw- .bss
80013df8    80013df8    00000270   00000270    r--
  80013df8    80013df8    00000270   00000270    r-- .cinit


SECTION ALLOCATION MAP

 output                                  attributes/
section   page    origin      length       input sections
--------  ----  ----------  ----------   ----------------
.text      0    80000000    0000e160     
                  80000000    00002000     ti.platform.evm6670l.ae66 : platform.obj (.text)
                  80002000    00001b20                               : evmc6670.obj (.text)
                  80003b20    00000d80                               : evmc66x_i2c_eeprom.obj (.text)
                  800048a0    00000b60                               : evm66x_nand.obj (.text)
                  80005400    00000720                               : evmc66x_ecc.obj (.text)
                  80005b20    00000720                               : evmc66x_gpio.obj (.text)
                  80006240    000005c0     rts6600_elf.lib : divd.obj (.text:__c6xabi_divd)
                  80006800    000005c0                     : _printfi.obj (.text:_getarg_diouxp)
                  80006dc0    000005a0     ti.platform.evm6670l.ae66 : evmc66x_spi.obj (.text)
                  80007360    00000580                               : evmc6670_phy.obj (.text)
                  800078e0    00000520                               : evmc66x_nor.obj (.text)
                  80007e00    000004c0                               : evmc66x_fpga.obj (.text)
                  800082c0    00000460     rts6600_elf.lib : _printfi.obj (.text:_printfi)
                  80008720    00000460                     : _printfi.obj (.text:_setfield)
                  80008b80    000003a0                     : fputs.obj (.text:fputs)
                  80008f20    00000320                     : _printfi.obj (.text:_pproc_fge)
                  80009240    00000320     ti.platform.evm6670l.ae66 : evmc66x_uart.obj (.text)
                  80009560    000002e0     rts6600_elf.lib : _printfi.obj (.text:_pproc_fwp)
                  80009840    000002a0                     : _printfi.obj (.text:fcvt)
                  80009ae0    00000280                     : _printfi.obj (.text:ecvt)
                  80009d60    00000280                     : memory.obj (.text:free)
                  80009fe0    00000240                     : imath64.obj (.text:__c6xabi_divull)
                  8000a220    00000240                     : _printfi.obj (.text:_pconv_e)
                  8000a460    00000240                     : _printfi.obj (.text:_pproc_diouxp)
                  8000a6a0    00000240     srioboot_helloworld.obj (.text)
                  8000a8e0    00000220     rts6600_elf.lib : _printfi.obj (.text:_pproc_str)
                  8000ab00    00000220                     : fputc.obj (.text:fputc)
                  8000ad20    00000200                     : _printfi.obj (.text:_pconv_g)
                  8000af20    00000200                     : setvbuf.obj (.text:setvbuf)
                  8000b120    000001c0                     : _printfi.obj (.text:_mcpy)
                  8000b2e0    000001a0                     : trgdrv.obj (.text:HOSTrename)
                  8000b480    000001a0                     : imath40.obj (.text:__c6xabi_divul)
                  8000b620    00000180                     : copy_decompress_rle.obj (.text:__TI_decompress_rle_core)
                  8000b7a0    00000180                     : memory.obj (.text:malloc)
                  8000b920    00000140                     : _printfi.obj (.text:_pproc_fflags)
                  8000ba60    00000140                     : lowlev.obj (.text:getdevice)
                  8000bba0    00000120                     : fclose.obj (.text:_closefile)
                  8000bcc0    00000120                     : _printfi.obj (.text:_ltostr)
                  8000bde0    00000120                     : fseek.obj (.text:fseek)
                  8000bf00    00000100                     : trgdrv.obj (.text:HOSTlseek)
                  8000c000    00000100                     : autoinit.obj (.text:_auto_init_elf)
                  8000c100    00000100                     : _io_perm.obj (.text:_wrt_ok)
                  8000c200    00000100                     : cpy_tbl.obj (.text:copy_in)
                  8000c300    000000e0                     : trgdrv.obj (.text:HOSTopen)
                  8000c3e0    000000e0                     : divi.obj (.text:__divi)
                  8000c4c0    000000e0                     : _printfi.obj (.text:_div)
                  8000c5a0    000000e0                     : atoi.obj (.text:atoi)
                  8000c680    000000e0                     : lowlev.obj (.text:close)
                  8000c760    000000e0                     : copy_zero_init.obj (.text:decompress:ZI:__TI_zero_init)
                  8000c840    000000e0                     : ltoa.obj (.text:ltoa)
                  8000c920    000000e0                     : memset.obj (.text:memset)
                  8000ca00    000000e0                     : printf.obj (.text:printf)
                  8000cae0    000000c0                     : trgdrv.obj (.text:HOSTread)
                  8000cba0    000000c0                     : trgdrv.obj (.text:HOSTunlink)
                  8000cc60    000000c0                     : trgdrv.obj (.text:HOSTwrite)
                  8000cd20    000000c0                     : divu.obj (.text:__divu)
                  8000cde0    000000c0                     : fflush.obj (.text:_doflush)
                  8000cea0    000000c0                     : exit.obj (.text:exit)
                  8000cf60    000000c0                     : tls.obj (.text:tls:init:__TI_tls_init)
                  8000d020    000000a0                     : trgdrv.obj (.text:HOSTclose)
                  8000d0c0    000000a0                     : remu.obj (.text:__remu)
                  8000d160    000000a0                     : fopen.obj (.text:_cleanup)
                  8000d200    000000a0                     : _printfi.obj (.text:_ecpy)
                  8000d2a0    000000a0                     : _printfi.obj (.text:_fcpy)
                  8000d340    000000a0                     : memory.obj (.text:_minit)
                  8000d3e0    000000a0                     : _printfi.obj (.text:_pconv_f)
                  8000d480    000000a0                     : lowlev.obj (.text:finddevice)
                  8000d520    000000a0                     : lowlev.obj (.text:lseek)
                  8000d5c0    000000a0                     : memcpy64.obj (.text:memcpy)
                  8000d660    000000a0                     : memory.obj (.text:minsert)
                  8000d700    000000a0                     : memory.obj (.text:mremove)
                  8000d7a0    000000a0                     : lowlev.obj (.text:write)
                  8000d840    00000080                     : fixdu.obj (.text:__c6xabi_fixdu)
                  8000d8c0    00000080                     : llshift.obj (.text:__c6xabi_llshl)
                  8000d940    00000080                     : boot.obj (.text:_c_int00)
                  8000d9c0    00000080                     : trgmsg.obj (.text:readmsg)
                  8000da40    00000080                     : strncpy.obj (.text:strncpy)
                  8000dac0    00000080     ti.platform.evm6670l.ae66 : evm66x_i2c.obj (.text)
                  8000db40    00000080     rts6600_elf.lib : lowlev.obj (.text:unlink)
                  8000dbc0    00000060                     : cpp_init.obj (.text:__TI_cpp_init)
                  8000dc20    00000060                     : frcmpyd_div.obj (.text:__c6xabi_frcmpyd_div)
                  8000dc80    00000060                     : llshift.obj (.text:__c6xabi_llshru)
                  8000dce0    00000060                     : imath64.obj (.text:_subcull)
                  8000dd40    00000060                     : memccpy.obj (.text:memccpy)
                  8000dda0    00000060                     : sprintf.obj (.text:sprintf)
                  8000de00    00000060                     : vsprintf.obj (.text:vsprintf)
                  8000de60    00000060                     : trgmsg.obj (.text:writemsg)
                  8000dec0    00000040                     : isinf.obj (.text:__c6xabi_isinf)
                  8000df00    00000040                     : _printfi.obj (.text:__c6xabi_isnan)
                  8000df40    00000040                     : args_main.obj (.text:_args_main)
                  8000df80    00000040                     : sprintf.obj (.text:_outs)
                  8000dfc0    00000040                     : vsprintf.obj (.text:_outs)
                  8000e000    00000040                     : strlen.obj (.text:strlen)
                  8000e040    00000020                     : negll.obj (.text:__c6xabi_negll)
                  8000e060    00000020                     : _lock.obj (.text:_nop)
                  8000e080    00000020                     : printf.obj (.text:_outc)
                  8000e0a0    00000020                     : sprintf.obj (.text:_outc)
                  8000e0c0    00000020                     : vsprintf.obj (.text:_outc)
                  8000e0e0    00000020                     : printf.obj (.text:_outs)
                  8000e100    00000020                     : exit.obj (.text:abort)
                  8000e120    00000020                     : copy_decompress_none.obj (.text:decompress:none:__TI_decompress_none)
                  8000e140    00000020                     : copy_decompress_rle.obj (.text:decompress:rle24:__TI_decompress_rle24)

.stack     0    8000e160    00002000     UNINITIALIZED
                  8000e160    00000008     rts6600_elf.lib : boot.obj (.stack)
                  8000e168    00001ff8     --HOLE--

.sysmem    0    80010160    00002000     UNINITIALIZED
                  80010160    00000008     rts6600_elf.lib : memory.obj (.sysmem)
                  80010168    00001ff8     --HOLE--

platform_lib 
*          0    80012160    00001470     
                  80012160    00001058     ti.platform.evm6670l.ae66 : platform.obj (platform_lib:uninit) [fill = 0]
                  800131b8    00000210                               : evm66x_nand.obj (platform_lib) [fill = 0]
                  800133c8    00000108                               : platform.obj (platform_lib:init)
                  800134d0    00000100                               : evmc66x_ecc.obj (platform_lib)

.fardata   0    800135d0    00000328     
                  800135d0    000001e0     rts6600_elf.lib : defs.obj (.fardata:_ftable)
                  800137b0    000000a0                     : lowlev.obj (.fardata:_stream)
                  80013850    00000078                     : lowlev.obj (.fardata:_device)
                  800138c8    0000000c                     : exit.obj (.fardata)
                  800138d4    0000000c                     : memory.obj (.fardata)
                  800138e0    0000000c     srioboot_helloworld.obj (.fardata:version)
                  800138ec    00000008     rts6600_elf.lib : _lock.obj (.fardata)
                  800138f4    00000004                     : defs.obj (.fardata)

.const     0    800138f8    0000022e     
                  800138f8    00000101     rts6600_elf.lib : ctype.obj (.const:.string:_ctypes_)
                  800139f9    00000003     --HOLE-- [fill = 0]
                  800139fc    00000078     srioboot_helloworld.obj (.const:.string)
                  80013a74    00000058     ti.platform.evm6670l.ae66 : platform.obj (.const:.string)
                  80013acc    00000004     --HOLE-- [fill = 0]
                  80013ad0    0000002b     srioboot_helloworld.obj (.const:.string:$P$T0$1)
                  80013afb    00000023     rts6600_elf.lib : _printfi.obj (.const:.string)
                  80013b1e    00000002     --HOLE-- [fill = 0]
                  80013b20    00000006     ti.platform.evm6670l.ae66 : evm66x_nand.obj (.const:.string:$P$T0$1)

.far       0    80013b28    00000190     UNINITIALIZED
                  80013b28    00000140     rts6600_elf.lib : defs.obj (.far)
                  80013c68    00000044     ti.platform.evm6670l.ae66 : evmc66x_i2c_eeprom.obj (.far)
                  80013cac    00000004     --HOLE--
                  80013cb0    00000008     rts6600_elf.lib : trgdrv.obj (.far)

.cio       0    80013cb8    00000120     UNINITIALIZED
                  80013cb8    00000120     rts6600_elf.lib : trgmsg.obj (.cio)

.switch    0    80013dd8    00000010     
                  80013dd8    00000010     ti.platform.evm6670l.ae66 : platform.obj (.switch:platform_internal_memory_test)

.neardata 
*          0    80013de8    00000008     
                  80013de8    00000008     ti.platform.evm6670l.ae66 : platform.obj (.neardata)

.rodata    0    80013df0    00000000     UNINITIALIZED

.bss       0    80013df0    00000008     UNINITIALIZED
                  80013df0    00000004     ti.platform.evm6670l.ae66 : evmc66x_gpio.obj (.bss)
                  80013df4    00000004                               : evmc66x_spi.obj (.bss)

.cinit     0    80013df8    00000270     
                  80013df8    0000019e     (.cinit.platform_lib.load) [load image, compression = rle]
                  80013f96    00000002     --HOLE-- [fill = 0]
                  80013f98    0000007e     (.cinit..fardata.load) [load image, compression = rle]
                  80014016    00000002     --HOLE-- [fill = 0]
                  80014018    0000000c     (__TI_handler_table)
                  80014024    00000009     (.cinit..neardata.load) [load image, compression = rle]
                  8001402d    00000003     --HOLE-- [fill = 0]
                  80014030    00000008     (.cinit..bss.load) [load image, compression = zero_init]
                  80014038    00000008     (.cinit..far.load) [load image, compression = zero_init]
                  80014040    00000028     (__TI_cinit_table)


LINKER GENERATED COPY TABLES

__TI_cinit_table @ 80014040 records: 5, size/record: 8, table size: 40
	platform_lib: load addr=80013df8, load size=0000019e bytes, run addr=80012160, run size=00001470 bytes, compression=rle
	.fardata: load addr=80013f98, load size=0000007e bytes, run addr=800135d0, run size=00000328 bytes, compression=rle
	.neardata: load addr=80014024, load size=00000009 bytes, run addr=80013de8, run size=00000008 bytes, compression=rle
	.bss: load addr=80014030, load size=00000008 bytes, run addr=80013df0, run size=00000008 bytes, compression=zero_init
	.far: load addr=80014038, load size=00000008 bytes, run addr=80013b28, run size=00000190 bytes, compression=zero_init


LINKER GENERATED HANDLER TABLE

__TI_handler_table @ 80014018 records: 3, size/record: 4, table size: 12
	index: 0, handler: __TI_decompress_rle24
	index: 1, handler: __TI_decompress_none
	index: 2, handler: __TI_zero_init


GLOBAL SYMBOLS: SORTED ALPHABETICALLY BY Name 

address    name
--------   ----
8000e100   C$$EXIT
8000deb8   C$$IO$$
80001f90   Convert_CoreLocal2GlobalAddr
80003214   CorePllcGetHwSetup
80002fb8   CorePllcHwSetup
80003734   DDR3Init
8000d020   HOSTclose
8000bf00   HOSTlseek
8000c300   HOSTopen
8000cae0   HOSTread
8000b2e0   HOSTrename
8000cba0   HOSTunlink
8000cc60   HOSTwrite
800077f8   Init_SGMII
800052ac   NandGetDetails
80004ad4   NandReadPage
80004a04   NandReadSpareArea
80004d30   NandWriteDataBytes
80004dac   NandWritePage
80005008   NandWriteSpareArea
8000a6b4   Osal_platformFree
8000a6a0   Osal_platformMalloc
8000a6d4   Osal_platformSpiCsEnter
8000a6d8   Osal_platformSpiCsExit
800034f4   PowerUpDomains
80003574   SetDDR3PllConfig
80003300   SetPaPllConfig
80009240   UartInit
8000950c   UartIsDataReady
80009410   UartReadBaudRate
80009480   UartReadData
80009398   UartSetBaudRate
800094ac   UartWriteData
80013cb8   __CIOBUF_
80014040   __TI_CINIT_Base
80014068   __TI_CINIT_Limit
80014018   __TI_Handler_Table_Base
80014024   __TI_Handler_Table_Limit
UNDEFED    __TI_INITARRAY_Base
UNDEFED    __TI_INITARRAY_Limit
80010160   __TI_STACK_END
00002000   __TI_STACK_SIZE
80013de8   __TI_STATIC_BASE
00002000   __TI_SYSMEM_SIZE
UNDEFED    __TI_TLS_INIT_Base
UNDEFED    __TI_TLS_INIT_Limit
00000001   __TI_args_main
8000dbc0   __TI_cpp_init
8000e120   __TI_decompress_none
8000e140   __TI_decompress_rle24
800138d0   __TI_enable_exit_profile_output
ffffffff   __TI_pprof_out_hndl
ffffffff   __TI_prof_data_size
ffffffff   __TI_prof_data_start
8000cf60   __TI_tls_init
8000c760   __TI_zero_init
ffffffff   __binit__
80006240   __c6xabi_divd
8000c3e0   __c6xabi_divi
8000cd20   __c6xabi_divu
8000b480   __c6xabi_divul
80009fe0   __c6xabi_divull
8000d840   __c6xabi_fixdu
8000dc20   __c6xabi_frcmpyd_div
8000dec0   __c6xabi_isinf
8000d8c0   __c6xabi_llshl
8000dc80   __c6xabi_llshru
8000e040   __c6xabi_negll
8000d0c0   __c6xabi_remu
ffffffff   __c_args__
8000c3e0   __divi
8000cd20   __divu
8000d0c0   __remu
8000df40   _args_main
8000c000   _auto_init_elf
8000d940   _c_int00
8000d160   _cleanup
800138c8   _cleanup_ptr
8000bba0   _closefile
800138f8   _ctypes_
8000cde0   _doflush
800138cc   _dtors_ptr
800138f4   _ft_end
800135d0   _ftable
800138ec   _lock
8000d340   _minit
8000e060   _nop
800082c0   _printfi
8000e160   _stack
8000dce0   _subcull
80010160   _sys_memory
80013b28   _tmpnams
800138f0   _unlock
8000c100   _wrt_ok
8000e100   abort
8000c5a0   atoi
ffffffff   binit
8000c680   close
80007760   configSerdes
8000c200   copy_in
800055b4   eccComputeECC
80005704   eccCorrectData
800134c8   emac_port_mode
8000dac0   evmI2CInit
8000cea0   exit
80007e98   fpgaControlUserLEDs
8000806c   fpgaDisableEepromWriteProtect
80007f58   fpgaDisableNandWriteProtect
80007fe4   fpgaDisableNorWriteProtect
800080b0   fpgaEnableEepromWriteProtect
80007fa0   fpgaEnableNandWriteProtect
80008028   fpgaEnableNorWriteProtect
80008140   fpgaGetAMCDetect
800080f4   fpgaGetUserSwitch
80008230   fpgaReadConfigurationRegister
80008184   fpgaWriteConfigurationRegister
8000ab00   fputc
80008b80   fputs
80009d60   free
8000bde0   fseek
80013454   gDeviceEeprom0
8001348c   gDeviceEeprom1
800133e4   gDeviceNand
800121b8   gDeviceNandBBlist
8001341c   gDeviceNor
80013c68   gI2cBlock
80007e00   getBoardVersion
80007e4c   getFpgaDevID
80006158   gpioClearDataBus
80006224   gpioClearFallingEdgeInterrupt
800060b8   gpioClearOutput
800061f4   gpioClearRisingEdgeInterrupt
800061cc   gpioDisableGlobalInterrupt
800061b8   gpioEnableGlobalInterrupt
80005fa8   gpioInit
80006194   gpioReadDataBus
800060d0   gpioReadInput
80006174   gpioSetDataBus
80006060   gpioSetDataBusDirection
80006024   gpioSetDirection
8000620c   gpioSetFallingEdgeInterrupt
800060a4   gpioSetOutput
800061e0   gpioSetRisingEdgeInterrupt
80006124   gpioWriteDataBus
80004540   i2cEepromMacRead
800042a8   i2cEepromMacWrite
80003e2c   i2cEepromRead
80004030   i2cEepromWrite
80003b64   i2cEepromWriteBlock
80004150   i2cEepromWriteByteAddr
8000d520   lseek
8000c840   ltoa
8000a748   main
8000b7a0   malloc
8000dd40   memccpy
8000d5c0   memcpy
8000c920   memset
8000510c   nandFlashBlockErase
800053d8   nandInit
800048a0   ndelay
80007cd4   nor_erase
80007960   nor_get_details
800079ec   nor_init
80007a64   nor_read
80007af4   nor_write
800018a8   platform_blocknpage_to_offset
80000dd8   platform_delay
80000e38   platform_delaycycles
80001330   platform_device_close
80001ecc   platform_device_erase_block
8000146c   platform_device_mark_block_bad
800011ac   platform_device_open
80001620   platform_device_read
800013cc   platform_device_read_spare_data
800019a0   platform_device_write
80001580   platform_device_write_spare_data
80013de8   platform_errno
80000e78   platform_external_memory_test
80000af4   platform_get_coreid
80000b08   platform_get_emac_info
800005ac   platform_get_info
80000b98   platform_get_macaddr
80000c2c   platform_get_phy_addr
80000ca4   platform_get_switch_state
800008b4   platform_init
80013dec   platform_init_return_code
80000ef8   platform_internal_memory_test
80000d90   platform_led
80001780   platform_offset_to_blocknpage
80000c40   platform_phy_link_status
80000d74   platform_uart_init
80000cb0   platform_uart_read
80000d34   platform_uart_set_baudrate
80000d18   platform_uart_write
80001088   platform_write
80001050   platform_write_configure
8000ca00   printf
80002e54   prog_pll1_values
80004ba4   readNandPage
8000d9c0   readmsg
8000db40   remove
80000494   serial_num_isvalid
8000af20   setvbuf
80006df0   spi_claim
800070e4   spi_cmd
80007148   spi_cmd_read
800071a8   spi_cmd_write
80007208   spi_read_word
80006f98   spi_release
800072c0   spi_write_word
80006fb0   spi_xfer
8000dda0   sprintf
8000e000   strlen
8000da40   strncpy
8000db40   unlink
800138e0   version
8000de00   vsprintf
8000d7a0   write
80004ec8   writeNandPage
8000a72c   write_boot_magic_number
8000a6e0   write_uart
8000de60   writemsg
800036e4   xmc_setup


GLOBAL SYMBOLS: SORTED BY Symbol Address 

address    name
--------   ----
00000001   __TI_args_main
00002000   __TI_STACK_SIZE
00002000   __TI_SYSMEM_SIZE
80000494   serial_num_isvalid
800005ac   platform_get_info
800008b4   platform_init
80000af4   platform_get_coreid
80000b08   platform_get_emac_info
80000b98   platform_get_macaddr
80000c2c   platform_get_phy_addr
80000c40   platform_phy_link_status
80000ca4   platform_get_switch_state
80000cb0   platform_uart_read
80000d18   platform_uart_write
80000d34   platform_uart_set_baudrate
80000d74   platform_uart_init
80000d90   platform_led
80000dd8   platform_delay
80000e38   platform_delaycycles
80000e78   platform_external_memory_test
80000ef8   platform_internal_memory_test
80001050   platform_write_configure
80001088   platform_write
800011ac   platform_device_open
80001330   platform_device_close
800013cc   platform_device_read_spare_data
8000146c   platform_device_mark_block_bad
80001580   platform_device_write_spare_data
80001620   platform_device_read
80001780   platform_offset_to_blocknpage
800018a8   platform_blocknpage_to_offset
800019a0   platform_device_write
80001ecc   platform_device_erase_block
80001f90   Convert_CoreLocal2GlobalAddr
80002e54   prog_pll1_values
80002fb8   CorePllcHwSetup
80003214   CorePllcGetHwSetup
80003300   SetPaPllConfig
800034f4   PowerUpDomains
80003574   SetDDR3PllConfig
800036e4   xmc_setup
80003734   DDR3Init
80003b64   i2cEepromWriteBlock
80003e2c   i2cEepromRead
80004030   i2cEepromWrite
80004150   i2cEepromWriteByteAddr
800042a8   i2cEepromMacWrite
80004540   i2cEepromMacRead
800048a0   ndelay
80004a04   NandReadSpareArea
80004ad4   NandReadPage
80004ba4   readNandPage
80004d30   NandWriteDataBytes
80004dac   NandWritePage
80004ec8   writeNandPage
80005008   NandWriteSpareArea
8000510c   nandFlashBlockErase
800052ac   NandGetDetails
800053d8   nandInit
800055b4   eccComputeECC
80005704   eccCorrectData
80005fa8   gpioInit
80006024   gpioSetDirection
80006060   gpioSetDataBusDirection
800060a4   gpioSetOutput
800060b8   gpioClearOutput
800060d0   gpioReadInput
80006124   gpioWriteDataBus
80006158   gpioClearDataBus
80006174   gpioSetDataBus
80006194   gpioReadDataBus
800061b8   gpioEnableGlobalInterrupt
800061cc   gpioDisableGlobalInterrupt
800061e0   gpioSetRisingEdgeInterrupt
800061f4   gpioClearRisingEdgeInterrupt
8000620c   gpioSetFallingEdgeInterrupt
80006224   gpioClearFallingEdgeInterrupt
80006240   __c6xabi_divd
80006df0   spi_claim
80006f98   spi_release
80006fb0   spi_xfer
800070e4   spi_cmd
80007148   spi_cmd_read
800071a8   spi_cmd_write
80007208   spi_read_word
800072c0   spi_write_word
80007760   configSerdes
800077f8   Init_SGMII
80007960   nor_get_details
800079ec   nor_init
80007a64   nor_read
80007af4   nor_write
80007cd4   nor_erase
80007e00   getBoardVersion
80007e4c   getFpgaDevID
80007e98   fpgaControlUserLEDs
80007f58   fpgaDisableNandWriteProtect
80007fa0   fpgaEnableNandWriteProtect
80007fe4   fpgaDisableNorWriteProtect
80008028   fpgaEnableNorWriteProtect
8000806c   fpgaDisableEepromWriteProtect
800080b0   fpgaEnableEepromWriteProtect
800080f4   fpgaGetUserSwitch
80008140   fpgaGetAMCDetect
80008184   fpgaWriteConfigurationRegister
80008230   fpgaReadConfigurationRegister
800082c0   _printfi
80008b80   fputs
80009240   UartInit
80009398   UartSetBaudRate
80009410   UartReadBaudRate
80009480   UartReadData
800094ac   UartWriteData
8000950c   UartIsDataReady
80009d60   free
80009fe0   __c6xabi_divull
8000a6a0   Osal_platformMalloc
8000a6b4   Osal_platformFree
8000a6d4   Osal_platformSpiCsEnter
8000a6d8   Osal_platformSpiCsExit
8000a6e0   write_uart
8000a72c   write_boot_magic_number
8000a748   main
8000ab00   fputc
8000af20   setvbuf
8000b2e0   HOSTrename
8000b480   __c6xabi_divul
8000b7a0   malloc
8000bba0   _closefile
8000bde0   fseek
8000bf00   HOSTlseek
8000c000   _auto_init_elf
8000c100   _wrt_ok
8000c200   copy_in
8000c300   HOSTopen
8000c3e0   __c6xabi_divi
8000c3e0   __divi
8000c5a0   atoi
8000c680   close
8000c760   __TI_zero_init
8000c840   ltoa
8000c920   memset
8000ca00   printf
8000cae0   HOSTread
8000cba0   HOSTunlink
8000cc60   HOSTwrite
8000cd20   __c6xabi_divu
8000cd20   __divu
8000cde0   _doflush
8000cea0   exit
8000cf60   __TI_tls_init
8000d020   HOSTclose
8000d0c0   __c6xabi_remu
8000d0c0   __remu
8000d160   _cleanup
8000d340   _minit
8000d520   lseek
8000d5c0   memcpy
8000d7a0   write
8000d840   __c6xabi_fixdu
8000d8c0   __c6xabi_llshl
8000d940   _c_int00
8000d9c0   readmsg
8000da40   strncpy
8000dac0   evmI2CInit
8000db40   remove
8000db40   unlink
8000dbc0   __TI_cpp_init
8000dc20   __c6xabi_frcmpyd_div
8000dc80   __c6xabi_llshru
8000dce0   _subcull
8000dd40   memccpy
8000dda0   sprintf
8000de00   vsprintf
8000de60   writemsg
8000deb8   C$$IO$$
8000dec0   __c6xabi_isinf
8000df40   _args_main
8000e000   strlen
8000e040   __c6xabi_negll
8000e060   _nop
8000e100   C$$EXIT
8000e100   abort
8000e120   __TI_decompress_none
8000e140   __TI_decompress_rle24
8000e160   _stack
80010160   __TI_STACK_END
80010160   _sys_memory
800121b8   gDeviceNandBBlist
800133e4   gDeviceNand
8001341c   gDeviceNor
80013454   gDeviceEeprom0
8001348c   gDeviceEeprom1
800134c8   emac_port_mode
800135d0   _ftable
800138c8   _cleanup_ptr
800138cc   _dtors_ptr
800138d0   __TI_enable_exit_profile_output
800138e0   version
800138ec   _lock
800138f0   _unlock
800138f4   _ft_end
800138f8   _ctypes_
80013b28   _tmpnams
80013c68   gI2cBlock
80013cb8   __CIOBUF_
80013de8   __TI_STATIC_BASE
80013de8   platform_errno
80013dec   platform_init_return_code
80014018   __TI_Handler_Table_Base
80014024   __TI_Handler_Table_Limit
80014040   __TI_CINIT_Base
80014068   __TI_CINIT_Limit
ffffffff   __TI_pprof_out_hndl
ffffffff   __TI_prof_data_size
ffffffff   __TI_prof_data_start
ffffffff   __binit__
ffffffff   __c_args__
ffffffff   binit
UNDEFED    __TI_INITARRAY_Base
UNDEFED    __TI_INITARRAY_Limit
UNDEFED    __TI_TLS_INIT_Base
UNDEFED    __TI_TLS_INIT_Limit

[223 symbols]
