******************************************************************************
               TMS320C6x Linker Unix v7.4.0                    
******************************************************************************
>> Linked Mon Nov 19 18:18:24 2012

OUTPUT FILE NAME:   <../bin/pcieboot_interrupt_evm6678l.out>
ENTRY POINT SYMBOL: "_c_int00"  address: 0082e640


MEMORY CONFIGURATION

         name            origin    length      used     unused   attr    fill
----------------------  --------  ---------  --------  --------  ----  --------
  LL2                   00820000   00020000  0001512a  0000aed6  RW X


SEGMENT ALLOCATION MAP

run origin  load origin   length   init length attrs members
----------  ----------- ---------- ----------- ----- -------
00820000    00820000    0000ee40   0000ee40    r-x
  00820000    00820000    0000ee40   0000ee40    r-x .text
0082ee40    0082ee40    00004000   00000000    rw-
  0082ee40    0082ee40    00002000   00000000    rw- .stack
  00830e40    00830e40    00002000   00000000    rw- .sysmem
00832e40    00832e40    00001370   00001370    rw-
  00832e40    00832e40    00001370   00001370    rw- platform_lib
008341b0    008341b0    000003e2   000003e2    r--
  008341b0    008341b0    000003e2   000003e2    r-- .const
00834598    00834598    00000328   00000000    rw-
  00834598    00834598    00000328   00000000    rw- .far
008348c0    008348c0    00000328   00000328    rw-
  008348c0    008348c0    0000031c   0000031c    rw- .fardata
  00834bdc    00834bdc    0000000c   0000000c    rw- .neardata
00834c00    00834c00    00000200   00000200    r-x
  00834c00    00834c00    00000200   00000200    r-x .csl_vect
00834e00    00834e00    00000120   00000000    rw-
  00834e00    00834e00    00000120   00000000    rw- .cio
00834f20    00834f20    00000068   00000068    rw-
  00834f20    00834f20    00000068   00000068    rw- .bss
00834f88    00834f88    000001c0   000001c0    r--
  00834f88    00834f88    0000005c   0000005c    r-- .switch
  00834fe4    00834fe4    00000164   00000164    r-- .cinit


SECTION ALLOCATION MAP

 output                                  attributes/
section   page    origin      length       input sections
--------  ----  ----------  ----------   ----------------
.text      0    00820000    0000ee40     
                  00820000    00001fe0     ti.platform.evm6678l.ae66 : platform.obj (.text)
                  00821fe0    00001b40                               : evmc6678.obj (.text)
                  00823b20    00001160                               : evm66x_nand.obj (.text)
                  00824c80    00000d80                               : evmc66x_i2c_eeprom.obj (.text)
                  00825a00    000005c0     rts6600_elf.lib : divd.obj (.text:__c6xabi_divd)
                  00825fc0    000005c0                     : _printfi.obj (.text:_getarg_diouxp)
                  00826580    000005a0     ti.platform.evm6678l.ae66 : evmc66x_spi.obj (.text)
                  00826b20    00000560                               : evmc6678_phy.obj (.text)
                  00827080    00000520                               : evmc66x_nor.obj (.text)
                  008275a0    000004c0                               : evmc66x_fpga.obj (.text)
                  00827a60    000004a0     pcieboot_interrupt.obj (.text)
                  00827f00    00000460     rts6600_elf.lib : _printfi.obj (.text:_printfi)
                  00828360    00000460                     : _printfi.obj (.text:_setfield)
                  008287c0    000003c0     ti.csl.intc.ae66 : csl_intcHwControl.oe66 (.text:csl_section:intc:CSL_intcHwControl)
                  00828b80    000003a0     rts6600_elf.lib : fputs.obj (.text:fputs)
                  00828f20    00000320                     : _printfi.obj (.text:_pproc_fge)
                  00829240    00000320     ti.platform.evm6678l.ae66 : evmc66x_uart.obj (.text)
                  00829560    000002e0     rts6600_elf.lib : _printfi.obj (.text:_pproc_fwp)
                  00829840    000002a0                     : _printfi.obj (.text:fcvt)
                  00829ae0    00000280                     : _printfi.obj (.text:ecvt)
                  00829d60    00000280                     : memory.obj (.text:free)
                  00829fe0    00000240                     : imath64.obj (.text:__c6xabi_divull)
                  0082a220    00000240                     : _printfi.obj (.text:_pconv_e)
                  0082a460    00000240                     : _printfi.obj (.text:_pproc_diouxp)
                  0082a6a0    00000220                     : _printfi.obj (.text:_pproc_str)
                  0082a8c0    00000220     ti.csl.intc.ae66 : csl_intcOpen.oe66 (.text:csl_section:intc:CSL_intcOpen)
                  0082aae0    00000220                      : _csl_intcCombEventDispatcher.oe66 (.text:csl_section:intc:_CSL_intcEvent0Dispatcher)
                  0082ad00    00000220                      : _csl_intcCombEventDispatcher.oe66 (.text:csl_section:intc:_CSL_intcEvent1Dispatcher)
                  0082af20    00000220                      : _csl_intcCombEventDispatcher.oe66 (.text:csl_section:intc:_CSL_intcEvent2Dispatcher)
                  0082b140    00000220                      : _csl_intcCombEventDispatcher.oe66 (.text:csl_section:intc:_CSL_intcEvent3Dispatcher)
                  0082b360    00000220     rts6600_elf.lib : fputc.obj (.text:fputc)
                  0082b580    00000200                     : _printfi.obj (.text:_pconv_g)
                  0082b780    00000200                     : setvbuf.obj (.text:setvbuf)
                  0082b980    000001e0     ti.csl.intc.ae66 : _csl_intcDispatcher.oe66 (.text:csl_section:intc:_CSL_intcDispatcher)
                  0082bb60    000001c0     rts6600_elf.lib : _printfi.obj (.text:_mcpy)
                  0082bd20    000001a0                     : trgdrv.obj (.text:HOSTrename)
                  0082bec0    000001a0                     : imath40.obj (.text:__c6xabi_divul)
                  0082c060    00000180                     : copy_decompress_rle.obj (.text:__TI_decompress_rle_core)
                  0082c1e0    00000180                     : memory.obj (.text:malloc)
                  0082c360    00000140                     : _printfi.obj (.text:_pproc_fflags)
                  0082c4a0    00000140     ti.csl.intc.ae66 : csl_intcInit.oe66 (.text:csl_section:intc:CSL_intcInit)
                  0082c5e0    00000140                      : _csl_intcIntrEnDisRes.oe66 (.text:csl_section:intc)
                  0082c720    00000140     rts6600_elf.lib : lowlev.obj (.text:getdevice)
                  0082c860    00000120                     : fclose.obj (.text:_closefile)
                  0082c980    00000120                     : _printfi.obj (.text:_ltostr)
                  0082caa0    00000120                     : fseek.obj (.text:fseek)
                  0082cbc0    00000100                     : trgdrv.obj (.text:HOSTlseek)
                  0082ccc0    00000100                     : autoinit.obj (.text:_auto_init_elf)
                  0082cdc0    00000100                     : _io_perm.obj (.text:_wrt_ok)
                  0082cec0    00000100                     : cpy_tbl.obj (.text:copy_in)
                  0082cfc0    000000e0                     : trgdrv.obj (.text:HOSTopen)
                  0082d0a0    000000e0                     : divi.obj (.text:__divi)
                  0082d180    000000e0                     : _printfi.obj (.text:_div)
                  0082d260    000000e0                     : atoi.obj (.text:atoi)
                  0082d340    000000e0                     : lowlev.obj (.text:close)
                  0082d420    000000e0                     : copy_zero_init.obj (.text:decompress:ZI:__TI_zero_init)
                  0082d500    000000e0                     : ltoa.obj (.text:ltoa)
                  0082d5e0    000000e0                     : memset.obj (.text:memset)
                  0082d6c0    000000e0                     : printf.obj (.text:printf)
                  0082d7a0    000000c0                     : trgdrv.obj (.text:HOSTread)
                  0082d860    000000c0                     : trgdrv.obj (.text:HOSTunlink)
                  0082d920    000000c0                     : trgdrv.obj (.text:HOSTwrite)
                  0082d9e0    000000c0                     : divu.obj (.text:__divu)
                  0082daa0    000000c0                     : fflush.obj (.text:_doflush)
                  0082db60    000000c0     ti.csl.intc.ae66 : csl_intcPlugEventHandler.oe66 (.text:csl_section:intc:CSL_intcPlugEventHandler)
                  0082dc20    000000c0     rts6600_elf.lib : exit.obj (.text:exit)
                  0082dce0    000000c0                     : tls.obj (.text:tls:init:__TI_tls_init)
                  0082dda0    000000a0                     : trgdrv.obj (.text:HOSTclose)
                  0082de40    000000a0                     : remu.obj (.text:__remu)
                  0082dee0    000000a0                     : fopen.obj (.text:_cleanup)
                  0082df80    000000a0                     : _printfi.obj (.text:_ecpy)
                  0082e020    000000a0                     : _printfi.obj (.text:_fcpy)
                  0082e0c0    000000a0                     : memory.obj (.text:_minit)
                  0082e160    000000a0                     : _printfi.obj (.text:_pconv_f)
                  0082e200    000000a0                     : lowlev.obj (.text:finddevice)
                  0082e2a0    000000a0                     : lowlev.obj (.text:lseek)
                  0082e340    000000a0                     : memcpy64.obj (.text:memcpy)
                  0082e3e0    000000a0                     : memory.obj (.text:minsert)
                  0082e480    000000a0                     : memory.obj (.text:mremove)
                  0082e520    000000a0                     : lowlev.obj (.text:write)
                  0082e5c0    00000080                     : llshift.obj (.text:__c6xabi_llshl)
                  0082e640    00000080                     : boot.obj (.text:_c_int00)
                  0082e6c0    00000080                     : trgmsg.obj (.text:readmsg)
                  0082e740    00000080                     : strncpy.obj (.text:strncpy)
                  0082e7c0    00000080     ti.platform.evm6678l.ae66 : evm66x_i2c.obj (.text)
                  0082e840    00000080     rts6600_elf.lib : lowlev.obj (.text:unlink)
                  0082e8c0    00000060     ti.csl.ae66 : csl_cpIntcGetBaseAddress.oe66 (.text:CSL_CPINTC_open)
                  0082e920    00000060     rts6600_elf.lib : cpp_init.obj (.text:__TI_cpp_init)
                  0082e980    00000060                     : frcmpyd_div.obj (.text:__c6xabi_frcmpyd_div)
                  0082e9e0    00000060                     : llshift.obj (.text:__c6xabi_llshru)
                  0082ea40    00000060                     : imath64.obj (.text:_subcull)
                  0082eaa0    00000060                     : memccpy.obj (.text:memccpy)
                  0082eb00    00000060                     : vsprintf.obj (.text:vsprintf)
                  0082eb60    00000060                     : trgmsg.obj (.text:writemsg)
                  0082ebc0    00000040                     : isinf.obj (.text:__c6xabi_isinf)
                  0082ec00    00000040                     : _printfi.obj (.text:__c6xabi_isnan)
                  0082ec40    00000040                     : args_main.obj (.text:_args_main)
                  0082ec80    00000040                     : vsprintf.obj (.text:_outs)
                  0082ecc0    00000040                     : strlen.obj (.text:strlen)
                  0082ed00    00000020                     : negll.obj (.text:__c6xabi_negll)
                  0082ed20    00000020                     : _lock.obj (.text:_nop)
                  0082ed40    00000020                     : printf.obj (.text:_outc)
                  0082ed60    00000020                     : vsprintf.obj (.text:_outc)
                  0082ed80    00000020                     : printf.obj (.text:_outs)
                  0082eda0    00000020                     : exit.obj (.text:abort)
                  0082edc0    00000020     ti.csl.intc.ae66 : csl_intcHookIsr.oe66 (.text:csl_section:intc:CSL_intcHookIsr)
                  0082ede0    00000020                      : _csl_intcNmiDummy.oe66 (.text:csl_section:intc)
                  0082ee00    00000020     rts6600_elf.lib : copy_decompress_none.obj (.text:decompress:none:__TI_decompress_none)
                  0082ee20    00000020                     : copy_decompress_rle.obj (.text:decompress:rle24:__TI_decompress_rle24)

.stack     0    0082ee40    00002000     UNINITIALIZED
                  0082ee40    00000008     rts6600_elf.lib : boot.obj (.stack)
                  0082ee48    00001ff8     --HOLE--

.sysmem    0    00830e40    00002000     UNINITIALIZED
                  00830e40    00000008     rts6600_elf.lib : memory.obj (.sysmem)
                  00830e48    00001ff8     --HOLE--

platform_lib 
*          0    00832e40    00001370     
                  00832e40    00001058     ti.platform.evm6678l.ae66 : platform.obj (platform_lib:uninit) [fill = 0]
                  00833e98    00000210                               : evm66x_nand.obj (platform_lib) [fill = 0]
                  008340a8    00000108                               : platform.obj (platform_lib:init)

.const     0    008341b0    000003e2     
                  008341b0    00000248     pcieboot_interrupt.obj (.const:.string)
                  008343f8    00000101     rts6600_elf.lib : ctype.obj (.const:.string:_ctypes_)
                  008344f9    00000003     --HOLE-- [fill = 0]
                  008344fc    00000058     ti.platform.evm6678l.ae66 : platform.obj (.const:.string)
                  00834554    00000023     rts6600_elf.lib : _printfi.obj (.const:.string)
                  00834577    00000001     --HOLE-- [fill = 0]
                  00834578    0000000a     ti.platform.evm6678l.ae66 : evm66x_nand.obj (.const:.string:$P$T0$1)
                  00834582    00000006     --HOLE-- [fill = 0]
                  00834588    0000000a                               : evm66x_nand.obj (.const:.string:$P$T1$2)

.far       0    00834598    00000328     UNINITIALIZED
                  00834598    00000198     pcieboot_interrupt.obj (.far)
                  00834730    00000140     rts6600_elf.lib : defs.obj (.far)
                  00834870    00000044     ti.platform.evm6678l.ae66 : evmc66x_i2c_eeprom.obj (.far)
                  008348b4    00000004     --HOLE--
                  008348b8    00000008     rts6600_elf.lib : trgdrv.obj (.far)

.fardata   0    008348c0    0000031c     
                  008348c0    000001e0     rts6600_elf.lib : defs.obj (.fardata:_ftable)
                  00834aa0    000000a0                     : lowlev.obj (.fardata:_stream)
                  00834b40    00000078                     : lowlev.obj (.fardata:_device)
                  00834bb8    0000000c                     : exit.obj (.fardata)
                  00834bc4    0000000c                     : memory.obj (.fardata)
                  00834bd0    00000008                     : _lock.obj (.fardata)
                  00834bd8    00000004                     : defs.obj (.fardata)

.neardata 
*          0    00834bdc    0000000c     
                  00834bdc    00000008     ti.platform.evm6678l.ae66 : platform.obj (.neardata)
                  00834be4    00000004     pcieboot_interrupt.obj (.neardata)

.csl_vect 
*          0    00834c00    00000200     
                  00834c00    00000200     ti.csl.intc.ae66 : _csl_intcIsrDispatch.oe66 (.csl_vect)

.cio       0    00834e00    00000120     UNINITIALIZED
                  00834e00    00000120     rts6600_elf.lib : trgmsg.obj (.cio)

.bss       0    00834f20    00000068     
                  00834f20    0000004c     ti.csl.intc.ae66 : _csl_intcResource.oe66 (.bss:csl_section:intc:uninit) [fill = 0]
                  00834f6c    00000010     pcieboot_interrupt.obj (.bss) [fill = 0]
                  00834f7c    00000008     ti.csl.intc.ae66 : _csl_intcResource.oe66 (.bss:csl_section:intc:init)
                  00834f84    00000004     ti.platform.evm6678l.ae66 : evmc66x_spi.obj (.bss) [fill = 0]

.switch    0    00834f88    0000005c     
                  00834f88    00000020     ti.platform.evm6678l.ae66 : platform.obj (.switch:platform_internal_memory_test)
                  00834fa8    0000001c     ti.csl.intc.ae66 : csl_intcHwControl.oe66 (.switch:CSL_intcHwControl)
                  00834fc4    00000010     ti.csl.ae66 : csl_cpIntcGetBaseAddress.oe66 (.switch:CSL_CPINTC_open)
                  00834fd4    00000010     ti.csl.intc.ae66 : csl_intcOpen.oe66 (.switch:CSL_intcOpen)

.cinit     0    00834fe4    00000164     
                  00834fe4    0000009f     (.cinit.platform_lib.load) [load image, compression = rle]
                  00835083    00000001     --HOLE-- [fill = 0]
                  00835084    00000070     (.cinit..fardata.load) [load image, compression = rle]
                  008350f4    0000000c     (__TI_handler_table)
                  00835100    00000009     (.cinit..bss.load) [load image, compression = rle]
                  00835109    00000003     --HOLE-- [fill = 0]
                  0083510c    00000009     (.cinit..neardata.load) [load image, compression = rle]
                  00835115    00000003     --HOLE-- [fill = 0]
                  00835118    00000008     (.cinit..far.load) [load image, compression = zero_init]
                  00835120    00000028     (__TI_cinit_table)


LINKER GENERATED COPY TABLES

__TI_cinit_table @ 00835120 records: 5, size/record: 8, table size: 40
	platform_lib: load addr=00834fe4, load size=0000009f bytes, run addr=00832e40, run size=00001370 bytes, compression=rle
	.fardata: load addr=00835084, load size=00000070 bytes, run addr=008348c0, run size=0000031c bytes, compression=rle
	.bss: load addr=00835100, load size=00000009 bytes, run addr=00834f20, run size=00000068 bytes, compression=rle
	.neardata: load addr=0083510c, load size=00000009 bytes, run addr=00834bdc, run size=0000000c bytes, compression=rle
	.far: load addr=00835118, load size=00000008 bytes, run addr=00834598, run size=00000328 bytes, compression=zero_init


LINKER GENERATED HANDLER TABLE

__TI_handler_table @ 008350f4 records: 3, size/record: 4, table size: 12
	index: 0, handler: __TI_decompress_rle24
	index: 1, handler: __TI_decompress_none
	index: 2, handler: __TI_zero_init


GLOBAL SYMBOLS: SORTED ALPHABETICALLY BY Name 

address    name
--------   ----
0082eda0   C$$EXIT
0082ebb8   C$$IO$$
0082e8c0   CSL_CPINTC_open
0082c698   CSL_intcGlobalDisable
0082c678   CSL_intcGlobalEnable
0082c70c   CSL_intcGlobalExcepClear
0082c6e4   CSL_intcGlobalExcepEnable
0082c6f8   CSL_intcGlobalExtExcepEnable
0082c6d0   CSL_intcGlobalNmiEnable
0082c6b8   CSL_intcGlobalRestore
0082edc0   CSL_intcHookIsr
008287c0   CSL_intcHwControl
0082c4a0   CSL_intcInit
0082c630   CSL_intcInterruptClear
0082c610   CSL_intcInterruptDisable
0082c5f0   CSL_intcInterruptEnable
0082c64c   CSL_intcInterruptRestore
0082c640   CSL_intcInterruptSet
0082a8c0   CSL_intcOpen
0082db60   CSL_intcPlugEventHandler
0082c664   CSL_intcQueryInterruptStatus
00821f80   Convert_CoreLocal2GlobalAddr
008231f4   CorePllcGetHwSetup
00822f98   CorePllcHwSetup
00823734   DDR3Init
00834630   EventHandler
00834728   EventRecord
0082dda0   HOSTclose
0082cbc0   HOSTlseek
0082cfc0   HOSTopen
0082d7a0   HOSTread
0082bd20   HOSTrename
0082d860   HOSTunlink
0082d920   HOSTwrite
00826f98   Init_SGMII
00824b58   NandGetDetails
0082424c   NandReadSpareArea
0082456c   NandWriteDataBytes
008247d0   NandWriteSpareArea
00827cc8   Osal_platformFree
00827cb0   Osal_platformMalloc
00827ce8   Osal_platformSpiCsEnter
00827cec   Osal_platformSpiCsExit
008234d4   PowerUpDomains
00823570   SetDDR3PllConfig
008232e0   SetPaPllConfig
00829240   UartInit
0082950c   UartIsDataReady
00829410   UartReadBaudRate
00829480   UartReadData
00829398   UartSetBaudRate
008294ac   UartWriteData
00834f7c   _CSL_intcAllocMask
00834f20   _CSL_intcCpuIntrTable
0082b980   _CSL_intcDispatcher
0082aae0   _CSL_intcEvent0Dispatcher
0082ad00   _CSL_intcEvent1Dispatcher
0082af20   _CSL_intcEvent2Dispatcher
0082b140   _CSL_intcEvent3Dispatcher
00834f68   _CSL_intcEventHandlerRecord
00834f80   _CSL_intcEventOffsetMap
0082c5e0   _CSL_intcIvpSet
0082ede0   _CSL_intcNmiDummy
00834f64   _CSL_intcNumEvents
00834c00   _CSL_intcVectorTable
00834e00   __CIOBUF_
00835120   __TI_CINIT_Base
00835148   __TI_CINIT_Limit
008350f4   __TI_Handler_Table_Base
00835100   __TI_Handler_Table_Limit
UNDEFED    __TI_INITARRAY_Base
UNDEFED    __TI_INITARRAY_Limit
00830e40   __TI_STACK_END
00002000   __TI_STACK_SIZE
00834bdc   __TI_STATIC_BASE
00002000   __TI_SYSMEM_SIZE
UNDEFED    __TI_TLS_INIT_Base
UNDEFED    __TI_TLS_INIT_Limit
00000001   __TI_args_main
0082e920   __TI_cpp_init
0082ee00   __TI_decompress_none
0082ee20   __TI_decompress_rle24
00834bc0   __TI_enable_exit_profile_output
ffffffff   __TI_pprof_out_hndl
ffffffff   __TI_prof_data_size
ffffffff   __TI_prof_data_start
0082dce0   __TI_tls_init
0082d420   __TI_zero_init
ffffffff   __binit__
00825a00   __c6xabi_divd
0082d0a0   __c6xabi_divi
0082d9e0   __c6xabi_divu
0082bec0   __c6xabi_divul
00829fe0   __c6xabi_divull
0082e980   __c6xabi_frcmpyd_div
0082ebc0   __c6xabi_isinf
0082e5c0   __c6xabi_llshl
0082e9e0   __c6xabi_llshru
0082ed00   __c6xabi_negll
0082de40   __c6xabi_remu
ffffffff   __c_args__
0082d0a0   __divi
0082d9e0   __divu
0082de40   __remu
0082ec40   _args_main
0082ccc0   _auto_init_elf
0082e640   _c_int00
0082dee0   _cleanup
00834bb8   _cleanup_ptr
0082c860   _closefile
008343f8   _ctypes_
0082daa0   _doflush
00834bbc   _dtors_ptr
00834bd8   _ft_end
008348c0   _ftable
00834bd0   _lock
0082e0c0   _minit
0082ed20   _nop
00827f00   _printfi
0082ee40   _stack
0082ea40   _subcull
00830e40   _sys_memory
00834730   _tmpnams
00834bd4   _unlock
0082cdc0   _wrt_ok
0082eda0   abort
0082d260   atoi
ffffffff   binit
0082d340   close
00826f20   configSerdes
0082cec0   copy_in
00834be4   counter
008341a8   emac_port_mode
0082e7c0   evmI2CInit
0082dc20   exit
00827638   fpgaControlUserLEDs
0082780c   fpgaDisableEepromWriteProtect
008276f8   fpgaDisableNandWriteProtect
00827784   fpgaDisableNorWriteProtect
00827850   fpgaEnableEepromWriteProtect
00827740   fpgaEnableNandWriteProtect
008277c8   fpgaEnableNorWriteProtect
008278e0   fpgaGetAMCDetect
00827894   fpgaGetUserSwitch
008279d0   fpgaReadConfigurationRegister
00827924   fpgaWriteConfigurationRegister
0082b360   fputc
00828b80   fputs
00829d60   free
0082caa0   fseek
00834134   gDeviceEeprom0
0083416c   gDeviceEeprom1
008340c4   gDeviceNand
00832e98   gDeviceNandBBlist
008340fc   gDeviceNor
00834870   gI2cBlock
008275a0   getBoardVersion
008275ec   getFpgaDevID
00834f70   hTest
00834f6c   hnd
008256a0   i2cEepromMacRead
00825408   i2cEepromMacWrite
00824f8c   i2cEepromRead
00825190   i2cEepromWrite
00824cc4   i2cEepromWriteBlock
008252b0   i2cEepromWriteByteAddr
00834598   intcContext
00834720   intcObj
0082e2a0   lseek
0082d500   ltoa
00827cf0   main
0082c1e0   malloc
0082eaa0   memccpy
0082e340   memcpy
0082d5e0   memset
008248f8   nandFlashBlockErase
00824c60   nandInit
00827474   nor_erase
00827100   nor_get_details
0082718c   nor_init
00827204   nor_read
00827294   nor_write
00821890   platform_blocknpage_to_offset
00820db0   platform_delay
00820e10   platform_delaycycles
00821318   platform_device_close
00821eb4   platform_device_erase_block
00821450   platform_device_mark_block_bad
00821194   platform_device_open
00821610   platform_device_read
008213b0   platform_device_read_spare_data
00821984   platform_device_write
00821570   platform_device_write_spare_data
00834bdc   platform_errno
00820e50   platform_external_memory_test
00820ad4   platform_get_coreid
00820ae8   platform_get_emac_info
0082058c   platform_get_info
00820b78   platform_get_macaddr
00820c0c   platform_get_phy_addr
00820c84   platform_get_switch_state
00820894   platform_init
00834be0   platform_init_return_code
00820ed0   platform_internal_memory_test
00820d68   platform_led
00821768   platform_offset_to_blocknpage
00820c20   platform_phy_link_status
00820d48   platform_uart_init
00820c90   platform_uart_read
00820d14   platform_uart_set_baudrate
00820cf8   platform_uart_write
00821080   platform_write
00821044   platform_write_configure
0082d6c0   printf
00822e34   prog_pll1_values
00824338   readNandPage
0082e6c0   readmsg
0082e840   remove
00820474   serial_num_isvalid
0082b780   setvbuf
008265b0   spi_claim
008268a4   spi_cmd
00826908   spi_cmd_read
00826968   spi_cmd_write
008269c8   spi_read_word
00826758   spi_release
00826a80   spi_write_word
00826770   spi_xfer
00827b90   start_boot
00834f74   state
0082ecc0   strlen
0082e740   strncpy
0082e840   unlink
00834f78   vectId
0082eb00   vsprintf
0082e520   write
008245d0   writeNandPage
00827b44   write_uart
0082eb60   writemsg
008236e0   xmc_setup


GLOBAL SYMBOLS: SORTED BY Symbol Address 

address    name
--------   ----
00000001   __TI_args_main
00002000   __TI_STACK_SIZE
00002000   __TI_SYSMEM_SIZE
00820474   serial_num_isvalid
0082058c   platform_get_info
00820894   platform_init
00820ad4   platform_get_coreid
00820ae8   platform_get_emac_info
00820b78   platform_get_macaddr
00820c0c   platform_get_phy_addr
00820c20   platform_phy_link_status
00820c84   platform_get_switch_state
00820c90   platform_uart_read
00820cf8   platform_uart_write
00820d14   platform_uart_set_baudrate
00820d48   platform_uart_init
00820d68   platform_led
00820db0   platform_delay
00820e10   platform_delaycycles
00820e50   platform_external_memory_test
00820ed0   platform_internal_memory_test
00821044   platform_write_configure
00821080   platform_write
00821194   platform_device_open
00821318   platform_device_close
008213b0   platform_device_read_spare_data
00821450   platform_device_mark_block_bad
00821570   platform_device_write_spare_data
00821610   platform_device_read
00821768   platform_offset_to_blocknpage
00821890   platform_blocknpage_to_offset
00821984   platform_device_write
00821eb4   platform_device_erase_block
00821f80   Convert_CoreLocal2GlobalAddr
00822e34   prog_pll1_values
00822f98   CorePllcHwSetup
008231f4   CorePllcGetHwSetup
008232e0   SetPaPllConfig
008234d4   PowerUpDomains
00823570   SetDDR3PllConfig
008236e0   xmc_setup
00823734   DDR3Init
0082424c   NandReadSpareArea
00824338   readNandPage
0082456c   NandWriteDataBytes
008245d0   writeNandPage
008247d0   NandWriteSpareArea
008248f8   nandFlashBlockErase
00824b58   NandGetDetails
00824c60   nandInit
00824cc4   i2cEepromWriteBlock
00824f8c   i2cEepromRead
00825190   i2cEepromWrite
008252b0   i2cEepromWriteByteAddr
00825408   i2cEepromMacWrite
008256a0   i2cEepromMacRead
00825a00   __c6xabi_divd
008265b0   spi_claim
00826758   spi_release
00826770   spi_xfer
008268a4   spi_cmd
00826908   spi_cmd_read
00826968   spi_cmd_write
008269c8   spi_read_word
00826a80   spi_write_word
00826f20   configSerdes
00826f98   Init_SGMII
00827100   nor_get_details
0082718c   nor_init
00827204   nor_read
00827294   nor_write
00827474   nor_erase
008275a0   getBoardVersion
008275ec   getFpgaDevID
00827638   fpgaControlUserLEDs
008276f8   fpgaDisableNandWriteProtect
00827740   fpgaEnableNandWriteProtect
00827784   fpgaDisableNorWriteProtect
008277c8   fpgaEnableNorWriteProtect
0082780c   fpgaDisableEepromWriteProtect
00827850   fpgaEnableEepromWriteProtect
00827894   fpgaGetUserSwitch
008278e0   fpgaGetAMCDetect
00827924   fpgaWriteConfigurationRegister
008279d0   fpgaReadConfigurationRegister
00827b44   write_uart
00827b90   start_boot
00827cb0   Osal_platformMalloc
00827cc8   Osal_platformFree
00827ce8   Osal_platformSpiCsEnter
00827cec   Osal_platformSpiCsExit
00827cf0   main
00827f00   _printfi
008287c0   CSL_intcHwControl
00828b80   fputs
00829240   UartInit
00829398   UartSetBaudRate
00829410   UartReadBaudRate
00829480   UartReadData
008294ac   UartWriteData
0082950c   UartIsDataReady
00829d60   free
00829fe0   __c6xabi_divull
0082a8c0   CSL_intcOpen
0082aae0   _CSL_intcEvent0Dispatcher
0082ad00   _CSL_intcEvent1Dispatcher
0082af20   _CSL_intcEvent2Dispatcher
0082b140   _CSL_intcEvent3Dispatcher
0082b360   fputc
0082b780   setvbuf
0082b980   _CSL_intcDispatcher
0082bd20   HOSTrename
0082bec0   __c6xabi_divul
0082c1e0   malloc
0082c4a0   CSL_intcInit
0082c5e0   _CSL_intcIvpSet
0082c5f0   CSL_intcInterruptEnable
0082c610   CSL_intcInterruptDisable
0082c630   CSL_intcInterruptClear
0082c640   CSL_intcInterruptSet
0082c64c   CSL_intcInterruptRestore
0082c664   CSL_intcQueryInterruptStatus
0082c678   CSL_intcGlobalEnable
0082c698   CSL_intcGlobalDisable
0082c6b8   CSL_intcGlobalRestore
0082c6d0   CSL_intcGlobalNmiEnable
0082c6e4   CSL_intcGlobalExcepEnable
0082c6f8   CSL_intcGlobalExtExcepEnable
0082c70c   CSL_intcGlobalExcepClear
0082c860   _closefile
0082caa0   fseek
0082cbc0   HOSTlseek
0082ccc0   _auto_init_elf
0082cdc0   _wrt_ok
0082cec0   copy_in
0082cfc0   HOSTopen
0082d0a0   __c6xabi_divi
0082d0a0   __divi
0082d260   atoi
0082d340   close
0082d420   __TI_zero_init
0082d500   ltoa
0082d5e0   memset
0082d6c0   printf
0082d7a0   HOSTread
0082d860   HOSTunlink
0082d920   HOSTwrite
0082d9e0   __c6xabi_divu
0082d9e0   __divu
0082daa0   _doflush
0082db60   CSL_intcPlugEventHandler
0082dc20   exit
0082dce0   __TI_tls_init
0082dda0   HOSTclose
0082de40   __c6xabi_remu
0082de40   __remu
0082dee0   _cleanup
0082e0c0   _minit
0082e2a0   lseek
0082e340   memcpy
0082e520   write
0082e5c0   __c6xabi_llshl
0082e640   _c_int00
0082e6c0   readmsg
0082e740   strncpy
0082e7c0   evmI2CInit
0082e840   remove
0082e840   unlink
0082e8c0   CSL_CPINTC_open
0082e920   __TI_cpp_init
0082e980   __c6xabi_frcmpyd_div
0082e9e0   __c6xabi_llshru
0082ea40   _subcull
0082eaa0   memccpy
0082eb00   vsprintf
0082eb60   writemsg
0082ebb8   C$$IO$$
0082ebc0   __c6xabi_isinf
0082ec40   _args_main
0082ecc0   strlen
0082ed00   __c6xabi_negll
0082ed20   _nop
0082eda0   C$$EXIT
0082eda0   abort
0082edc0   CSL_intcHookIsr
0082ede0   _CSL_intcNmiDummy
0082ee00   __TI_decompress_none
0082ee20   __TI_decompress_rle24
0082ee40   _stack
00830e40   __TI_STACK_END
00830e40   _sys_memory
00832e98   gDeviceNandBBlist
008340c4   gDeviceNand
008340fc   gDeviceNor
00834134   gDeviceEeprom0
0083416c   gDeviceEeprom1
008341a8   emac_port_mode
008343f8   _ctypes_
00834598   intcContext
00834630   EventHandler
00834720   intcObj
00834728   EventRecord
00834730   _tmpnams
00834870   gI2cBlock
008348c0   _ftable
00834bb8   _cleanup_ptr
00834bbc   _dtors_ptr
00834bc0   __TI_enable_exit_profile_output
00834bd0   _lock
00834bd4   _unlock
00834bd8   _ft_end
00834bdc   __TI_STATIC_BASE
00834bdc   platform_errno
00834be0   platform_init_return_code
00834be4   counter
00834c00   _CSL_intcVectorTable
00834e00   __CIOBUF_
00834f20   _CSL_intcCpuIntrTable
00834f64   _CSL_intcNumEvents
00834f68   _CSL_intcEventHandlerRecord
00834f6c   hnd
00834f70   hTest
00834f74   state
00834f78   vectId
00834f7c   _CSL_intcAllocMask
00834f80   _CSL_intcEventOffsetMap
008350f4   __TI_Handler_Table_Base
00835100   __TI_Handler_Table_Limit
00835120   __TI_CINIT_Base
00835148   __TI_CINIT_Limit
ffffffff   __TI_pprof_out_hndl
ffffffff   __TI_prof_data_size
ffffffff   __TI_prof_data_start
ffffffff   __binit__
ffffffff   __c_args__
ffffffff   binit
UNDEFED    __TI_INITARRAY_Base
UNDEFED    __TI_INITARRAY_Limit
UNDEFED    __TI_TLS_INIT_Base
UNDEFED    __TI_TLS_INIT_Limit

[240 symbols]
